Component: ARM Compiler 5.06 update 7 (build 960) Tool: armlink [4d3601]

==============================================================================

Section Cross References

    main.o(i.Fn_GPIO_Init) refers to stm32f10x_rcc.o(i.RCC_APB2PeriphClockCmd) for RCC_APB2PeriphClockCmd
    main.o(i.Fn_GPIO_Init) refers to stm32f10x_gpio.o(i.GPIO_Init) for GPIO_Init
    main.o(i.Fn_GPIO_Init) refers to stm32f10x_usart.o(i.USART_Init) for USART_Init
    main.o(i.Fn_GPIO_Init) refers to stm32f10x_usart.o(i.USART_Cmd) for USART_Cmd
    main.o(i.TaskA) refers to _printf_percent.o(.ARM.Collect$$_printf_percent$$00000000) for _printf_percent
    main.o(i.TaskA) refers to _printf_d.o(.ARM.Collect$$_printf_percent$$00000009) for _printf_d
    main.o(i.TaskA) refers to _printf_dec.o(.text) for _printf_int_dec
    main.o(i.TaskA) refers to event_groups.o(i.xEventGroupWaitBits) for xEventGroupWaitBits
    main.o(i.TaskA) refers to dht11.o(i.DHT11_Read_Data) for DHT11_Read_Data
    main.o(i.TaskA) refers to main.o(i.usart_SendStr) for usart_SendStr
    main.o(i.TaskA) refers to i2c_lcd.o(i.I2C_LCD_Clear) for I2C_LCD_Clear
    main.o(i.TaskA) refers to i2c_lcd.o(i.I2C_LCD_Puts) for I2C_LCD_Puts
    main.o(i.TaskA) refers to i2c_lcd.o(i.I2C_LCD_NewLine) for I2C_LCD_NewLine
    main.o(i.TaskA) refers to noretval__2sprintf.o(.text) for __2sprintf
    main.o(i.TaskA) refers to delay.o(i.delay_ms) for delay_ms
    main.o(i.TaskA) refers to main.o(.data) for eventhdl
    main.o(i.TaskA) refers to main.o(.bss) for buffer
    main.o(i.TaskB) refers to _printf_percent.o(.ARM.Collect$$_printf_percent$$00000000) for _printf_percent
    main.o(i.TaskB) refers to _printf_d.o(.ARM.Collect$$_printf_percent$$00000009) for _printf_d
    main.o(i.TaskB) refers to _printf_dec.o(.text) for _printf_int_dec
    main.o(i.TaskB) refers to event_groups.o(i.xEventGroupWaitBits) for xEventGroupWaitBits
    main.o(i.TaskB) refers to dht11.o(i.DHT11_Read_Data) for DHT11_Read_Data
    main.o(i.TaskB) refers to main.o(i.usart_SendStr) for usart_SendStr
    main.o(i.TaskB) refers to i2c_lcd.o(i.I2C_LCD_Clear) for I2C_LCD_Clear
    main.o(i.TaskB) refers to i2c_lcd.o(i.I2C_LCD_Puts) for I2C_LCD_Puts
    main.o(i.TaskB) refers to i2c_lcd.o(i.I2C_LCD_NewLine) for I2C_LCD_NewLine
    main.o(i.TaskB) refers to noretval__2sprintf.o(.text) for __2sprintf
    main.o(i.TaskB) refers to delay.o(i.delay_ms) for delay_ms
    main.o(i.TaskB) refers to main.o(.data) for eventhdl
    main.o(i.TaskB) refers to main.o(.bss) for buffer
    main.o(i.TaskC) refers to _printf_percent.o(.ARM.Collect$$_printf_percent$$00000000) for _printf_percent
    main.o(i.TaskC) refers to _printf_d.o(.ARM.Collect$$_printf_percent$$00000009) for _printf_d
    main.o(i.TaskC) refers to _printf_dec.o(.text) for _printf_int_dec
    main.o(i.TaskC) refers to event_groups.o(i.xEventGroupWaitBits) for xEventGroupWaitBits
    main.o(i.TaskC) refers to dht11.o(i.DHT11_Read_Data) for DHT11_Read_Data
    main.o(i.TaskC) refers to main.o(i.usart_SendStr) for usart_SendStr
    main.o(i.TaskC) refers to i2c_lcd.o(i.I2C_LCD_Clear) for I2C_LCD_Clear
    main.o(i.TaskC) refers to noretval__2sprintf.o(.text) for __2sprintf
    main.o(i.TaskC) refers to i2c_lcd.o(i.I2C_LCD_Puts) for I2C_LCD_Puts
    main.o(i.TaskC) refers to delay.o(i.delay_ms) for delay_ms
    main.o(i.TaskC) refers to main.o(.data) for eventhdl
    main.o(i.TaskC) refers to main.o(.bss) for buffer
    main.o(i.TaskMain) refers to event_groups.o(i.xEventGroupCreate) for xEventGroupCreate
    main.o(i.TaskMain) refers to stm32f10x_gpio.o(i.GPIO_ReadInputDataBit) for GPIO_ReadInputDataBit
    main.o(i.TaskMain) refers to event_groups.o(i.xEventGroupSetBits) for xEventGroupSetBits
    main.o(i.TaskMain) refers to tasks.o(i.vTaskDelay) for vTaskDelay
    main.o(i.TaskMain) refers to main.o(.data) for eventhdl
    main.o(i.main) refers to system_stm32f10x.o(i.SystemInit) for SystemInit
    main.o(i.main) refers to system_stm32f10x.o(i.SystemCoreClockUpdate) for SystemCoreClockUpdate
    main.o(i.main) refers to main.o(i.Fn_GPIO_Init) for Fn_GPIO_Init
    main.o(i.main) refers to dht11.o(i.DHT11_Init) for DHT11_Init
    main.o(i.main) refers to i2c_lcd.o(i.I2C_LCD_Init) for I2C_LCD_Init
    main.o(i.main) refers to tasks.o(i.xTaskCreate) for xTaskCreate
    main.o(i.main) refers to tasks.o(i.vTaskStartScheduler) for vTaskStartScheduler
    main.o(i.main) refers to main.o(i.TaskMain) for TaskMain
    main.o(i.main) refers to main.o(i.TaskA) for TaskA
    main.o(i.main) refers to main.o(i.TaskB) for TaskB
    main.o(i.main) refers to main.o(i.TaskC) for TaskC
    main.o(i.usart_SendChar) refers to stm32f10x_usart.o(i.USART_SendData) for USART_SendData
    main.o(i.usart_SendChar) refers to stm32f10x_usart.o(i.USART_GetFlagStatus) for USART_GetFlagStatus
    main.o(i.usart_SendStr) refers to main.o(i.usart_SendChar) for usart_SendChar
    sys.o(i.GPIO_Set) refers to stm32f10x_rcc.o(i.RCC_APB2PeriphClockCmd) for RCC_APB2PeriphClockCmd
[...]
    .ARM.Collect$$libinit$$00000030          0x0800016c   Section        0  libinit2.o(.ARM.Collect$$libinit$$00000030)
    .ARM.Collect$$libinit$$00000032          0x0800016c   Section        0  libinit2.o(.ARM.Collect$$libinit$$00000032)
    .ARM.Collect$$libinit$$00000033          0x0800016c   Section        2  libinit2.o(.ARM.Collect$$libinit$$00000033)
    .ARM.Collect$$libshutdown$$00000000      0x0800016e   Section        2  libshutdown.o(.ARM.Collect$$libshutdown$$00000000)
    .ARM.Collect$$libshutdown$$00000002      0x08000170   Section        0  libshutdown2.o(.ARM.Collect$$libshutdown$$00000002)
    .ARM.Collect$$libshutdown$$00000004      0x08000170   Section        0  libshutdown2.o(.ARM.Collect$$libshutdown$$00000004)
    .ARM.Collect$$libshutdown$$00000006      0x08000170   Section        0  libshutdown2.o(.ARM.Collect$$libshutdown$$00000006)
    .ARM.Collect$$libshutdown$$00000009      0x08000170   Section        0  libshutdown2.o(.ARM.Collect$$libshutdown$$00000009)
    .ARM.Collect$$libshutdown$$0000000C      0x08000170   Section        0  libshutdown2.o(.ARM.Collect$$libshutdown$$0000000C)
    .ARM.Collect$$libshutdown$$0000000E      0x08000170   Section        0  libshutdown2.o(.ARM.Collect$$libshutdown$$0000000E)
    .ARM.Collect$$libshutdown$$00000011      0x08000170   Section        0  libshutdown2.o(.ARM.Collect$$libshutdown$$00000011)
    .ARM.Collect$$libshutdown$$00000012      0x08000170   Section        2  libshutdown2.o(.ARM.Collect$$libshutdown$$00000012)
    .ARM.Collect$$rtentry$$00000000          0x08000172   Section        0  __rtentry.o(.ARM.Collect$$rtentry$$00000000)
    .ARM.Collect$$rtentry$$00000002          0x08000172   Section        0  __rtentry2.o(.ARM.Collect$$rtentry$$00000002)
    .ARM.Collect$$rtentry$$00000004          0x08000172   Section        6  __rtentry4.o(.ARM.Collect$$rtentry$$00000004)
    .ARM.Collect$$rtentry$$00000008          0x08000178   Section        8  __rtentry2.o(.ARM.Collect$$rtentry$$00000008)
    .ARM.Collect$$rtentry$$0000000A          0x08000180   Section        4  __rtentry2.o(.ARM.Collect$$rtentry$$0000000A)
    .ARM.Collect$$rtentry$$0000000C          0x08000184   Section        0  __rtentry2.o(.ARM.Collect$$rtentry$$0000000C)
    .ARM.Collect$$rtentry$$0000000D          0x08000184   Section        8  __rtentry2.o(.ARM.Collect$$rtentry$$0000000D)
    .ARM.Collect$$rtexit$$00000000           0x0800018c   Section        2  rtexit.o(.ARM.Collect$$rtexit$$00000000)
    .ARM.Collect$$rtexit$$00000002           0x0800018e   Section        0  rtexit2.o(.ARM.Collect$$rtexit$$00000002)
    .ARM.Collect$$rtexit$$00000003           0x0800018e   Section        4  rtexit2.o(.ARM.Collect$$rtexit$$00000003)
    .ARM.Collect$$rtexit$$00000004           0x08000192   Section        6  rtexit2.o(.ARM.Collect$$rtexit$$00000004)
    .emb_text                                0x08000198   Section      150  port.o(.emb_text)
    .text                                    0x08000230   Section       64  startup_stm32f10x_md.o(.text)
    .text                                    0x08000270   Section        0  noretval__2sprintf.o(.text)
    .text                                    0x08000298   Section        0  __printf.o(.text)
    .text                                    0x08000300   Section        0  _printf_dec.o(.text)
    .text                                    0x08000378   Section      138  rt_memcpy_v6.o(.text)
    .text                                    0x08000402   Section       16  aeabi_memset.o(.text)
    .text                                    0x08000412   Section        0  heapauxi.o(.text)
    .text                                    0x08000418   Section        0  _printf_intcommon.o(.text)
    .text                                    0x080004cc   Section        0  _printf_char_common.o(.text)
    _printf_input_char                       0x080004cd   Thumb Code    10  _printf_char_common.o(.text)
    .text                                    0x080004fc   Section        0  _sputc.o(.text)
    .text                                    0x08000506   Section      100  rt_memcpy_w.o(.text)
    .text                                    0x0800056a   Section       68  rt_memclr.o(.text)
    .text                                    0x080005ae   Section       78  rt_memclr_w.o(.text)
    .text                                    0x080005fc   Section       74  sys_stackheap_outer.o(.text)
    .text                                    0x08000646   Section        0  exit.o(.text)
    .text                                    0x08000658   Section        8  libspace.o(.text)
    .text                                    0x08000660   Section        0  sys_exit.o(.text)
    .text                                    0x0800066c   Section        2  use_no_semi.o(.text)
    .text                                    0x0800066e   Section        0  indicate_semi.o(.text)
    i.DHT11_Check                            0x08000670   Section        0  dht11.o(i.DHT11_Check)
    i.DHT11_Init                             0x080006d4   Section        0  dht11.o(i.DHT11_Init)
    i.DHT11_Read_Bit                         0x08000710   Section        0  dht11.o(i.DHT11_Read_Bit)
    i.DHT11_Read_Byte                        0x0800075c   Section        0  dht11.o(i.DHT11_Read_Byte)
    i.DHT11_Read_Data                        0x0800077c   Section        0  dht11.o(i.DHT11_Read_Data)
    i.DHT11_Rst                              0x080007d8   Section        0  dht11.o(i.DHT11_Rst)
    i.Fn_GPIO_Init                           0x08000818   Section        0  main.o(i.Fn_GPIO_Init)
    i.GPIO_Init                              0x080008c4   Section        0  stm32f10x_gpio.o(i.GPIO_Init)
    i.GPIO_ReadInputDataBit                  0x080009da   Section        0  stm32f10x_gpio.o(i.GPIO_ReadInputDataBit)
    i.GPIO_ResetBits                         0x080009ec   Section        0  stm32f10x_gpio.o(i.GPIO_ResetBits)
    i.GPIO_SetBits                           0x080009f0   Section        0  stm32f10x_gpio.o(i.GPIO_SetBits)
    i.I2C_LCD_Clear                          0x080009f4   Section        0  i2c_lcd.o(i.I2C_LCD_Clear)
    i.I2C_LCD_FlushVal                       0x08000a00   Section        0  i2c_lcd.o(i.I2C_LCD_FlushVal)
    I2C_LCD_FlushVal                         0x08000a01   Thumb Code    52  i2c_lcd.o(i.I2C_LCD_FlushVal)
    i.I2C_LCD_Init                           0x08000a3c   Section        0  i2c_lcd.o(i.I2C_LCD_Init)
    i.I2C_LCD_NewLine                        0x08000ac0   Section        0  i2c_lcd.o(i.I2C_LCD_NewLine)
    i.I2C_LCD_Puts                           0x08000aca   Section        0  i2c_lcd.o(i.I2C_LCD_Puts)
    i.I2C_LCD_WriteCmd                       0x08000ae8   Section        0  i2c_lcd.o(i.I2C_LCD_WriteCmd)
    I2C_LCD_WriteCmd                         0x08000ae9   Thumb Code    42  i2c_lcd.o(i.I2C_LCD_WriteCmd)
    i.I2C_LCD_Write_4bit                     0x08000b18   Section        0  i2c_lcd.o(i.I2C_LCD_Write_4bit)
    I2C_LCD_Write_4bit                       0x08000b19   Thumb Code   106  i2c_lcd.o(i.I2C_LCD_Write_4bit)
    i.I2C_Read                               0x08000b88   Section        0  i2c.o(i.I2C_Read)
    i.I2C_Write                              0x08000bce   Section        0  i2c.o(i.I2C_Write)
    i.LCD_WaitBusy                           0x08000c14   Section        0  i2c_lcd.o(i.LCD_WaitBusy)
    i.LCD_Write_Chr                          0x08000c80   Section        0  i2c_lcd.o(i.LCD_Write_Chr)
    i.My_I2C_Init                            0x08000cb0   Section        0  i2c.o(i.My_I2C_Init)
    i.RCC_APB2PeriphClockCmd                 0x08000cb8   Section        0  stm32f10x_rcc.o(i.RCC_APB2PeriphClockCmd)
    i.RCC_GetClocksFreq                      0x08000cd8   Section        0  stm32f10x_rcc.o(i.RCC_GetClocksFreq)
    i.SetSysClock                            0x08000dac   Section        0  system_stm32f10x.o(i.SetSysClock)
    SetSysClock                              0x08000dad   Thumb Code     8  system_stm32f10x.o(i.SetSysClock)
    i.SetSysClockTo72                        0x08000db4   Section        0  system_stm32f10x.o(i.SetSysClockTo72)
    SetSysClockTo72                          0x08000db5   Thumb Code   214  system_stm32f10x.o(i.SetSysClockTo72)
    i.SysTick_Handler                        0x08000e94   Section        0  cmsis_os2.o(i.SysTick_Handler)
    i.SystemCoreClockUpdate                  0x08000eac   Section        0  system_stm32f10x.o(i.SystemCoreClockUpdate)
    i.SystemInit                             0x08000f50   Section        0  system_stm32f10x.o(i.SystemInit)
    i.TaskA                                  0x08000fb0   Section        0  main.o(i.TaskA)
    i.TaskB                                  0x08001060   Section        0  main.o(i.TaskB)
    i.TaskC                                  0x080010f8   Section        0  main.o(i.TaskC)
    i.TaskMain                               0x08001190   Section        0  main.o(i.TaskMain)
    i.USART1_IRQHandler                      0x08001228   Section        0  usart.o(i.USART1_IRQHandler)
    i.USART2_IRQHandler                      0x08001250   Section        0  usart.o(i.USART2_IRQHandler)
    i.USART3_IRQHandler                      0x08001278   Section        0  usart.o(i.USART3_IRQHandler)
    i.USART_Cmd                              0x080012a0   Section        0  stm32f10x_usart.o(i.USART_Cmd)
    i.USART_GetFlagStatus                    0x080012b8   Section        0  stm32f10x_usart.o(i.USART_GetFlagStatus)
    i.USART_GetITStatus                      0x080012d2   Section        0  stm32f10x_usart.o(i.USART_GetITStatus)
    i.USART_INT_InsertToBuffer               0x08001326   Section        0  usart.o(i.USART_INT_InsertToBuffer)
    i.USART_Init                             0x08001354   Section        0  stm32f10x_usart.o(i.USART_Init)
    i.USART_SendData                         0x0800142c   Section        0  stm32f10x_usart.o(i.USART_SendData)
    i._mutex_acquire                         0x08001434   Section        0  clib_arm.o(i._mutex_acquire)
    __tagsym$$used                           0x08001435   Number         0  clib_arm.o(i._mutex_acquire)
    i._mutex_free                            0x0800144c   Section        0  clib_arm.o(i._mutex_free)
    __tagsym$$used                           0x0800144d   Number         0  clib_arm.o(i._mutex_free)
    i._mutex_initialize                      0x08001480   Section        0  clib_arm.o(i._mutex_initialize)
    __tagsym$$used                           0x08001481   Number         0  clib_arm.o(i._mutex_initialize)
    i._mutex_release                         0x080014e0   Section        0  clib_arm.o(i._mutex_release)
    __tagsym$$used                           0x080014e1   Number         0  clib_arm.o(i._mutex_release)
    i._platform_post_stackheap_init          0x080014f8   Section        0  clib_arm.o(i._platform_post_stackheap_init)
    i.delay_ms                               0x080014fa   Section        0  delay.o(i.delay_ms)
    i.delay_us                               0x08001528   Section        0  delay.o(i.delay_us)
    i.i2c_init                               0x08001558   Section        0  i2c.o(i.i2c_init)
    i.i2c_read                               0x08001590   Section        0  i2c.o(i.i2c_read)
    i.i2c_start                              0x08001620   Section        0  i2c.o(i.i2c_start)
    i.i2c_stop                               0x08001660   Section        0  i2c.o(i.i2c_stop)
    i.i2c_write                              0x08001694   Section        0  i2c.o(i.i2c_write)
    i.main                                   0x0800172c   Section        0  main.o(i.main)
    i.os_kernel_is_active                    0x080017d0   Section        0  clib_arm.o(i.os_kernel_is_active)
    os_kernel_is_active                      0x080017d1   Thumb Code    18  clib_arm.o(i.os_kernel_is_active)
    i.prvAddCurrentTaskToDelayedList         0x080017e4   Section        0  tasks.o(i.prvAddCurrentTaskToDelayedList)
    prvAddCurrentTaskToDelayedList           0x080017e5   Thumb Code   140  tasks.o(i.prvAddCurrentTaskToDelayedList)
    i.prvAddNewTaskToReadyList               0x08001888   Section        0  tasks.o(i.prvAddNewTaskToReadyList)
    prvAddNewTaskToReadyList                 0x08001889   Thumb Code   204  tasks.o(i.prvAddNewTaskToReadyList)
    i.prvCheckForValidListAndQueue           0x08001970   Section        0  timers.o(i.prvCheckForValidListAndQueue)
    prvCheckForValidListAndQueue             0x08001971   Thumb Code    62  timers.o(i.prvCheckForValidListAndQueue)
    i.prvCheckTasksWaitingTermination        0x080019cc   Section        0  tasks.o(i.prvCheckTasksWaitingTermination)
    prvCheckTasksWaitingTermination          0x080019cd   Thumb Code    60  tasks.o(i.prvCheckTasksWaitingTermination)
    i.prvCopyDataFromQueue                   0x08001a14   Section        0  queue.o(i.prvCopyDataFromQueue)
    prvCopyDataFromQueue                     0x08001a15   Thumb Code    42  queue.o(i.prvCopyDataFromQueue)
    i.prvCopyDataToQueue                     0x08001a3e   Section        0  queue.o(i.prvCopyDataToQueue)
    prvCopyDataToQueue                       0x08001a3f   Thumb Code   126  queue.o(i.prvCopyDataToQueue)
    i.prvDeleteTCB                           0x08001abc   Section        0  tasks.o(i.prvDeleteTCB)
    prvDeleteTCB                             0x08001abd   Thumb Code    40  tasks.o(i.prvDeleteTCB)
    i.prvGetDisinheritPriorityAfterTimeout   0x08001ae4   Section        0  queue.o(i.prvGetDisinheritPriorityAfterTimeout)
    prvGetDisinheritPriorityAfterTimeout     0x08001ae5   Thumb Code    20  queue.o(i.prvGetDisinheritPriorityAfterTimeout)
    i.prvGetNextExpireTime                   0x08001af8   Section        0  timers.o(i.prvGetNextExpireTime)
    prvGetNextExpireTime                     0x08001af9   Thumb Code    36  timers.o(i.prvGetNextExpireTime)
    i.prvHeapInit                            0x08001b20   Section        0  heap_4.o(i.prvHeapInit)
    prvHeapInit                              0x08001b21   Thumb Code    98  heap_4.o(i.prvHeapInit)
    i.prvIdleTask                            0x08001b9c   Section        0  tasks.o(i.prvIdleTask)
    prvIdleTask                              0x08001b9d   Thumb Code    32  tasks.o(i.prvIdleTask)
    i.prvInitialiseMutex                     0x08001bc4   Section        0  queue.o(i.prvInitialiseMutex)
    prvInitialiseMutex                       0x08001bc5   Thumb Code    30  queue.o(i.prvInitialiseMutex)
    i.prvInitialiseNewQueue                  0x08001be2   Section        0  queue.o(i.prvInitialiseNewQueue)
    prvInitialiseNewQueue                    0x08001be3   Thumb Code    42  queue.o(i.prvInitialiseNewQueue)
    i.prvInitialiseNewTask                   0x08001c0c   Section        0  tasks.o(i.prvInitialiseNewTask)
    prvInitialiseNewTask                     0x08001c0d   Thumb Code   154  tasks.o(i.prvInitialiseNewTask)
    i.prvInitialiseTaskLists                 0x08001ca8   Section        0  tasks.o(i.prvInitialiseTaskLists)
    prvInitialiseTaskLists                   0x08001ca9   Thumb Code    70  tasks.o(i.prvInitialiseTaskLists)
    i.prvInsertBlockIntoFreeList             0x08001d10   Section        0  heap_4.o(i.prvInsertBlockIntoFreeList)
    prvInsertBlockIntoFreeList               0x08001d11   Thumb Code    96  heap_4.o(i.prvInsertBlockIntoFreeList)
    i.prvInsertTimerInActiveList             0x08001d78   Section        0  timers.o(i.prvInsertTimerInActiveList)
    prvInsertTimerInActiveList               0x08001d79   Thumb Code    80  timers.o(i.prvInsertTimerInActiveList)
    i.prvIsQueueEmpty                        0x08001dd0   Section        0  queue.o(i.prvIsQueueEmpty)
    prvIsQueueEmpty                          0x08001dd1   Thumb Code    26  queue.o(i.prvIsQueueEmpty)
    i.prvIsQueueFull                         0x08001dea   Section        0  queue.o(i.prvIsQueueFull)
    prvIsQueueFull                           0x08001deb   Thumb Code    30  queue.o(i.prvIsQueueFull)
    i.prvProcessExpiredTimer                 0x08001e08   Section        0  timers.o(i.prvProcessExpiredTimer)
    prvProcessExpiredTimer                   0x08001e09   Thumb Code    62  timers.o(i.prvProcessExpiredTimer)
    i.prvProcessReceivedCommands             0x08001e4c   Section        0  timers.o(i.prvProcessReceivedCommands)
    prvProcessReceivedCommands               0x08001e4d   Thumb Code   268  timers.o(i.prvProcessReceivedCommands)
    i.prvProcessTimerOrBlockTask             0x08001f5c   Section        0  timers.o(i.prvProcessTimerOrBlockTask)
    prvProcessTimerOrBlockTask               0x08001f5d   Thumb Code   102  timers.o(i.prvProcessTimerOrBlockTask)
    i.prvReloadTimer                         0x08001fd0   Section        0  timers.o(i.prvReloadTimer)
    prvReloadTimer                           0x08001fd1   Thumb Code    40  timers.o(i.prvReloadTimer)
    i.prvResetNextTaskUnblockTime            0x08001ff8   Section        0  tasks.o(i.prvResetNextTaskUnblockTime)
    prvResetNextTaskUnblockTime              0x08001ff9   Thumb Code    40  tasks.o(i.prvResetNextTaskUnblockTime)
    i.prvSampleTimeNow                       0x08002028   Section        0  timers.o(i.prvSampleTimeNow)
    prvSampleTimeNow                         0x08002029   Thumb Code    40  timers.o(i.prvSampleTimeNow)
    i.prvSwitchTimerLists                    0x08002054   Section        0  timers.o(i.prvSwitchTimerLists)
    prvSwitchTimerLists                      0x08002055   Thumb Code    58  timers.o(i.prvSwitchTimerLists)
    i.prvTaskExitError                       0x08002098   Section        0  port.o(i.prvTaskExitError)
    prvTaskExitError                         0x08002099   Thumb Code    22  port.o(i.prvTaskExitError)
    i.prvTestWaitCondition                   0x080020ae   Section        0  event_groups.o(i.prvTestWaitCondition)
    prvTestWaitCondition                     0x080020af   Thumb Code    30  event_groups.o(i.prvTestWaitCondition)
    i.prvTimerTask                           0x080020cc   Section        0  timers.o(i.prvTimerTask)
    prvTimerTask                             0x080020cd   Thumb Code    26  timers.o(i.prvTimerTask)
    i.prvUnlockQueue                         0x080020e6   Section        0  queue.o(i.prvUnlockQueue)
    prvUnlockQueue                           0x080020e7   Thumb Code   126  queue.o(i.prvUnlockQueue)
    i.pvPortMalloc                           0x08002164   Section        0  heap_4.o(i.pvPortMalloc)
    i.pvTaskIncrementMutexHeldCount          0x08002260   Section        0  tasks.o(i.pvTaskIncrementMutexHeldCount)
    i.pxPortInitialiseStack                  0x08002280   Section        0  port.o(i.pxPortInitialiseStack)
    i.usart_SendChar                         0x080022a4   Section        0  main.o(i.usart_SendChar)
    i.usart_SendStr                          0x080022c4   Section        0  main.o(i.usart_SendStr)
    i.uxListRemove                           0x080022da   Section        0  list.o(i.uxListRemove)
    i.uxTaskResetEventItemValue              0x08002304   Section        0  tasks.o(i.uxTaskResetEventItemValue)
    i.vApplicationGetIdleTaskMemory          0x08002320   Section        0  cmsis_os2.o(i.vApplicationGetIdleTaskMemory)
    i.vApplicationGetTimerTaskMemory         0x08002338   Section        0  cmsis_os2.o(i.vApplicationGetTimerTaskMemory)
    i.vApplicationStackOverflowHook          0x08002350   Section        0  cmsis_os2.o(i.vApplicationStackOverflowHook)
    i.vListInitialise                        0x08002352   Section        0  list.o(i.vListInitialise)
    i.vListInitialiseItem                    0x0800236c   Section        0  list.o(i.vListInitialiseItem)
    i.vListInsert                            0x08002372   Section        0  list.o(i.vListInsert)
    i.vPortEnterCritical                     0x080023a8   Section        0  port.o(i.vPortEnterCritical)
    i.vPortExitCritical                      0x080023cc   Section        0  port.o(i.vPortExitCritical)
    i.vPortFree                              0x080023ec   Section        0  heap_4.o(i.vPortFree)
    i.vPortSetupTimerInterrupt               0x08002444   Section        0  port.o(i.vPortSetupTimerInterrupt)
    i.vQueueDelete                           0x0800246c   Section        0  queue.o(i.vQueueDelete)
    i.vQueueWaitForMessageRestricted         0x08002480   Section        0  queue.o(i.vQueueWaitForMessageRestricted)
    i.vTaskDelay                             0x080024cc   Section        0  tasks.o(i.vTaskDelay)
    i.vTaskInternalSetTimeOutState           0x08002500   Section        0  tasks.o(i.vTaskInternalSetTimeOutState)
    i.vTaskMissedYield                       0x08002518   Section        0  tasks.o(i.vTaskMissedYield)
    i.vTaskPlaceOnEventList                  0x08002524   Section        0  tasks.o(i.vTaskPlaceOnEventList)
    i.vTaskPlaceOnEventListRestricted        0x08002544   Section        0  tasks.o(i.vTaskPlaceOnEventListRestricted)
    i.vTaskPlaceOnUnorderedEventList         0x08002590   Section        0  tasks.o(i.vTaskPlaceOnUnorderedEventList)
    i.vTaskPriorityDisinheritAfterTimeout    0x080025e0   Section        0  tasks.o(i.vTaskPriorityDisinheritAfterTimeout)
    i.vTaskRemoveFromUnorderedEventList      0x080026a0   Section        0  tasks.o(i.vTaskRemoveFromUnorderedEventList)
    i.vTaskStartScheduler                    0x0800276c   Section        0  tasks.o(i.vTaskStartScheduler)
    i.vTaskSuspendAll                        0x08002808   Section        0  tasks.o(i.vTaskSuspendAll)
    i.vTaskSwitchContext                     0x08002818   Section        0  tasks.o(i.vTaskSwitchContext)
    i.xEventGroupCreate                      0x080028c8   Section        0  event_groups.o(i.xEventGroupCreate)
    i.xEventGroupSetBits                     0x080028e6   Section        0  event_groups.o(i.xEventGroupSetBits)
    i.xEventGroupWaitBits                    0x08002978   Section        0  event_groups.o(i.xEventGroupWaitBits)
    i.xPortStartScheduler                    0x08002a44   Section        0  port.o(i.xPortStartScheduler)
    i.xPortSysTickHandler                    0x08002a78   Section        0  port.o(i.xPortSysTickHandler)
    i.xQueueCreateMutex                      0x08002aac   Section        0  queue.o(i.xQueueCreateMutex)
    i.xQueueCreateMutexStatic                0x08002ace   Section        0  queue.o(i.xQueueCreateMutexStatic)
    i.xQueueGenericCreate                    0x08002af8   Section        0  queue.o(i.xQueueGenericCreate)
    i.xQueueGenericCreateStatic              0x08002b4a   Section        0  queue.o(i.xQueueGenericCreateStatic)
    i.xQueueGenericReset                     0x08002b88   Section        0  queue.o(i.xQueueGenericReset)
    i.xQueueGenericSend                      0x08002c28   Section        0  queue.o(i.xQueueGenericSend)
    i.xQueueReceive                          0x08002d40   Section        0  queue.o(i.xQueueReceive)
    i.xQueueSemaphoreTake                    0x08002e44   Section        0  queue.o(i.xQueueSemaphoreTake)
    i.xTaskCheckForTimeOut                   0x08002f74   Section        0  tasks.o(i.xTaskCheckForTimeOut)
    i.xTaskCreate                            0x08002fd4   Section        0  tasks.o(i.xTaskCreate)
    i.xTaskCreateStatic                      0x08003038   Section        0  tasks.o(i.xTaskCreateStatic)
    i.xTaskGetSchedulerState                 0x08003088   Section        0  tasks.o(i.xTaskGetSchedulerState)
    i.xTaskGetTickCount                      0x080030a8   Section        0  tasks.o(i.xTaskGetTickCount)
    i.xTaskIncrementTick                     0x080030b4   Section        0  tasks.o(i.xTaskIncrementTick)
    i.xTaskPriorityDisinherit                0x08003244   Section        0  tasks.o(i.xTaskPriorityDisinherit)
    i.xTaskPriorityInherit                   0x080032d8   Section        0  tasks.o(i.xTaskPriorityInherit)
    i.xTaskRemoveFromEventList               0x080033b0   Section        0  tasks.o(i.xTaskRemoveFromEventList)
    i.xTaskResumeAll                         0x080034b8   Section        0  tasks.o(i.xTaskResumeAll)
    i.xTimerCreateTimerTask                  0x08003610   Section        0  timers.o(i.xTimerCreateTimerTask)
    .data                                    0x20000000   Section       10  main.o(.data)
    .data                                    0x2000000c   Section       44  usart.o(.data)
    .data                                    0x20000038   Section        9  i2c_lcd.o(.data)
    u8LCD_Buff                               0x20000038   Data           8  i2c_lcd.o(.data)
    u8LcdTmp                                 0x20000040   Data           1  i2c_lcd.o(.data)
    .data                                    0x20000041   Section       20  stm32f10x_rcc.o(.data)
    APBAHBPrescTable                         0x20000041   Data          16  stm32f10x_rcc.o(.data)
    ADCPrescTable                            0x20000051   Data           4  stm32f10x_rcc.o(.data)
    .data                                    0x20000058   Section       20  system_stm32f10x.o(.data)
    .data                                    0x2000006c   Section       32  heap_4.o(.data)
    xStart                                   0x2000006c   Data           8  heap_4.o(.data)
    pxEnd                                    0x20000074   Data           4  heap_4.o(.data)
    xFreeBytesRemaining                      0x20000078   Data           4  heap_4.o(.data)
    xMinimumEverFreeBytesRemaining           0x2000007c   Data           4  heap_4.o(.data)
    xNumberOfSuccessfulAllocations           0x20000080   Data           4  heap_4.o(.data)
    xNumberOfSuccessfulFrees                 0x20000084   Data           4  heap_4.o(.data)
    xBlockAllocatedBit                       0x20000088   Data           4  heap_4.o(.data)
    .data                                    0x2000008c   Section        4  port.o(.data)
    uxCriticalNesting                        0x2000008c   Data           4  port.o(.data)
    .data                                    0x20000090   Section       64  tasks.o(.data)
    pxDelayedTaskList                        0x20000094   Data           4  tasks.o(.data)
    pxOverflowDelayedTaskList                0x20000098   Data           4  tasks.o(.data)
    uxDeletedTasksWaitingCleanUp             0x2000009c   Data           4  tasks.o(.data)
    uxCurrentNumberOfTasks                   0x200000a0   Data           4  tasks.o(.data)
    xTickCount                               0x200000a4   Data           4  tasks.o(.data)
    uxTopReadyPriority                       0x200000a8   Data           4  tasks.o(.data)
    xSchedulerRunning                        0x200000ac   Data           4  tasks.o(.data)
    xPendedTicks                             0x200000b0   Data           4  tasks.o(.data)
    xYieldPending                            0x200000b4   Data           4  tasks.o(.data)
    xNumOfOverflows                          0x200000b8   Data           4  tasks.o(.data)
    uxTaskNumber                             0x200000bc   Data           4  tasks.o(.data)
    xNextTaskUnblockTime                     0x200000c0   Data           4  tasks.o(.data)
    xIdleTaskHandle                          0x200000c4   Data           4  tasks.o(.data)
    uxSchedulerSuspended                     0x200000cc   Data           4  tasks.o(.data)
    .data                                    0x200000d0   Section       20  timers.o(.data)
    pxCurrentTimerList                       0x200000d0   Data           4  timers.o(.data)
    pxOverflowTimerList                      0x200000d4   Data           4  timers.o(.data)
    xTimerQueue                              0x200000d8   Data           4  timers.o(.data)
    xTimerTaskHandle                         0x200000dc   Data           4  timers.o(.data)
    xLastTime                                0x200000e0   Data           4  timers.o(.data)
    .bss                                     0x200000e4   Section       20  main.o(.bss)
    .bss                                     0x200000f8   Section       96  usart.o(.bss)
    .bss                                     0x20000158   Section      916  clib_arm.o(.bss)
    os_libspace                              0x20000158   Data         480  clib_arm.o(.bss)
    os_libspace_id                           0x20000338   Data          16  clib_arm.o(.bss)
    clib_mutex_cb                            0x20000348   Data         400  clib_arm.o(.bss)
    clib_mutex_id                            0x200004d8   Data          20  clib_arm.o(.bss)
    .bss                                     0x200004ec   Section     1016  cmsis_os2.o(.bss)
    Idle_TCB                                 0x200004ec   Data          92  cmsis_os2.o(.bss)
    Idle_Stack                               0x20000548   Data         512  cmsis_os2.o(.bss)
    Timer_TCB                                0x20000748   Data          92  cmsis_os2.o(.bss)
    Timer_Stack                              0x200007a4   Data         320  cmsis_os2.o(.bss)
    .bss                                     0x200008e4   Section     8192  heap_4.o(.bss)
    ucHeap                                   0x200008e4   Data        8192  heap_4.o(.bss)
    .bss                                     0x200028e4   Section     1220  tasks.o(.bss)
    pxReadyTasksLists                        0x200028e4   Data        1120  tasks.o(.bss)
    xDelayedTaskList1                        0x20002d44   Data          20  tasks.o(.bss)
    xDelayedTaskList2                        0x20002d58   Data          20  tasks.o(.bss)
    xPendingReadyList                        0x20002d6c   Data          20  tasks.o(.bss)
    xTasksWaitingTermination                 0x20002d80   Data          20  tasks.o(.bss)
    xSuspendedTaskList                       0x20002d94   Data          20  tasks.o(.bss)
    .bss                                     0x20002da8   Section      200  timers.o(.bss)
    xActiveTimerList1                        0x20002da8   Data          20  timers.o(.bss)
    xActiveTimerList2                        0x20002dbc   Data          20  timers.o(.bss)
    xStaticTimerQueue                        0x20002dd0   Data          80  timers.o(.bss)
    ucStaticTimerQueueStorage                0x20002e20   Data          80  timers.o(.bss)
    .bss                                     0x20002e70   Section       96  libspace.o(.bss)
    HEAP                                     0x20002ed0   Section      512  startup_stm32f10x_md.o(HEAP)
    Heap_Mem                                 0x20002ed0   Data         512  startup_stm32f10x_md.o(HEAP)
    STACK                                    0x200030d0   Section     1024  startup_stm32f10x_md.o(STACK)
    Stack_Mem                                0x200030d0   Data        1024  startup_stm32f10x_md.o(STACK)
    __initial_sp                             0x200034d0   Data           0  startup_stm32f10x_md.o(STACK)

    Global Symbols

    Symbol Name                              Value     Ov Type        Size  Object(Section)

    BuildAttributes$$THM_ISAv4$P$D$K$B$S$PE$A:L22UL41UL21$X:L11$S22US41US21$IEEE1$IW$USESV6$~STKCKD$USESV7$~SHL$OSPACE$ROPI$EBA8$UX$STANDARDLIB$REQ8$PRES8$EABIv2 0x00000000   Number         0  anon$$obj.o ABSOLUTE
    __ARM_use_no_argv                        0x00000000   Number         0  main.o ABSOLUTE
    __ARM_exceptions_init                     - Undefined Weak Reference
    __alloca_initialize                       - Undefined Weak Reference
    __arm_fini_                               - Undefined Weak Reference
    __arm_preinit_                            - Undefined Weak Reference
    __cpp_initialize__aeabi_                  - Undefined Weak Reference
    __cxa_finalize                            - Undefined Weak Reference
    __rt_locale                               - Undefined Weak Reference
    __sigvec_lookup                           - Undefined Weak Reference
    _atexit_init                              - Undefined Weak Reference
    _call_atexit_fns                          - Undefined Weak Reference
    _clock_init                               - Undefined Weak Reference
    _fp_trap_init                             - Undefined Weak Reference
    _fp_trap_shutdown                         - Undefined Weak Reference
    _get_lc_collate                           - Undefined Weak Reference
    _get_lc_ctype                             - Undefined Weak Reference
    _get_lc_monetary                          - Undefined Weak Reference
    _get_lc_numeric                           - Undefined Weak Reference
    _get_lc_time                              - Undefined Weak Reference
    _getenv_init                              - Undefined Weak Reference
    _handle_redirection                       - Undefined Weak Reference
    _init_alloc                               - Undefined Weak Reference
    _init_user_alloc                          - Undefined Weak Reference
    _initio                                   - Undefined Weak Reference
    _printf_post_padding                      - Undefined Weak Reference
    _printf_pre_padding                       - Undefined Weak Reference
    _printf_truncate_signed                   - Undefined Weak Reference
    _printf_truncate_unsigned                 - Undefined Weak Reference
    _rand_init                                - Undefined Weak Reference
    _signal_finish                            - Undefined Weak Reference
    _signal_init                              - Undefined Weak Reference
    _terminate_alloc                          - Undefined Weak Reference
    _terminate_user_alloc                     - Undefined Weak Reference
    _terminateio                              - Undefined Weak Reference
    __Vectors_Size                           0x000000ec   Number         0  startup_stm32f10x_md.o ABSOLUTE
    __Vectors                                0x08000000   Data           4  startup_stm32f10x_md.o(RESET)
    __Vectors_End                            0x080000ec   Data           0  startup_stm32f10x_md.o(RESET)
    __main                                   0x080000ed   Thumb Code     8  __main.o(!!!main)
    __scatterload                            0x080000f5   Thumb Code     0  __scatter.o(!!!scatter)
    __scatterload_rt2                        0x080000f5   Thumb Code    44  __scatter.o(!!!scatter)
    __scatterload_rt2_thumb_only             0x080000f5   Thumb Code     0  __scatter.o(!!!scatter)
    __scatterload_null                       0x08000103   Thumb Code     0  __scatter.o(!!!scatter)
    __scatterload_copy                       0x08000129   Thumb Code    26  __scatter_copy.o(!!handler_copy)
    __scatterload_zeroinit                   0x08000145   Thumb Code    28  __scatter_zi.o(!!handler_zi)
    _printf_d                                0x08000161   Thumb Code     0  _printf_d.o(.ARM.Collect$$_printf_percent$$00000009)
    _printf_percent                          0x08000161   Thumb Code     0  _printf_percent.o(.ARM.Collect$$_printf_percent$$00000000)
    _printf_percent_end                      0x08000167   Thumb Code     0  _printf_percent_end.o(.ARM.Collect$$_printf_percent$$00000017)
    __rt_lib_init                            0x0800016b   Thumb Code     0  libinit.o(.ARM.Collect$$libinit$$00000000)
    __rt_lib_init_alloca_1                   0x0800016d   Thumb Code     0  libinit2.o(.ARM.Collect$$libinit$$0000002E)
    __rt_lib_init_argv_1                     0x0800016d   Thumb Code     0  libinit2.o(.ARM.Collect$$libinit$$0000002C)
    __rt_lib_init_atexit_1                   0x0800016d   Thumb Code     0  libinit2.o(.ARM.Collect$$libinit$$0000001B)
    __rt_lib_init_clock_1                    0x0800016d   Thumb Code     0  libinit2.o(.ARM.Collect$$libinit$$00000021)
    __rt_lib_init_cpp_1                      0x0800016d   Thumb Code     0  libinit2.o(.ARM.Collect$$libinit$$00000032)
    __rt_lib_init_exceptions_1               0x0800016d   Thumb Code     0  libinit2.o(.ARM.Collect$$libinit$$00000030)
    __rt_lib_init_fp_1                       0x0800016d   Thumb Code     0  libinit2.o(.ARM.Collect$$libinit$$00000002)
    __rt_lib_init_fp_trap_1                  0x0800016d   Thumb Code     0  libinit2.o(.ARM.Collect$$libinit$$0000001F)
    __rt_lib_init_getenv_1                   0x0800016d   Thumb Code     0  libinit2.o(.ARM.Collect$$libinit$$00000023)
    __rt_lib_init_heap_1                     0x0800016d   Thumb Code     0  libinit2.o(.ARM.Collect$$libinit$$0000000A)
    __rt_lib_init_lc_collate_1               0x0800016d   Thumb Code     0  libinit2.o(.ARM.Collect$$libinit$$00000011)
    __rt_lib_init_lc_ctype_1                 0x0800016d   Thumb Code     0  libinit2.o(.ARM.Collect$$libinit$$00000013)
    __rt_lib_init_lc_monetary_1              0x0800016d   Thumb Code     0  libinit2.o(.ARM.Collect$$libinit$$00000015)
    __rt_lib_init_lc_numeric_1               0x0800016d   Thumb Code     0  libinit2.o(.ARM.Collect$$libinit$$00000017)
    __rt_lib_init_lc_time_1                  0x0800016d   Thumb Code     0  libinit2.o(.ARM.Collect$$libinit$$00000019)
    __rt_lib_init_preinit_1                  0x0800016d   Thumb Code     0  libinit2.o(.ARM.Collect$$libinit$$00000004)
    __rt_lib_init_rand_1                     0x0800016d   Thumb Code     0  libinit2.o(.ARM.Collect$$libinit$$0000000E)
    __rt_lib_init_return                     0x0800016d   Thumb Code     0  libinit2.o(.ARM.Collect$$libinit$$00000033)
    __rt_lib_init_signal_1                   0x0800016d   Thumb Code     0  libinit2.o(.ARM.Collect$$libinit$$0000001D)
    __rt_lib_init_stdio_1                    0x0800016d   Thumb Code     0  libinit2.o(.ARM.Collect$$libinit$$00000025)
    __rt_lib_init_user_alloc_1               0x0800016d   Thumb Code     0  libinit2.o(.ARM.Collect$$libinit$$0000000C)
    __rt_lib_shutdown                        0x0800016f   Thumb Code     0  libshutdown.o(.ARM.Collect$$libshutdown$$00000000)
    __rt_lib_shutdown_cpp_1                  0x08000171   Thumb Code     0  libshutdown2.o(.ARM.Collect$$libshutdown$$00000004)
    __rt_lib_shutdown_fini_1                 0x08000171   Thumb Code     0  libshutdown2.o(.ARM.Collect$$libshutdown$$00000002)
    __rt_lib_shutdown_fp_trap_1              0x08000171   Thumb Code     0  libshutdown2.o(.ARM.Collect$$libshutdown$$00000009)
    __rt_lib_shutdown_heap_1                 0x08000171   Thumb Code     0  libshutdown2.o(.ARM.Collect$$libshutdown$$00000011)
    __rt_lib_shutdown_return                 0x08000171   Thumb Code     0  libshutdown2.o(.ARM.Collect$$libshutdown$$00000012)
    __rt_lib_shutdown_signal_1               0x08000171   Thumb Code     0  libshutdown2.o(.ARM.Collect$$libshutdown$$0000000C)
    __rt_lib_shutdown_stdio_1                0x08000171   Thumb Code     0  libshutdown2.o(.ARM.Collect$$libshutdown$$00000006)
    __rt_lib_shutdown_user_alloc_1           0x08000171   Thumb Code     0  libshutdown2.o(.ARM.Collect$$libshutdown$$0000000E)
    __rt_entry                               0x08000173   Thumb Code     0  __rtentry.o(.ARM.Collect$$rtentry$$00000000)
    __rt_entry_presh_1                       0x08000173   Thumb Code     0  __rtentry2.o(.ARM.Collect$$rtentry$$00000002)
    __rt_entry_sh                            0x08000173   Thumb Code     0  __rtentry4.o(.ARM.Collect$$rtentry$$00000004)
    __rt_entry_postsh_1                      0x08000179   Thumb Code     0  __rtentry2.o(.ARM.Collect$$rtentry$$00000008)
    __rt_entry_li                            0x08000181   Thumb Code     0  __rtentry2.o(.ARM.Collect$$rtentry$$0000000A)
    __rt_entry_main                          0x08000185   Thumb Code     0  __rtentry2.o(.ARM.Collect$$rtentry$$0000000D)
    __rt_entry_postli_1                      0x08000185   Thumb Code     0  __rtentry2.o(.ARM.Collect$$rtentry$$0000000C)
    __rt_exit                                0x0800018d   Thumb Code     0  rtexit.o(.ARM.Collect$$rtexit$$00000000)
    __rt_exit_ls                             0x0800018f   Thumb Code     0  rtexit2.o(.ARM.Collect$$rtexit$$00000003)
    __rt_exit_prels_1                        0x0800018f   Thumb Code     0  rtexit2.o(.ARM.Collect$$rtexit$$00000002)
    __rt_exit_exit                           0x08000193   Thumb Code     0  rtexit2.o(.ARM.Collect$$rtexit$$00000004)
    SVC_Handler                              0x08000199   Thumb Code    32  port.o(.emb_text)
    __asm___6_port_c_39a90d8d__prvStartFirstTask 0x080001bd   Thumb Code    28  port.o(.emb_text)
    PendSV_Handler                           0x080001dd   Thumb Code    72  port.o(.emb_text)
    vPortGetIPSR                             0x08000229   Thumb Code     6  port.o(.emb_text)
    Reset_Handler                            0x08000231   Thumb Code     8  startup_stm32f10x_md.o(.text)
    NMI_Handler                              0x08000239   Thumb Code     2  startup_stm32f10x_md.o(.text)
    HardFault_Handler                        0x0800023b   Thumb Code     2  startup_stm32f10x_md.o(.text)
    MemManage_Handler                        0x0800023d   Thumb Code     2  startup_stm32f10x_md.o(.text)
    BusFault_Handler                         0x0800023f   Thumb Code     2  startup_stm32f10x_md.o(.text)
    UsageFault_Handler                       0x08000241   Thumb Code     2  startup_stm32f10x_md.o(.text)
    DebugMon_Handler                         0x08000245   Thumb Code     2  startup_stm32f10x_md.o(.text)
    ADC1_2_IRQHandler                        0x0800024b   Thumb Code     0  startup_stm32f10x_md.o(.text)
    CAN1_RX1_IRQHandler                      0x0800024b   Thumb Code     0  startup_stm32f10x_md.o(.text)
    CAN1_SCE_IRQHandler                      0x0800024b   Thumb Code     0  startup_stm32f10x_md.o(.text)
    DMA1_Channel1_IRQHandler                 0x0800024b   Thumb Code     0  startup_stm32f10x_md.o(.text)
    DMA1_Channel2_IRQHandler                 0x0800024b   Thumb Code     0  startup_stm32f10x_md.o(.text)
    DMA1_Channel3_IRQHandler                 0x0800024b   Thumb Code     0  startup_stm32f10x_md.o(.text)
    DMA1_Channel4_IRQHandler                 0x0800024b   Thumb Code     0  startup_stm32f10x_md.o(.text)
    DMA1_Channel5_IRQHandler                 0x0800024b   Thumb Code     0  startup_stm32f10x_md.o(.text)
    DMA1_Channel6_IRQHandler                 0x0800024b   Thumb Code     0  startup_stm32f10x_md.o(.text)
    DMA1_Channel7_IRQHandler                 0x0800024b   Thumb Code     0  startup_stm32f10x_md.o(.text)
    EXTI0_IRQHandler                         0x0800024b   Thumb Code     0  startup_stm32f10x_md.o(.text)
    EXTI15_10_IRQHandler                     0x0800024b   Thumb Code     0  startup_stm32f10x_md.o(.text)
    EXTI1_IRQHandler                         0x0800024b   Thumb Code     0  startup_stm32f10x_md.o(.text)
    EXTI2_IRQHandler                         0x0800024b   Thumb Code     0  startup_stm32f10x_md.o(.text)
    EXTI3_IRQHandler                         0x0800024b   Thumb Code     0  startup_stm32f10x_md.o(.text)
    EXTI4_IRQHandler                         0x0800024b   Thumb Code     0  startup_stm32f10x_md.o(.text)
    EXTI9_5_IRQHandler                       0x0800024b   Thumb Code     0  startup_stm32f10x_md.o(.text)
    FLASH_IRQHandler                         0x0800024b   Thumb Code     0  startup_stm32f10x_md.o(.text)
    I2C1_ER_IRQHandler                       0x0800024b   Thumb Code     0  startup_stm32f10x_md.o(.text)
    I2C1_EV_IRQHandler                       0x0800024b   Thumb Code     0  startup_stm32f10x_md.o(.text)
    I2C2_ER_IRQHandler                       0x0800024b   Thumb Code     0  startup_stm32f10x_md.o(.text)
    I2C2_EV_IRQHandler                       0x0800024b   Thumb Code     0  startup_stm32f10x_md.o(.text)
    PVD_IRQHandler                           0x0800024b   Thumb Code     0  startup_stm32f10x_md.o(.text)
    RCC_IRQHandler                           0x0800024b   Thumb Code     0  startup_stm32f10x_md.o(.text)
    RTCAlarm_IRQHandler                      0x0800024b   Thumb Code     0  startup_stm32f10x_md.o(.text)
    RTC_IRQHandler                           0x0800024b   Thumb Code     0  startup_stm32f10x_md.o(.text)
    SPI1_IRQHandler                          0x0800024b   Thumb Code     0  startup_stm32f10x_md.o(.text)
    SPI2_IRQHandler                          0x0800024b   Thumb Code     0  startup_stm32f10x_md.o(.text)
    TAMPER_IRQHandler                        0x0800024b   Thumb Code     0  startup_stm32f10x_md.o(.text)
    TIM1_BRK_IRQHandler                      0x0800024b   Thumb Code     0  startup_stm32f10x_md.o(.text)
    TIM1_CC_IRQHandler                       0x0800024b   Thumb Code     0  startup_stm32f10x_md.o(.text)
    TIM1_TRG_COM_IRQHandler                  0x0800024b   Thumb Code     0  startup_stm32f10x_md.o(.text)
    TIM1_UP_IRQHandler                       0x0800024b   Thumb Code     0  startup_stm32f10x_md.o(.text)
    TIM2_IRQHandler                          0x0800024b   Thumb Code     0  startup_stm32f10x_md.o(.text)
    TIM3_IRQHandler                          0x0800024b   Thumb Code     0  startup_stm32f10x_md.o(.text)
    TIM4_IRQHandler                          0x0800024b   Thumb Code     0  startup_stm32f10x_md.o(.text)
    USBWakeUp_IRQHandler                     0x0800024b   Thumb Code     0  startup_stm32f10x_md.o(.text)
    USB_HP_CAN1_TX_IRQHandler                0x0800024b   Thumb Code     0  startup_stm32f10x_md.o(.text)
    USB_LP_CAN1_RX0_IRQHandler               0x0800024b   Thumb Code     0  startup_stm32f10x_md.o(.text)
    WWDG_IRQHandler                          0x0800024b   Thumb Code     0  startup_stm32f10x_md.o(.text)
    __user_initial_stackheap                 0x0800024d   Thumb Code     0  startup_stm32f10x_md.o(.text)
    __2sprintf                               0x08000271   Thumb Code    34  noretval__2sprintf.o(.text)
    __printf                                 0x08000299   Thumb Code   104  __printf.o(.text)
    _printf_int_dec                          0x08000301   Thumb Code   104  _printf_dec.o(.text)
    __aeabi_memcpy                           0x08000379   Thumb Code     0  rt_memcpy_v6.o(.text)
    __rt_memcpy                              0x08000379   Thumb Code   138  rt_memcpy_v6.o(.text)
    _memcpy_lastbytes                        0x080003df   Thumb Code     0  rt_memcpy_v6.o(.text)
    __aeabi_memset                           0x08000403   Thumb Code    16  aeabi_memset.o(.text)
    __use_two_region_memory                  0x08000413   Thumb Code     2  heapauxi.o(.text)
    __rt_heap_escrow$2region                 0x08000415   Thumb Code     2  heapauxi.o(.text)
    __rt_heap_expand$2region                 0x08000417   Thumb Code     2  heapauxi.o(.text)
    _printf_int_common                       0x08000419   Thumb Code   178  _printf_intcommon.o(.text)
    _printf_char_common                      0x080004d7   Thumb Code    32  _printf_char_common.o(.text)
    _sputc                                   0x080004fd   Thumb Code    10  _sputc.o(.text)
    __aeabi_memcpy4                          0x08000507   Thumb Code     0  rt_memcpy_w.o(.text)
    __aeabi_memcpy8                          0x08000507   Thumb Code     0  rt_memcpy_w.o(.text)
    __rt_memcpy_w                            0x08000507   Thumb Code   100  rt_memcpy_w.o(.text)
    _memcpy_lastbytes_aligned                0x0800054f   Thumb Code     0  rt_memcpy_w.o(.text)
    __aeabi_memclr                           0x0800056b   Thumb Code     0  rt_memclr.o(.text)
    __rt_memclr                              0x0800056b   Thumb Code    68  rt_memclr.o(.text)
    _memset                                  0x0800056f   Thumb Code     0  rt_memclr.o(.text)
    __aeabi_memclr4                          0x080005af   Thumb Code     0  rt_memclr_w.o(.text)
    __aeabi_memclr8                          0x080005af   Thumb Code     0  rt_memclr_w.o(.text)
    __rt_memclr_w                            0x080005af   Thumb Code    78  rt_memclr_w.o(.text)
    _memset_w                                0x080005b3   Thumb Code     0  rt_memclr_w.o(.text)
    __user_setup_stackheap                   0x080005fd   Thumb Code    74  sys_stackheap_outer.o(.text)
    exit                                     0x08000647   Thumb Code    18  exit.o(.text)
    __user_libspace                          0x08000659   Thumb Code     8  libspace.o(.text)
    __user_perproc_libspace                  0x08000659   Thumb Code     0  libspace.o(.text)
    _sys_exit                                0x08000661   Thumb Code     8  sys_exit.o(.text)
    __I$use$semihosting                      0x0800066d   Thumb Code     0  use_no_semi.o(.text)
    __use_no_semihosting_swi                 0x0800066d   Thumb Code     2  use_no_semi.o(.text)
    __semihosting_library_function           0x0800066f   Thumb Code     0  indicate_semi.o(.text)
    DHT11_Check                              0x08000671   Thumb Code    92  dht11.o(i.DHT11_Check)
    DHT11_Init                               0x080006d5   Thumb Code    52  dht11.o(i.DHT11_Init)
    DHT11_Read_Bit                           0x08000711   Thumb Code    70  dht11.o(i.DHT11_Read_Bit)
    DHT11_Read_Byte                          0x0800075d   Thumb Code    32  dht11.o(i.DHT11_Read_Byte)
    DHT11_Read_Data                          0x0800077d   Thumb Code    90  dht11.o(i.DHT11_Read_Data)
    DHT11_Rst                                0x080007d9   Thumb Code    52  dht11.o(i.DHT11_Rst)
    Fn_GPIO_Init                             0x08000819   Thumb Code   164  main.o(i.Fn_GPIO_Init)
    GPIO_Init                                0x080008c5   Thumb Code   278  stm32f10x_gpio.o(i.GPIO_Init)
    GPIO_ReadInputDataBit                    0x080009db   Thumb Code    18  stm32f10x_gpio.o(i.GPIO_ReadInputDataBit)
    GPIO_ResetBits                           0x080009ed   Thumb Code     4  stm32f10x_gpio.o(i.GPIO_ResetBits)
    GPIO_SetBits                             0x080009f1   Thumb Code     4  stm32f10x_gpio.o(i.GPIO_SetBits)
    I2C_LCD_Clear                            0x080009f5   Thumb Code    10  i2c_lcd.o(i.I2C_LCD_Clear)
    I2C_LCD_Init                             0x08000a3d   Thumb Code   128  i2c_lcd.o(i.I2C_LCD_Init)
    I2C_LCD_NewLine                          0x08000ac1   Thumb Code    10  i2c_lcd.o(i.I2C_LCD_NewLine)
    I2C_LCD_Puts                             0x08000acb   Thumb Code    28  i2c_lcd.o(i.I2C_LCD_Puts)
    I2C_Read                                 0x08000b89   Thumb Code    70  i2c.o(i.I2C_Read)
    I2C_Write                                0x08000bcf   Thumb Code    68  i2c.o(i.I2C_Write)
    LCD_WaitBusy                             0x08000c15   Thumb Code   104  i2c_lcd.o(i.LCD_WaitBusy)
    LCD_Write_Chr                            0x08000c81   Thumb Code    42  i2c_lcd.o(i.LCD_Write_Chr)
    My_I2C_Init                              0x08000cb1   Thumb Code     8  i2c.o(i.My_I2C_Init)
    RCC_APB2PeriphClockCmd                   0x08000cb9   Thumb Code    26  stm32f10x_rcc.o(i.RCC_APB2PeriphClockCmd)
    RCC_GetClocksFreq                        0x08000cd9   Thumb Code   192  stm32f10x_rcc.o(i.RCC_GetClocksFreq)
    SysTick_Handler                          0x08000e95   Thumb Code    22  cmsis_os2.o(i.SysTick_Handler)
    SystemCoreClockUpdate                    0x08000ead   Thumb Code   142  system_stm32f10x.o(i.SystemCoreClockUpdate)
    SystemInit                               0x08000f51   Thumb Code    78  system_stm32f10x.o(i.SystemInit)
    TaskA                                    0x08000fb1   Thumb Code   106  main.o(i.TaskA)
    TaskB                                    0x08001061   Thumb Code    98  main.o(i.TaskB)
    TaskC                                    0x080010f9   Thumb Code    94  main.o(i.TaskC)
    TaskMain                                 0x08001191   Thumb Code   132  main.o(i.TaskMain)
    USART1_IRQHandler                        0x08001229   Thumb Code    30  usart.o(i.USART1_IRQHandler)
    USART2_IRQHandler                        0x08001251   Thumb Code    30  usart.o(i.USART2_IRQHandler)
    USART3_IRQHandler                        0x08001279   Thumb Code    30  usart.o(i.USART3_IRQHandler)
    USART_Cmd                                0x080012a1   Thumb Code    24  stm32f10x_usart.o(i.USART_Cmd)
    USART_GetFlagStatus                      0x080012b9   Thumb Code    26  stm32f10x_usart.o(i.USART_GetFlagStatus)
    USART_GetITStatus                        0x080012d3   Thumb Code    84  stm32f10x_usart.o(i.USART_GetITStatus)
    USART_INT_InsertToBuffer                 0x08001327   Thumb Code    44  usart.o(i.USART_INT_InsertToBuffer)
    USART_Init                               0x08001355   Thumb Code   210  stm32f10x_usart.o(i.USART_Init)
    USART_SendData                           0x0800142d   Thumb Code     8  stm32f10x_usart.o(i.USART_SendData)
    _mutex_acquire                           0x08001435   Thumb Code    22  clib_arm.o(i._mutex_acquire)
    _mutex_free                              0x0800144d   Thumb Code    46  clib_arm.o(i._mutex_free)
    _mutex_initialize                        0x08001481   Thumb Code    86  clib_arm.o(i._mutex_initialize)
    _mutex_release                           0x080014e1   Thumb Code    24  clib_arm.o(i._mutex_release)
    _platform_post_stackheap_init            0x080014f9   Thumb Code     2  clib_arm.o(i._platform_post_stackheap_init)
    delay_ms                                 0x080014fb   Thumb Code    44  delay.o(i.delay_ms)
    delay_us                                 0x08001529   Thumb Code    42  delay.o(i.delay_us)
    i2c_init                                 0x08001559   Thumb Code    52  i2c.o(i.i2c_init)
    i2c_read                                 0x08001591   Thumb Code   140  i2c.o(i.i2c_read)
    i2c_start                                0x08001621   Thumb Code    60  i2c.o(i.i2c_start)
    i2c_stop                                 0x08001661   Thumb Code    46  i2c.o(i.i2c_stop)
    i2c_write                                0x08001695   Thumb Code   146  i2c.o(i.i2c_write)
    main                                     0x0800172d   Thumb Code   110  main.o(i.main)
    pvPortMalloc                             0x08002165   Thumb Code   228  heap_4.o(i.pvPortMalloc)
    pvTaskIncrementMutexHeldCount            0x08002261   Thumb Code    26  tasks.o(i.pvTaskIncrementMutexHeldCount)
    pxPortInitialiseStack                    0x08002281   Thumb Code    30  port.o(i.pxPortInitialiseStack)
    usart_SendChar                           0x080022a5   Thumb Code    28  main.o(i.usart_SendChar)
    usart_SendStr                            0x080022c5   Thumb Code    22  main.o(i.usart_SendStr)
    uxListRemove                             0x080022db   Thumb Code    40  list.o(i.uxListRemove)
    uxTaskResetEventItemValue                0x08002305   Thumb Code    24  tasks.o(i.uxTaskResetEventItemValue)
    vApplicationGetIdleTaskMemory            0x08002321   Thumb Code    14  cmsis_os2.o(i.vApplicationGetIdleTaskMemory)
    vApplicationGetTimerTaskMemory           0x08002339   Thumb Code    14  cmsis_os2.o(i.vApplicationGetTimerTaskMemory)
    vApplicationStackOverflowHook            0x08002351   Thumb Code     2  cmsis_os2.o(i.vApplicationStackOverflowHook)
    vListInitialise                          0x08002353   Thumb Code    26  list.o(i.vListInitialise)
    vListInitialiseItem                      0x0800236d   Thumb Code     6  list.o(i.vListInitialiseItem)
    vListInsert                              0x08002373   Thumb Code    52  list.o(i.vListInsert)
    vPortEnterCritical                       0x080023a9   Thumb Code    30  port.o(i.vPortEnterCritical)
    vPortExitCritical                        0x080023cd   Thumb Code    28  port.o(i.vPortExitCritical)
    vPortFree                                0x080023ed   Thumb Code    74  heap_4.o(i.vPortFree)
    vPortSetupTimerInterrupt                 0x08002445   Thumb Code    36  port.o(i.vPortSetupTimerInterrupt)
    vQueueDelete                             0x0800246d   Thumb Code    20  queue.o(i.vQueueDelete)
    vQueueWaitForMessageRestricted           0x08002481   Thumb Code    74  queue.o(i.vQueueWaitForMessageRestricted)
    vTaskDelay                               0x080024cd   Thumb Code    46  tasks.o(i.vTaskDelay)
    vTaskInternalSetTimeOutState             0x08002501   Thumb Code    14  tasks.o(i.vTaskInternalSetTimeOutState)
    vTaskMissedYield                         0x08002519   Thumb Code     8  tasks.o(i.vTaskMissedYield)
    vTaskPlaceOnEventList                    0x08002525   Thumb Code    28  tasks.o(i.vTaskPlaceOnEventList)
    vTaskPlaceOnEventListRestricted          0x08002545   Thumb Code    70  tasks.o(i.vTaskPlaceOnEventListRestricted)
    vTaskPlaceOnUnorderedEventList           0x08002591   Thumb Code    74  tasks.o(i.vTaskPlaceOnUnorderedEventList)
    vTaskPriorityDisinheritAfterTimeout      0x080025e1   Thumb Code   182  tasks.o(i.vTaskPriorityDisinheritAfterTimeout)
    vTaskRemoveFromUnorderedEventList        0x080026a1   Thumb Code   188  tasks.o(i.vTaskRemoveFromUnorderedEventList)
    vTaskStartScheduler                      0x0800276d   Thumb Code   124  tasks.o(i.vTaskStartScheduler)
    vTaskSuspendAll                          0x08002809   Thumb Code    12  tasks.o(i.vTaskSuspendAll)
    vTaskSwitchContext                       0x08002819   Thumb Code   154  tasks.o(i.vTaskSwitchContext)
    xEventGroupCreate                        0x080028c9   Thumb Code    30  event_groups.o(i.xEventGroupCreate)
    xEventGroupSetBits                       0x080028e7   Thumb Code   146  event_groups.o(i.xEventGroupSetBits)
    xEventGroupWaitBits                      0x08002979   Thumb Code   198  event_groups.o(i.xEventGroupWaitBits)
    xPortStartScheduler                      0x08002a45   Thumb Code    42  port.o(i.xPortStartScheduler)
    xPortSysTickHandler                      0x08002a79   Thumb Code    46  port.o(i.xPortSysTickHandler)
    xQueueCreateMutex                        0x08002aad   Thumb Code    34  queue.o(i.xQueueCreateMutex)
    xQueueCreateMutexStatic                  0x08002acf   Thumb Code    42  queue.o(i.xQueueCreateMutexStatic)
    xQueueGenericCreate                      0x08002af9   Thumb Code    82  queue.o(i.xQueueGenericCreate)
    xQueueGenericCreateStatic                0x08002b4b   Thumb Code    62  queue.o(i.xQueueGenericCreateStatic)
    xQueueGenericReset                       0x08002b89   Thumb Code   156  queue.o(i.xQueueGenericReset)
    xQueueGenericSend                        0x08002c29   Thumb Code   276  queue.o(i.xQueueGenericSend)
    xQueueReceive                            0x08002d41   Thumb Code   256  queue.o(i.xQueueReceive)
    xQueueSemaphoreTake                      0x08002e45   Thumb Code   300  queue.o(i.xQueueSemaphoreTake)
    xTaskCheckForTimeOut                     0x08002f75   Thumb Code    88  tasks.o(i.xTaskCheckForTimeOut)
    xTaskCreate                              0x08002fd5   Thumb Code   100  tasks.o(i.xTaskCreate)
    xTaskCreateStatic                        0x08003039   Thumb Code    78  tasks.o(i.xTaskCreateStatic)
    xTaskGetSchedulerState                   0x08003089   Thumb Code    24  tasks.o(i.xTaskGetSchedulerState)
    xTaskGetTickCount                        0x080030a9   Thumb Code     6  tasks.o(i.xTaskGetTickCount)
    xTaskIncrementTick                       0x080030b5   Thumb Code   354  tasks.o(i.xTaskIncrementTick)
    xTaskPriorityDisinherit                  0x08003245   Thumb Code   138  tasks.o(i.xTaskPriorityDisinherit)
    xTaskPriorityInherit                     0x080032d9   Thumb Code   202  tasks.o(i.xTaskPriorityInherit)
    xTaskRemoveFromEventList                 0x080033b1   Thumb Code   238  tasks.o(i.xTaskRemoveFromEventList)
    xTaskResumeAll                           0x080034b9   Thumb Code   308  tasks.o(i.xTaskResumeAll)
    xTimerCreateTimerTask                    0x08003611   Thumb Code    76  timers.o(i.xTimerCreateTimerTask)
    Region$$Table$$Base                      0x08003670   Number         0  anon$$obj.o(Region$$Table)
    Region$$Table$$Limit                     0x08003690   Number         0  anon$$obj.o(Region$$Table)
    eventhdl                                 0x20000000   Data           4  main.o(.data)
    counter                                  0x20000004   Data           2  main.o(.data)
    sttOld                                   0x20000006   Data           1  main.o(.data)
    sttNew                                   0x20000007   Data           1  main.o(.data)
    temp                                     0x20000008   Data           1  main.o(.data)
    humi                                     0x20000009   Data           1  main.o(.data)
    __stdout                                 0x2000000c   Data           4  usart.o(.data)
    F4_USART1                                0x20000010   Data          12  usart.o(.data)
    F4_USART2                                0x2000001c   Data          12  usart.o(.data)
    F4_USART3                                0x20000028   Data          12  usart.o(.data)
    GPIO_InitStruct                          0x20000034   Data           4  usart.o(.data)
    SystemCoreClock                          0x20000058   Data           4  system_stm32f10x.o(.data)
    AHBPrescTable                            0x2000005c   Data          16  system_stm32f10x.o(.data)
    pxCurrentTCB                             0x20000090   Data           4  tasks.o(.data)
    uxTopUsedPriority                        0x200000c8   Data           4  tasks.o(.data)
    buffer                                   0x200000e4   Data          20  main.o(.bss)
    USART1_Buffer                            0x200000f8   Data          32  usart.o(.bss)
    USART2_Buffer                            0x20000118   Data          32  usart.o(.bss)
    USART3_Buffer                            0x20000138   Data          32  usart.o(.bss)
    __libspace_start                         0x20002e70   Data          96  libspace.o(.bss)
    __temporary_stack_top$libspace           0x20002ed0   Data           0  libspace.o(.bss)



==============================================================================

Memory Map of the image

  Image Entry point : 0x080000ed

  Load Region LR_IROM1 (Base: 0x08000000, Size: 0x00003774, Max: 0x00010000, ABSOLUTE)

    Execution Region ER_IROM1 (Exec base: 0x08000000, Load base: 0x08000000, Size: 0x00003690, Max: 0x00010000, ABSOLUTE)

    Exec Addr    Load Addr    Size         Type   Attr      Idx    E Section Name        Object

    0x08000000   0x08000000   0x000000ec   Data   RO         2988    RESET               startup_stm32f10x_md.o
    0x080000ec   0x080000ec   0x00000008   Code   RO         4238  * !!!main             c_w.l(__main.o)
    0x080000f4   0x080000f4   0x00000034   Code   RO         4410    !!!scatter          c_w.l(__scatter.o)
    0x08000128   0x08000128   0x0000001a   Code   RO         4412    !!handler_copy      c_w.l(__scatter_copy.o)
    0x08000142   0x08000142   0x00000002   PAD
    0x08000144   0x08000144   0x0000001c   Code   RO         4414    !!handler_zi        c_w.l(__scatter_zi.o)
    0x08000160   0x08000160   0x00000000   Code   RO         4231    .ARM.Collect$$_printf_percent$$00000000  c_w.l(_printf_percent.o)
    0x08000160   0x08000160   0x00000006   Code   RO         4230    .ARM.Collect$$_printf_percent$$00000009  c_w.l(_printf_d.o)
    0x08000166   0x08000166   0x00000004   Code   RO         4247    .ARM.Collect$$_printf_percent$$00000017  c_w.l(_printf_percent_end.o)
    0x0800016a   0x0800016a   0x00000002   Code   RO         4278    .ARM.Collect$$libinit$$00000000  c_w.l(libinit.o)
    0x0800016c   0x0800016c   0x00000000   Code   RO         4285    .ARM.Collect$$libinit$$00000002  c_w.l(libinit2.o)
    0x0800016c   0x0800016c   0x00000000   Code   RO         4287    .ARM.Collect$$libinit$$00000004  c_w.l(libinit2.o)
    0x0800016c   0x0800016c   0x00000000   Code   RO         4290    .ARM.Collect$$libinit$$0000000A  c_w.l(libinit2.o)
    0x0800016c   0x0800016c   0x00000000   Code   RO         4292    .ARM.Collect$$libinit$$0000000C  c_w.l(libinit2.o)
    0x0800016c   0x0800016c   0x00000000   Code   RO         4294    .ARM.Collect$$libinit$$0000000E  c_w.l(libinit2.o)
    0x0800016c   0x0800016c   0x00000000   Code   RO         4297    .ARM.Collect$$libinit$$00000011  c_w.l(libinit2.o)
    0x0800016c   0x0800016c   0x00000000   Code   RO         4299    .ARM.Collect$$libinit$$00000013  c_w.l(libinit2.o)
    0x0800016c   0x0800016c   0x00000000   Code   RO         4301    .ARM.Collect$$libinit$$00000015  c_w.l(libinit2.o)
    0x0800016c   0x0800016c   0x00000000   Code   RO         4303    .ARM.Collect$$libinit$$00000017  c_w.l(libinit2.o)
    0x0800016c   0x0800016c   0x00000000   Code   RO         4305    .ARM.Collect$$libinit$$00000019  c_w.l(libinit2.o)
    0x0800016c   0x0800016c   0x00000000   Code   RO         4307    .ARM.Collect$$libinit$$0000001B  c_w.l(libinit2.o)
    0x0800016c   0x0800016c   0x00000000   Code   RO         4309    .ARM.Collect$$libinit$$0000001D  c_w.l(libinit2.o)
    0x0800016c   0x0800016c   0x00000000   Code   RO         4311    .ARM.Collect$$libinit$$0000001F  c_w.l(libinit2.o)
    0x0800016c   0x0800016c   0x00000000   Code   RO         4313    .ARM.Collect$$libinit$$00000021  c_w.l(libinit2.o)
    0x0800016c   0x0800016c   0x00000000   Code   RO         4315    .ARM.Collect$$libinit$$00000023  c_w.l(libinit2.o)
    0x0800016c   0x0800016c   0x00000000   Code   RO         4317    .ARM.Collect$$libinit$$00000025  c_w.l(libinit2.o)
    0x0800016c   0x0800016c   0x00000000   Code   RO         4321    .ARM.Collect$$libinit$$0000002C  c_w.l(libinit2.o)
    0x0800016c   0x0800016c   0x00000000   Code   RO         4323    .ARM.Collect$$libinit$$0000002E  c_w.l(libinit2.o)
    0x0800016c   0x0800016c   0x00000000   Code   RO         4325    .ARM.Collect$$libinit$$00000030  c_w.l(libinit2.o)
    0x0800016c   0x0800016c   0x00000000   Code   RO         4327    .ARM.Collect$$libinit$$00000032  c_w.l(libinit2.o)
    0x0800016c   0x0800016c   0x00000002   Code   RO         4328    .ARM.Collect$$libinit$$00000033  c_w.l(libinit2.o)
    0x0800016e   0x0800016e   0x00000002   Code   RO         4348    .ARM.Collect$$libshutdown$$00000000  c_w.l(libshutdown.o)
    0x08000170   0x08000170   0x00000000   Code   RO         4361    .ARM.Collect$$libshutdown$$00000002  c_w.l(libshutdown2.o)
    0x08000170   0x08000170   0x00000000   Code   RO         4363    .ARM.Collect$$libshutdown$$00000004  c_w.l(libshutdown2.o)
    0x08000170   0x08000170   0x00000000   Code   RO         4365    .ARM.Collect$$libshutdown$$00000006  c_w.l(libshutdown2.o)
    0x08000170   0x08000170   0x00000000   Code   RO         4368    .ARM.Collect$$libshutdown$$00000009  c_w.l(libshutdown2.o)
    0x08000170   0x08000170   0x00000000   Code   RO         4371    .ARM.Collect$$libshutdown$$0000000C  c_w.l(libshutdown2.o)
    0x08000170   0x08000170   0x00000000   Code   RO         4373    .ARM.Collect$$libshutdown$$0000000E  c_w.l(libshutdown2.o)
    0x08000170   0x08000170   0x00000000   Code   RO         4376    .ARM.Collect$$libshutdown$$00000011  c_w.l(libshutdown2.o)
    0x08000170   0x08000170   0x00000002   Code   RO         4377    .ARM.Collect$$libshutdown$$00000012  c_w.l(libshutdown2.o)
    0x08000172   0x08000172   0x00000000   Code   RO         4240    .ARM.Collect$$rtentry$$00000000  c_w.l(__rtentry.o)
    0x08000172   0x08000172   0x00000000   Code   RO         4253    .ARM.Collect$$rtentry$$00000002  c_w.l(__rtentry2.o)
    0x08000172   0x08000172   0x00000006   Code   RO         4265    .ARM.Collect$$rtentry$$00000004  c_w.l(__rtentry4.o)
    0x08000178   0x08000178   0x00000008   Code   RO         4254    .ARM.Collect$$rtentry$$00000008  c_w.l(__rtentry2.o)
    0x08000180   0x08000180   0x00000004   Code   RO         4256    .ARM.Collect$$rtentry$$0000000A  c_w.l(__rtentry2.o)
    0x08000184   0x08000184   0x00000000   Code   RO         4258    .ARM.Collect$$rtentry$$0000000C  c_w.l(__rtentry2.o)
    0x08000184   0x08000184   0x00000008   Code   RO         4259    .ARM.Collect$$rtentry$$0000000D  c_w.l(__rtentry2.o)
    0x0800018c   0x0800018c   0x00000002   Code   RO         4282    .ARM.Collect$$rtexit$$00000000  c_w.l(rtexit.o)
    0x0800018e   0x0800018e   0x00000000   Code   RO         4330    .ARM.Collect$$rtexit$$00000002  c_w.l(rtexit2.o)
    0x0800018e   0x0800018e   0x00000004   Code   RO         4331    .ARM.Collect$$rtexit$$00000003  c_w.l(rtexit2.o)
    0x08000192   0x08000192   0x00000006   Code   RO         4332    .ARM.Collect$$rtexit$$00000004  c_w.l(rtexit2.o)
    0x08000198   0x08000198   0x00000096   Code   RO         3306    .emb_text           port.o
    0x0800022e   0x0800022e   0x00000002   PAD
    0x08000230   0x08000230   0x00000040   Code   RO         2989    .text               startup_stm32f10x_md.o
    0x08000270   0x08000270   0x00000028   Code   RO         4204    .text               c_w.l(noretval__2sprintf.o)
    0x08000298   0x08000298   0x00000068   Code   RO         4206    .text               c_w.l(__printf.o)
    0x08000300   0x08000300   0x00000078   Code   RO         4208    .text               c_w.l(_printf_dec.o)
    0x08000378   0x08000378   0x0000008a   Code   RO         4232    .text               c_w.l(rt_memcpy_v6.o)
    0x08000402   0x08000402   0x00000010   Code   RO         4234    .text               c_w.l(aeabi_memset.o)
    0x08000412   0x08000412   0x00000006   Code   RO         4236    .text               c_w.l(heapauxi.o)
    0x08000418   0x08000418   0x000000b2   Code   RO         4241    .text               c_w.l(_printf_intcommon.o)
    0x080004ca   0x080004ca   0x00000002   PAD
    0x080004cc   0x080004cc   0x00000030   Code   RO         4243    .text               c_w.l(_printf_char_common.o)
    0x080004fc   0x080004fc   0x0000000a   Code   RO         4245    .text               c_w.l(_sputc.o)
    0x08000506   0x08000506   0x00000064   Code   RO         4248    .text               c_w.l(rt_memcpy_w.o)
    0x0800056a   0x0800056a   0x00000044   Code   RO         4250    .text               c_w.l(rt_memclr.o)
    0x080005ae   0x080005ae   0x0000004e   Code   RO         4269    .text               c_w.l(rt_memclr_w.o)
    0x080005fc   0x080005fc   0x0000004a   Code   RO         4271    .text               c_w.l(sys_stackheap_outer.o)
    0x08000646   0x08000646   0x00000012   Code   RO         4273    .text               c_w.l(exit.o)
    0x08000658   0x08000658   0x00000008   Code   RO         4279    .text               c_w.l(libspace.o)
    0x08000660   0x08000660   0x0000000c   Code   RO         4340    .text               c_w.l(sys_exit.o)
    0x0800066c   0x0800066c   0x00000002   Code   RO         4351    .text               c_w.l(use_no_semi.o)
    0x0800066e   0x0800066e   0x00000000   Code   RO         4353    .text               c_w.l(indicate_semi.o)
    0x0800066e   0x0800066e   0x00000002   PAD
    0x08000670   0x08000670   0x00000064   Code   RO          454    i.DHT11_Check       dht11.o
    0x080006d4   0x080006d4   0x0000003c   Code   RO          455    i.DHT11_Init        dht11.o
    0x08000710   0x08000710   0x0000004c   Code   RO          456    i.DHT11_Read_Bit    dht11.o
    0x0800075c   0x0800075c   0x00000020   Code   RO          457    i.DHT11_Read_Byte   dht11.o
    0x0800077c   0x0800077c   0x0000005a   Code   RO          458    i.DHT11_Read_Data   dht11.o
    0x080007d6   0x080007d6   0x00000002   PAD
    0x080007d8   0x080007d8   0x00000040   Code   RO          459    i.DHT11_Rst         dht11.o
    0x08000818   0x08000818   0x000000ac   Code   RO            4    i.Fn_GPIO_Init      main.o
    0x080008c4   0x080008c4   0x00000116   Code   RO         1689    i.GPIO_Init         stm32f10x_gpio.o
    0x080009da   0x080009da   0x00000012   Code   RO         1693    i.GPIO_ReadInputDataBit  stm32f10x_gpio.o
    0x080009ec   0x080009ec   0x00000004   Code   RO         1696    i.GPIO_ResetBits    stm32f10x_gpio.o
    0x080009f0   0x080009f0   0x00000004   Code   RO         1697    i.GPIO_SetBits      stm32f10x_gpio.o
    0x080009f4   0x080009f4   0x0000000a   Code   RO          609    i.I2C_LCD_Clear     i2c_lcd.o
    0x080009fe   0x080009fe   0x00000002   PAD
    0x08000a00   0x08000a00   0x0000003c   Code   RO          610    i.I2C_LCD_FlushVal  i2c_lcd.o
    0x08000a3c   0x08000a3c   0x00000084   Code   RO          611    i.I2C_LCD_Init      i2c_lcd.o
    0x08000ac0   0x08000ac0   0x0000000a   Code   RO          612    i.I2C_LCD_NewLine   i2c_lcd.o
    0x08000aca   0x08000aca   0x0000001c   Code   RO          613    i.I2C_LCD_Puts      i2c_lcd.o
    0x08000ae6   0x08000ae6   0x00000002   PAD
    0x08000ae8   0x08000ae8   0x00000030   Code   RO          614    i.I2C_LCD_WriteCmd  i2c_lcd.o
    0x08000b18   0x08000b18   0x00000070   Code   RO          615    i.I2C_LCD_Write_4bit  i2c_lcd.o
    0x08000b88   0x08000b88   0x00000046   Code   RO          539    i.I2C_Read          i2c.o
    0x08000bce   0x08000bce   0x00000044   Code   RO          540    i.I2C_Write         i2c.o
    0x08000c12   0x08000c12   0x00000002   PAD
    0x08000c14   0x08000c14   0x0000006c   Code   RO          616    i.LCD_WaitBusy      i2c_lcd.o
    0x08000c80   0x08000c80   0x00000030   Code   RO          617    i.LCD_Write_Chr     i2c_lcd.o
    0x08000cb0   0x08000cb0   0x00000008   Code   RO          541    i.My_I2C_Init       i2c.o
    0x08000cb8   0x08000cb8   0x00000020   Code   RO         2029    i.RCC_APB2PeriphClockCmd  stm32f10x_rcc.o
    0x08000cd8   0x08000cd8   0x000000d4   Code   RO         2037    i.RCC_GetClocksFreq  stm32f10x_rcc.o
    0x08000dac   0x08000dac   0x00000008   Code   RO         2996    i.SetSysClock       system_stm32f10x.o
    0x08000db4   0x08000db4   0x000000e0   Code   RO         2997    i.SetSysClockTo72   system_stm32f10x.o
    0x08000e94   0x08000e94   0x00000016   Code   RO          792    i.SysTick_Handler   cmsis_os2.o
    0x08000eaa   0x08000eaa   0x00000002   PAD
    0x08000eac   0x08000eac   0x000000a4   Code   RO         2998    i.SystemCoreClockUpdate  system_stm32f10x.o
    0x08000f50   0x08000f50   0x00000060   Code   RO         2999    i.SystemInit        system_stm32f10x.o
    0x08000fb0   0x08000fb0   0x000000b0   Code   RO            5    i.TaskA             main.o
    0x08001060   0x08001060   0x00000098   Code   RO            6    i.TaskB             main.o
    0x080010f8   0x080010f8   0x00000098   Code   RO            7    i.TaskC             main.o
    0x08001190   0x08001190   0x00000098   Code   RO            8    i.TaskMain          main.o
    0x08001228   0x08001228   0x00000028   Code   RO          305    i.USART1_IRQHandler  usart.o
    0x08001250   0x08001250   0x00000028   Code   RO          307    i.USART2_IRQHandler  usart.o
    0x08001278   0x08001278   0x00000028   Code   RO          309    i.USART3_IRQHandler  usart.o
    0x080012a0   0x080012a0   0x00000018   Code   RO         2801    i.USART_Cmd         stm32f10x_usart.o
    0x080012b8   0x080012b8   0x0000001a   Code   RO         2804    i.USART_GetFlagStatus  stm32f10x_usart.o
    0x080012d2   0x080012d2   0x00000054   Code   RO         2805    i.USART_GetITStatus  stm32f10x_usart.o
    0x08001326   0x08001326   0x0000002c   Code   RO          319    i.USART_INT_InsertToBuffer  usart.o
    0x08001352   0x08001352   0x00000002   PAD
    0x08001354   0x08001354   0x000000d8   Code   RO         2808    i.USART_Init        stm32f10x_usart.o
    0x0800142c   0x0800142c   0x00000008   Code   RO         2818    i.USART_SendData    stm32f10x_usart.o
    0x08001434   0x08001434   0x00000016   Code   RO          719    i._mutex_acquire    clib_arm.o
    0x0800144a   0x0800144a   0x00000002   PAD
    0x0800144c   0x0800144c   0x00000034   Code   RO          720    i._mutex_free       clib_arm.o
    0x08001480   0x08001480   0x00000060   Code   RO          721    i._mutex_initialize  clib_arm.o
    0x080014e0   0x080014e0   0x00000018   Code   RO          722    i._mutex_release    clib_arm.o
    0x080014f8   0x080014f8   0x00000002   Code   RO          723    i._platform_post_stackheap_init  clib_arm.o
    0x080014fa   0x080014fa   0x0000002c   Code   RO          275    i.delay_ms          delay.o
    0x08001526   0x08001526   0x00000002   PAD
    0x08001528   0x08001528   0x00000030   Code   RO          276    i.delay_us          delay.o
    0x08001558   0x08001558   0x00000038   Code   RO          542    i.i2c_init          i2c.o
    0x08001590   0x08001590   0x00000090   Code   RO          543    i.i2c_read          i2c.o
    0x08001620   0x08001620   0x00000040   Code   RO          544    i.i2c_start         i2c.o
    0x08001660   0x08001660   0x00000034   Code   RO          545    i.i2c_stop          i2c.o
    0x08001694   0x08001694   0x00000098   Code   RO          546    i.i2c_write         i2c.o
    0x0800172c   0x0800172c   0x000000a4   Code   RO            9    i.main              main.o
    0x080017d0   0x080017d0   0x00000012   Code   RO          724    i.os_kernel_is_active  clib_arm.o
    0x080017e2   0x080017e2   0x00000002   PAD
    0x080017e4   0x080017e4   0x000000a4   Code   RO         3626    i.prvAddCurrentTaskToDelayedList  tasks.o
    0x08001888   0x08001888   0x000000e8   Code   RO         3627    i.prvAddNewTaskToReadyList  tasks.o
    0x08001970   0x08001970   0x0000005c   Code   RO         4023    i.prvCheckForValidListAndQueue  timers.o
    0x080019cc   0x080019cc   0x00000048   Code   RO         3628    i.prvCheckTasksWaitingTermination  tasks.o
    0x08001a14   0x08001a14   0x0000002a   Code   RO         3389    i.prvCopyDataFromQueue  queue.o
    0x08001a3e   0x08001a3e   0x0000007e   Code   RO         3390    i.prvCopyDataToQueue  queue.o
    0x08001abc   0x08001abc   0x00000028   Code   RO         3629    i.prvDeleteTCB      tasks.o
    0x08001ae4   0x08001ae4   0x00000014   Code   RO         3391    i.prvGetDisinheritPriorityAfterTimeout  queue.o
    0x08001af8   0x08001af8   0x00000028   Code   RO         4024    i.prvGetNextExpireTime  timers.o
    0x08001b20   0x08001b20   0x0000007c   Code   RO         3239    i.prvHeapInit       heap_4.o
    0x08001b9c   0x08001b9c   0x00000028   Code   RO         3630    i.prvIdleTask       tasks.o
    0x08001bc4   0x08001bc4   0x0000001e   Code   RO         3392    i.prvInitialiseMutex  queue.o
    0x08001be2   0x08001be2   0x0000002a   Code   RO         3393    i.prvInitialiseNewQueue  queue.o
    0x08001c0c   0x08001c0c   0x0000009a   Code   RO         3631    i.prvInitialiseNewTask  tasks.o
    0x08001ca6   0x08001ca6   0x00000002   PAD
    0x08001ca8   0x08001ca8   0x00000068   Code   RO         3632    i.prvInitialiseTaskLists  tasks.o
    0x08001d10   0x08001d10   0x00000068   Code   RO         3240    i.prvInsertBlockIntoFreeList  heap_4.o
    0x08001d78   0x08001d78   0x00000058   Code   RO         4026    i.prvInsertTimerInActiveList  timers.o
    0x08001dd0   0x08001dd0   0x0000001a   Code   RO         3394    i.prvIsQueueEmpty   queue.o
    0x08001dea   0x08001dea   0x0000001e   Code   RO         3395    i.prvIsQueueFull    queue.o
    0x08001e08   0x08001e08   0x00000044   Code   RO         4027    i.prvProcessExpiredTimer  timers.o
    0x08001e4c   0x08001e4c   0x00000110   Code   RO         4028    i.prvProcessReceivedCommands  timers.o
    0x08001f5c   0x08001f5c   0x00000074   Code   RO         4029    i.prvProcessTimerOrBlockTask  timers.o
    0x08001fd0   0x08001fd0   0x00000028   Code   RO         4030    i.prvReloadTimer    timers.o
    0x08001ff8   0x08001ff8   0x00000030   Code   RO         3634    i.prvResetNextTaskUnblockTime  tasks.o
    0x08002028   0x08002028   0x0000002c   Code   RO         4031    i.prvSampleTimeNow  timers.o
    0x08002054   0x08002054   0x00000044   Code   RO         4032    i.prvSwitchTimerLists  timers.o
    0x08002098   0x08002098   0x00000016   Code   RO         3307    i.prvTaskExitError  port.o
    0x080020ae   0x080020ae   0x0000001e   Code   RO         3063    i.prvTestWaitCondition  event_groups.o
    0x080020cc   0x080020cc   0x0000001a   Code   RO         4033    i.prvTimerTask      timers.o
    0x080020e6   0x080020e6   0x0000007e   Code   RO         3396    i.prvUnlockQueue    queue.o
    0x08002164   0x08002164   0x000000fc   Code   RO         3241    i.pvPortMalloc      heap_4.o
    0x08002260   0x08002260   0x00000020   Code   RO         3637    i.pvTaskIncrementMutexHeldCount  tasks.o
    0x08002280   0x08002280   0x00000024   Code   RO         3308    i.pxPortInitialiseStack  port.o
    0x080022a4   0x080022a4   0x00000020   Code   RO           10    i.usart_SendChar    main.o
    0x080022c4   0x080022c4   0x00000016   Code   RO           11    i.usart_SendStr     main.o
    0x080022da   0x080022da   0x00000028   Code   RO         3188    i.uxListRemove      list.o
    0x08002302   0x08002302   0x00000002   PAD
    0x08002304   0x08002304   0x0000001c   Code   RO         3646    i.uxTaskResetEventItemValue  tasks.o
    0x08002320   0x08002320   0x00000018   Code   RO          865    i.vApplicationGetIdleTaskMemory  cmsis_os2.o
    0x08002338   0x08002338   0x00000018   Code   RO          866    i.vApplicationGetTimerTaskMemory  cmsis_os2.o
    0x08002350   0x08002350   0x00000002   Code   RO          867    i.vApplicationStackOverflowHook  cmsis_os2.o
    0x08002352   0x08002352   0x0000001a   Code   RO         3189    i.vListInitialise   list.o
    0x0800236c   0x0800236c   0x00000006   Code   RO         3190    i.vListInitialiseItem  list.o
    0x08002372   0x08002372   0x00000034   Code   RO         3191    i.vListInsert       list.o
    0x080023a6   0x080023a6   0x00000002   PAD
    0x080023a8   0x080023a8   0x00000024   Code   RO         3310    i.vPortEnterCritical  port.o
    0x080023cc   0x080023cc   0x00000020   Code   RO         3311    i.vPortExitCritical  port.o
    0x080023ec   0x080023ec   0x00000058   Code   RO         3242    i.vPortFree         heap_4.o
    0x08002444   0x08002444   0x00000028   Code   RO         3312    i.vPortSetupTimerInterrupt  port.o
    0x0800246c   0x0800246c   0x00000014   Code   RO         3402    i.vQueueDelete      queue.o
    0x08002480   0x08002480   0x0000004a   Code   RO         3404    i.vQueueWaitForMessageRestricted  queue.o
    0x080024ca   0x080024ca   0x00000002   PAD
    0x080024cc   0x080024cc   0x00000034   Code   RO         3647    i.vTaskDelay        tasks.o
    0x08002500   0x08002500   0x00000018   Code   RO         3652    i.vTaskInternalSetTimeOutState  tasks.o
    0x08002518   0x08002518   0x0000000c   Code   RO         3653    i.vTaskMissedYield  tasks.o
    0x08002524   0x08002524   0x00000020   Code   RO         3654    i.vTaskPlaceOnEventList  tasks.o
    0x08002544   0x08002544   0x0000004c   Code   RO         3655    i.vTaskPlaceOnEventListRestricted  tasks.o
    0x08002590   0x08002590   0x00000050   Code   RO         3656    i.vTaskPlaceOnUnorderedEventList  tasks.o
    0x080025e0   0x080025e0   0x000000c0   Code   RO         3657    i.vTaskPriorityDisinheritAfterTimeout  tasks.o
    0x080026a0   0x080026a0   0x000000cc   Code   RO         3659    i.vTaskRemoveFromUnorderedEventList  tasks.o
    0x0800276c   0x0800276c   0x0000009c   Code   RO         3663    i.vTaskStartScheduler  tasks.o
    0x08002808   0x08002808   0x00000010   Code   RO         3665    i.vTaskSuspendAll   tasks.o
    0x08002818   0x08002818   0x000000b0   Code   RO         3666    i.vTaskSwitchContext  tasks.o
    0x080028c8   0x080028c8   0x0000001e   Code   RO         3071    i.xEventGroupCreate  event_groups.o
    0x080028e6   0x080028e6   0x00000092   Code   RO         3074    i.xEventGroupSetBits  event_groups.o
    0x08002978   0x08002978   0x000000cc   Code   RO         3077    i.xEventGroupWaitBits  event_groups.o
    0x08002a44   0x08002a44   0x00000034   Code   RO         3313    i.xPortStartScheduler  port.o
    0x08002a78   0x08002a78   0x00000034   Code   RO         3314    i.xPortSysTickHandler  port.o
    0x08002aac   0x08002aac   0x00000022   Code   RO         3407    i.xQueueCreateMutex  queue.o
    0x08002ace   0x08002ace   0x0000002a   Code   RO         3408    i.xQueueCreateMutexStatic  queue.o
    0x08002af8   0x08002af8   0x00000052   Code   RO         3409    i.xQueueGenericCreate  queue.o
    0x08002b4a   0x08002b4a   0x0000003e   Code   RO         3410    i.xQueueGenericCreateStatic  queue.o
    0x08002b88   0x08002b88   0x000000a0   Code   RO         3411    i.xQueueGenericReset  queue.o
    0x08002c28   0x08002c28   0x00000118   Code   RO         3412    i.xQueueGenericSend  queue.o
    0x08002d40   0x08002d40   0x00000104   Code   RO         3422    i.xQueueReceive     queue.o
    0x08002e44   0x08002e44   0x00000130   Code   RO         3424    i.xQueueSemaphoreTake  queue.o
    0x08002f74   0x08002f74   0x00000060   Code   RO         3668    i.xTaskCheckForTimeOut  tasks.o
    0x08002fd4   0x08002fd4   0x00000064   Code   RO         3669    i.xTaskCreate       tasks.o
    0x08003038   0x08003038   0x0000004e   Code   RO         3670    i.xTaskCreateStatic  tasks.o
    0x08003086   0x08003086   0x00000002   PAD
    0x08003088   0x08003088   0x00000020   Code   RO         3677    i.xTaskGetSchedulerState  tasks.o
    0x080030a8   0x080030a8   0x0000000c   Code   RO         3678    i.xTaskGetTickCount  tasks.o
    0x080030b4   0x080030b4   0x00000190   Code   RO         3680    i.xTaskIncrementTick  tasks.o
    0x08003244   0x08003244   0x00000094   Code   RO         3681    i.xTaskPriorityDisinherit  tasks.o
    0x080032d8   0x080032d8   0x000000d8   Code   RO         3682    i.xTaskPriorityInherit  tasks.o
    0x080033b0   0x080033b0   0x00000108   Code   RO         3683    i.xTaskRemoveFromEventList  tasks.o
    0x080034b8   0x080034b8   0x00000158   Code   RO         3684    i.xTaskResumeAll    tasks.o
    0x08003610   0x08003610   0x00000060   Code   RO         4042    i.xTimerCreateTimerTask  timers.o
    0x08003670   0x08003670   0x00000020   Data   RO         4408    Region$$Table       anon$$obj.o


    Execution Region RW_IRAM1 (Exec base: 0x20000000, Load base: 0x08003690, Size: 0x000034d0, Max: 0x00005000, ABSOLUTE)

    Exec Addr    Load Addr    Size         Type   Attr      Idx    E Section Name        Object

    0x20000000   0x08003690   0x0000000a   Data   RW           13    .data               main.o
    0x2000000a   0x0800369a   0x00000002   PAD
    0x2000000c   0x0800369c   0x0000002c   Data   RW          325    .data               usart.o
    0x20000038   0x080036c8   0x00000009   Data   RW          618    .data               i2c_lcd.o
    0x20000041   0x080036d1   0x00000014   Data   RW         2057    .data               stm32f10x_rcc.o
    0x20000055   0x080036e5   0x00000003   PAD
    0x20000058   0x080036e8   0x00000014   Data   RW         3000    .data               system_stm32f10x.o
    0x2000006c   0x080036fc   0x00000020   Data   RW         3248    .data               heap_4.o
    0x2000008c   0x0800371c   0x00000004   Data   RW         3315    .data               port.o
    0x20000090   0x08003720   0x00000040   Data   RW         3687    .data               tasks.o
    0x200000d0   0x08003760   0x00000014   Data   RW         4051    .data               timers.o
    0x200000e4        -       0x00000014   Zero   RW           12    .bss                main.o
    0x200000f8        -       0x00000060   Zero   RW          324    .bss                usart.o
    0x20000158        -       0x00000394   Zero   RW          725    .bss                clib_arm.o
    0x200004ec        -       0x000003f8   Zero   RW          868    .bss                cmsis_os2.o
    0x200008e4        -       0x00002000   Zero   RW         3247    .bss                heap_4.o
    0x200028e4        -       0x000004c4   Zero   RW         3686    .bss                tasks.o
    0x20002da8        -       0x000000c8   Zero   RW         4050    .bss                timers.o
    0x20002e70        -       0x00000060   Zero   RW         4280    .bss                c_w.l(libspace.o)
    0x20002ed0        -       0x00000200   Zero   RW         2987    HEAP                startup_stm32f10x_md.o
    0x200030d0        -       0x00000400   Zero   RW         2986    STACK               startup_stm32f10x_md.o


==============================================================================

Image component sizes


      Code (inc. data)   RO Data    RW Data    ZI Data      Debug   Object Name

       214         16          0          0        916      10240   clib_arm.o
        72         20          0          0       1016      30823   cmsis_os2.o
        92          6          0          0          0       1518   delay.o
       422         34          0          0          0       3416   dht11.o
       410          6          0          0          0      17007   event_groups.o
       568         72          0         32       8192       4243   heap_4.o
       614         24          0          0          0       4750   i2c.o
       556         34          0          9          0       4711   i2c_lcd.o
       124          0          0          0          0      12245   list.o
      1022        268          0         10         20     261168   main.o
       420         48          0          4          0       9316   port.o
      1760         16          0          0          0      18375   queue.o
        64         26        236          0       1536        812   startup_stm32f10x_md.o
       304          0          0          0          0       4088   stm32f10x_gpio.o
       244         26          0         20          0       4149   stm32f10x_rcc.o
       358          6          0          0          0       5284   stm32f10x_usart.o
       492         50          0         20          0       2889   system_stm32f10x.o
      3624        398          0         64       1220      48074   tasks.o
       950        110          0         20        200      11740   timers.o
       164         30          0         44         96       3921   usart.o

    ----------------------------------------------------------------------
     12504       1190        268        228      13196     458769   Object Totals
         0          0         32          0          0          0   (incl. Generated)
        30          0          0          5          0          0   (incl. Padding)

    ----------------------------------------------------------------------

      Code (inc. data)   RO Data    RW Data    ZI Data      Debug   Library Member Name

         8          0          0          0          0         68   __main.o
       104          0          0          0          0         84   __printf.o
         0          0          0          0          0          0   __rtentry.o
        20          0          0          0          0          0   __rtentry2.o
         6          0          0          0          0          0   __rtentry4.o
        52          8          0          0          0          0   __scatter.o
        26          0          0          0          0          0   __scatter_copy.o
        28          0          0          0          0          0   __scatter_zi.o
        48          6          0          0          0         96   _printf_char_common.o
         6          0          0          0          0          0   _printf_d.o
       120         16          0          0          0         92   _printf_dec.o
       178          0          0          0          0         88   _printf_intcommon.o
         0          0          0          0          0          0   _printf_percent.o
         4          0          0          0          0          0   _printf_percent_end.o
        10          0          0          0          0         68   _sputc.o
        16          0          0          0          0         68   aeabi_memset.o
        18          0          0          0          0         80   exit.o
         6          0          0          0          0        152   heapauxi.o
         0          0          0          0          0          0   indicate_semi.o
         2          0          0          0          0          0   libinit.o
         2          0          0          0          0          0   libinit2.o
         2          0          0          0          0          0   libshutdown.o
         2          0          0          0          0          0   libshutdown2.o
         8          4          0          0         96         68   libspace.o
        40          6          0          0          0         84   noretval__2sprintf.o
        68          0          0          0          0         68   rt_memclr.o
        78          0          0          0          0         80   rt_memclr_w.o
       138          0          0          0          0         68   rt_memcpy_v6.o
       100          0          0          0          0         80   rt_memcpy_w.o
         2          0          0          0          0          0   rtexit.o
        10          0          0          0          0          0   rtexit2.o
        12          4          0          0          0         68   sys_exit.o
        74          0          0          0          0         80   sys_stackheap_outer.o
         2          0          0          0          0         68   use_no_semi.o

    ----------------------------------------------------------------------
      1196         44          0          0         96       1460   Library Totals
         6          0          0          0          0          0   (incl. Padding)

    ----------------------------------------------------------------------

      Code (inc. data)   RO Data    RW Data    ZI Data      Debug   Library Name

      1190         44          0          0         96       1460   c_w.l

    ----------------------------------------------------------------------
      1196         44          0          0         96       1460   Library Totals

    ----------------------------------------------------------------------

==============================================================================


      Code (inc. data)   RO Data    RW Data    ZI Data      Debug   

     13700       1234        268        228      13292     452269   Grand Totals
     13700       1234        268        228      13292     452269   ELF Image Totals
     13700       1234        268        228          0          0   ROM Totals

==============================================================================

    Total RO  Size (Code + RO Data)                13968 (  13.64kB)
    Total RW  Size (RW Data + ZI Data)             13520 (  13.20kB)
    Total ROM Size (Code + RO Data + RW Data)      14196 (  13.86kB)

==============================================================================

