Component: ARM Compiler 5.06 update 7 (build 960) Tool: armlink [4d3601]

==============================================================================

Section Cross References

    main.o(.text) refers to _printf_pad.o(.text) for _printf_pre_padding
    main.o(.text) refers to _printf_truncate.o(.text) for _printf_truncate_unsigned
    main.o(.text) refers to _printf_percent.o(.ARM.Collect$$_printf_percent$$00000000) for _printf_percent
    main.o(.text) refers to _printf_d.o(.ARM.Collect$$_printf_percent$$00000009) for _printf_d
    main.o(.text) refers to _printf_i.o(.ARM.Collect$$_printf_percent$$00000008) for _printf_i
    main.o(.text) refers to _printf_u.o(.ARM.Collect$$_printf_percent$$0000000A) for _printf_u
    main.o(.text) refers to _printf_o.o(.ARM.Collect$$_printf_percent$$0000000B) for _printf_o
    main.o(.text) refers to _printf_x.o(.ARM.Collect$$_printf_percent$$0000000C) for _printf_x
    main.o(.text) refers to _printf_c.o(.ARM.Collect$$_printf_percent$$00000013) for _printf_c
    main.o(.text) refers to _printf_lc.o(.ARM.Collect$$_printf_percent$$00000015) for _printf_lc
    main.o(.text) refers to _printf_dec.o(.text) for _printf_int_dec
    main.o(.text) refers to _printf_oct_int.o(.text) for _printf_longlong_oct
    main.o(.text) refers to _printf_hex_int.o(.text) for _printf_longlong_hex
    main.o(.text) refers to _printf_str.o(.text) for _printf_str
    main.o(.text) refers to _printf_wctomb.o(.text) for _printf_wctomb
    main.o(.text) refers to i2c_lcd.o(.text) for I2C_LCD_Init
    main.o(.text) refers to ds1307.o(.text) for ds1307_init
    main.o(.text) refers to noretval__2sprintf.o(.text) for __2sprintf
    main.o(.text) refers to delay.o(.text) for delay_ms
    main.o(.text) refers to main.o(.data) for y
    delay.o(.text) refers to stm32f10x_rcc.o(.text) for RCC_GetClocksFreq
    ds1307.o(.text) refers to i2c_ds1307.o(.text) for i2c_ds1307_init
    i2c_ds1307.o(.text) refers to stm32f10x_rcc.o(.text) for RCC_APB1PeriphClockCmd
    i2c_ds1307.o(.text) refers to stm32f10x_i2c.o(.text) for I2C_Init
    i2c_ds1307.o(.text) refers to stm32f10x_gpio.o(.text) for GPIO_Init
    i2c.o(.text) refers to stm32f10x_rcc.o(.text) for RCC_APB2PeriphClockCmd
    i2c.o(.text) refers to stm32f10x_gpio.o(.text) for GPIO_Init
    i2c.o(.text) refers to delay.o(.text) for delay_us
    i2c_lcd.o(.text) refers to i2c.o(.text) for I2C_Write
    i2c_lcd.o(.text) refers to delay.o(.text) for delay_ms
    i2c_lcd.o(.text) refers to i2c_lcd.o(.data) for u8LcdTmp
    stm32f10x_gpio.o(.text) refers to stm32f10x_rcc.o(.text) for RCC_APB2PeriphResetCmd
    stm32f10x_i2c.o(.text) refers to stm32f10x_rcc.o(.text) for RCC_APB1PeriphResetCmd
    stm32f10x_rcc.o(.text) refers to stm32f10x_rcc.o(.data) for APBAHBPrescTable
    startup_stm32f10x_md.o(STACK) refers (Special) to heapauxi.o(.text) for __use_two_region_memory
    startup_stm32f10x_md.o(HEAP) refers (Special) to heapauxi.o(.text) for __use_two_region_memory
    startup_stm32f10x_md.o(RESET) refers (Special) to heapauxi.o(.text) for __use_two_region_memory
    startup_stm32f10x_md.o(RESET) refers to startup_stm32f10x_md.o(STACK) for __initial_sp
    startup_stm32f10x_md.o(RESET) refers to startup_stm32f10x_md.o(.text) for Reset_Handler
    startup_stm32f10x_md.o(.text) refers (Special) to heapauxi.o(.text) for __use_two_region_memory
    startup_stm32f10x_md.o(.text) refers to system_stm32f10x.o(.text) for SystemInit
    startup_stm32f10x_md.o(.text) refers to __main.o(!!!main) for __main
    startup_stm32f10x_md.o(.text) refers to startup_stm32f10x_md.o(HEAP) for Heap_Mem
    startup_stm32f10x_md.o(.text) refers to startup_stm32f10x_md.o(STACK) for Stack_Mem
    system_stm32f10x.o(.text) refers to system_stm32f10x.o(.data) for SystemCoreClock
    __2sprintf.o(.text) refers to _printf_char_common.o(.text) for _printf_char_common
    __2sprintf.o(.text) refers to _sputc.o(.text) for _sputc
    noretval__2sprintf.o(.text) refers to _printf_char_common.o(.text) for _printf_char_common
    noretval__2sprintf.o(.text) refers to _sputc.o(.text) for _sputc
    __printf.o(.text) refers to _printf_percent.o(.ARM.Collect$$_printf_percent$$00000000) for _printf_percent
    _printf_str.o(.text) refers (Special) to _printf_char.o(.text) for _printf_cs_common
    _printf_str.o(.text) refers (Weak) to _printf_pad.o(.text) for _printf_pre_padding
    _printf_str.o(.text) refers (Weak) to _printf_pad.o(.text) for _printf_post_padding
    _printf_dec.o(.text) refers (Weak) to _printf_truncate.o(.text) for _printf_truncate_signed
    _printf_dec.o(.text) refers (Weak) to _printf_truncate.o(.text) for _printf_truncate_unsigned
    _printf_dec.o(.text) refers to _printf_intcommon.o(.text) for _printf_int_common
    _printf_wctomb.o(.text) refers (Special) to _printf_wchar.o(.text) for _printf_lcs_common
    _printf_wctomb.o(.text) refers to _wcrtomb.o(.text) for _wcrtomb
    _printf_wctomb.o(.text) refers (Weak) to _printf_pad.o(.text) for _printf_pre_padding
[...]
    rt_locale_intlibspace.o(.text) refers to libspace.o(.bss) for __libspace_start
    lc_ctype_c.o(locale$$data) refers (Special) to libinit2.o(.ARM.Collect$$libinit$$00000012) for __rt_lib_init_lc_ctype_2
    lc_ctype_c.o(locale$$code) refers (Special) to libinit2.o(.ARM.Collect$$libinit$$00000012) for __rt_lib_init_lc_ctype_2
    lc_ctype_c.o(locale$$code) refers to strcmpv7m.o(.text) for strcmp
    lc_ctype_c.o(locale$$code) refers to lc_ctype_c.o(locale$$data) for __lcctype_c_name
    exit.o(.text) refers to rtexit.o(.ARM.Collect$$rtexit$$00000000) for __rt_exit
    libinit.o(.ARM.Collect$$libinit$$00000000) refers (Special) to libinit2.o(.ARM.Collect$$libinit$$0000002E) for __rt_lib_init_alloca_1
    libinit.o(.ARM.Collect$$libinit$$00000000) refers (Special) to libinit2.o(.ARM.Collect$$libinit$$0000002C) for __rt_lib_init_argv_1
    libinit.o(.ARM.Collect$$libinit$$00000000) refers (Special) to libinit2.o(.ARM.Collect$$libinit$$0000001B) for __rt_lib_init_atexit_1
    libinit.o(.ARM.Collect$$libinit$$00000000) refers (Special) to libinit2.o(.ARM.Collect$$libinit$$00000021) for __rt_lib_init_clock_1
    libinit.o(.ARM.Collect$$libinit$$00000000) refers (Special) to libinit2.o(.ARM.Collect$$libinit$$00000032) for __rt_lib_init_cpp_1
    libinit.o(.ARM.Collect$$libinit$$00000000) refers (Special) to libinit2.o(.ARM.Collect$$libinit$$00000030) for __rt_lib_init_exceptions_1
    libinit.o(.ARM.Collect$$libinit$$00000000) refers (Special) to libinit2.o(.ARM.Collect$$libinit$$00000002) for __rt_lib_init_fp_1
    libinit.o(.ARM.Collect$$libinit$$00000000) refers (Special) to libinit2.o(.ARM.Collect$$libinit$$0000001F) for __rt_lib_init_fp_trap_1
    libinit.o(.ARM.Collect$$libinit$$00000000) refers (Special) to libinit2.o(.ARM.Collect$$libinit$$00000023) for __rt_lib_init_getenv_1
    libinit.o(.ARM.Collect$$libinit$$00000000) refers (Special) to libinit2.o(.ARM.Collect$$libinit$$0000000A) for __rt_lib_init_heap_1
    libinit.o(.ARM.Collect$$libinit$$00000000) refers (Special) to libinit2.o(.ARM.Collect$$libinit$$00000011) for __rt_lib_init_lc_collate_1
    libinit.o(.ARM.Collect$$libinit$$00000000) refers (Special) to libinit2.o(.ARM.Collect$$libinit$$00000013) for __rt_lib_init_lc_ctype_1
    libinit.o(.ARM.Collect$$libinit$$00000000) refers (Special) to libinit2.o(.ARM.Collect$$libinit$$00000015) for __rt_lib_init_lc_monetary_1
    libinit.o(.ARM.Collect$$libinit$$00000000) refers (Special) to libinit2.o(.ARM.Collect$$libinit$$00000017) for __rt_lib_init_lc_numeric_1
    libinit.o(.ARM.Collect$$libinit$$00000000) refers (Special) to libinit2.o(.ARM.Collect$$libinit$$00000019) for __rt_lib_init_lc_time_1
    libinit.o(.ARM.Collect$$libinit$$00000000) refers (Special) to libinit2.o(.ARM.Collect$$libinit$$00000004) for __rt_lib_init_preinit_1
    libinit.o(.ARM.Collect$$libinit$$00000000) refers (Special) to libinit2.o(.ARM.Collect$$libinit$$0000000E) for __rt_lib_init_rand_1
    libinit.o(.ARM.Collect$$libinit$$00000000) refers (Special) to libinit2.o(.ARM.Collect$$libinit$$00000033) for __rt_lib_init_return
    libinit.o(.ARM.Collect$$libinit$$00000000) refers (Special) to libinit2.o(.ARM.Collect$$libinit$$0000001D) for __rt_lib_init_signal_1
    libinit.o(.ARM.Collect$$libinit$$00000000) refers (Special) to libinit2.o(.ARM.Collect$$libinit$$00000025) for __rt_lib_init_stdio_1
    libinit.o(.ARM.Collect$$libinit$$00000000) refers (Special) to libinit2.o(.ARM.Collect$$libinit$$0000000C) for __rt_lib_init_user_alloc_1
    libspace.o(.text) refers to libspace.o(.bss) for __libspace_start
    rtexit.o(.ARM.Collect$$rtexit$$00000000) refers (Special) to rtexit2.o(.ARM.Collect$$rtexit$$00000004) for __rt_exit_exit
    rtexit.o(.ARM.Collect$$rtexit$$00000000) refers (Special) to rtexit2.o(.ARM.Collect$$rtexit$$00000003) for __rt_exit_ls
    rtexit.o(.ARM.Collect$$rtexit$$00000000) refers (Special) to rtexit2.o(.ARM.Collect$$rtexit$$00000002) for __rt_exit_prels_1
    rtexit.o(.ARM.exidx) refers (Special) to rtexit2.o(.ARM.Collect$$rtexit$$00000004) for __rt_exit_exit
    rtexit.o(.ARM.exidx) refers (Special) to rtexit2.o(.ARM.Collect$$rtexit$$00000003) for __rt_exit_ls
    rtexit.o(.ARM.exidx) refers (Special) to rtexit2.o(.ARM.Collect$$rtexit$$00000002) for __rt_exit_prels_1
    rtexit.o(.ARM.exidx) refers to rtexit.o(.ARM.Collect$$rtexit$$00000000) for .ARM.Collect$$rtexit$$00000000
    libinit2.o(.ARM.Collect$$libinit$$0000000F) refers (Weak) to rt_locale_intlibspace.o(.text) for __rt_locale
    libinit2.o(.ARM.Collect$$libinit$$00000010) refers to libinit2.o(.ARM.Collect$$libinit$$0000000F) for .ARM.Collect$$libinit$$0000000F
    libinit2.o(.ARM.Collect$$libinit$$00000012) refers to libinit2.o(.ARM.Collect$$libinit$$0000000F) for .ARM.Collect$$libinit$$0000000F
    libinit2.o(.ARM.Collect$$libinit$$00000012) refers (Weak) to lc_ctype_c.o(locale$$code) for _get_lc_ctype
    libinit2.o(.ARM.Collect$$libinit$$00000014) refers to libinit2.o(.ARM.Collect$$libinit$$0000000F) for .ARM.Collect$$libinit$$0000000F
    libinit2.o(.ARM.Collect$$libinit$$00000016) refers to libinit2.o(.ARM.Collect$$libinit$$0000000F) for .ARM.Collect$$libinit$$0000000F
    libinit2.o(.ARM.Collect$$libinit$$00000018) refers to libinit2.o(.ARM.Collect$$libinit$$0000000F) for .ARM.Collect$$libinit$$0000000F
    libinit2.o(.ARM.Collect$$libinit$$00000026) refers to argv_veneer.o(.emb_text) for __ARM_argv_veneer
    libinit2.o(.ARM.Collect$$libinit$$00000027) refers to argv_veneer.o(.emb_text) for __ARM_argv_veneer
    rtexit2.o(.ARM.Collect$$rtexit$$00000003) refers to libshutdown.o(.ARM.Collect$$libshutdown$$00000000) for __rt_lib_shutdown
    rtexit2.o(.ARM.Collect$$rtexit$$00000004) refers to sys_exit.o(.text) for _sys_exit
    rtexit2.o(.ARM.exidx) refers to rtexit2.o(.ARM.Collect$$rtexit$$00000001) for .ARM.Collect$$rtexit$$00000001
    rtexit2.o(.ARM.exidx) refers to rtexit2.o(.ARM.Collect$$rtexit$$00000003) for .ARM.Collect$$rtexit$$00000003
    rtexit2.o(.ARM.exidx) refers to rtexit2.o(.ARM.Collect$$rtexit$$00000004) for .ARM.Collect$$rtexit$$00000004
    argv_veneer.o(.emb_text) refers to no_argv.o(.text) for __ARM_get_argv
    sys_exit.o(.text) refers (Special) to use_no_semi.o(.text) for __I$use$semihosting
    sys_exit.o(.text) refers (Special) to indicate_semi.o(.text) for __semihosting_library_function
    _get_argv_nomalloc.o(.text) refers (Special) to hrguard.o(.text) for __heap_region$guard
    _get_argv_nomalloc.o(.text) refers to defsig_rtmem_outer.o(.text) for __rt_SIGRTMEM
    _get_argv_nomalloc.o(.text) refers to sys_command.o(.text) for _sys_command_string
    libshutdown.o(.ARM.Collect$$libshutdown$$00000000) refers (Special) to libshutdown2.o(.ARM.Collect$$libshutdown$$00000004) for __rt_lib_shutdown_cpp_1
    libshutdown.o(.ARM.Collect$$libshutdown$$00000000) refers (Special) to libshutdown2.o(.ARM.Collect$$libshutdown$$00000002) for __rt_lib_shutdown_fini_1
    libshutdown.o(.ARM.Collect$$libshutdown$$00000000) refers (Special) to libshutdown2.o(.ARM.Collect$$libshutdown$$00000009) for __rt_lib_shutdown_fp_trap_1
    libshutdown.o(.ARM.Collect$$libshutdown$$00000000) refers (Special) to libshutdown2.o(.ARM.Collect$$libshutdown$$00000011) for __rt_lib_shutdown_heap_1
    libshutdown.o(.ARM.Collect$$libshutdown$$00000000) refers (Special) to libshutdown2.o(.ARM.Collect$$libshutdown$$00000012) for __rt_lib_shutdown_return
    libshutdown.o(.ARM.Collect$$libshutdown$$00000000) refers (Special) to libshutdown2.o(.ARM.Collect$$libshutdown$$0000000C) for __rt_lib_shutdown_signal_1
    libshutdown.o(.ARM.Collect$$libshutdown$$00000000) refers (Special) to libshutdown2.o(.ARM.Collect$$libshutdown$$00000006) for __rt_lib_shutdown_stdio_1
    libshutdown.o(.ARM.Collect$$libshutdown$$00000000) refers (Special) to libshutdown2.o(.ARM.Collect$$libshutdown$$0000000E) for __rt_lib_shutdown_user_alloc_1
    sys_command.o(.text) refers (Special) to use_no_semi.o(.text) for __I$use$semihosting
    sys_command.o(.text) refers (Special) to indicate_semi.o(.text) for __semihosting_library_function
    defsig_rtmem_outer.o(.text) refers to defsig_rtmem_inner.o(.text) for __rt_SIGRTMEM_inner
    defsig_rtmem_outer.o(.text) refers to defsig_exit.o(.text) for __sig_exit
    defsig_rtmem_formal.o(.text) refers to rt_raise.o(.text) for __rt_raise
    rt_raise.o(.text) refers to __raise.o(.text) for __raise
    rt_raise.o(.text) refers to sys_exit.o(.text) for _sys_exit
    defsig_exit.o(.text) refers to sys_exit.o(.text) for _sys_exit
    defsig_rtmem_inner.o(.text) refers to defsig_general.o(.text) for __default_signal_display
    __raise.o(.text) refers to defsig.o(CL$$defsig) for __default_signal_handler
    defsig_general.o(.text) refers to sys_wrch.o(.text) for _ttywrch
    sys_wrch.o(.text) refers (Special) to use_no_semi.o(.text) for __I$use$semihosting
    sys_wrch.o(.text) refers (Special) to indicate_semi.o(.text) for __semihosting_library_function
    defsig.o(CL$$defsig) refers to defsig_rtmem_inner.o(.text) for __rt_SIGRTMEM_inner
    defsig_abrt_inner.o(.text) refers to defsig_general.o(.text) for __default_signal_display
    defsig_fpe_inner.o(.text) refers to defsig_general.o(.text) for __default_signal_display
    defsig_rtred_inner.o(.text) refers to defsig_general.o(.text) for __default_signal_display
    defsig_stak_inner.o(.text) refers to defsig_general.o(.text) for __default_signal_display
    defsig_pvfn_inner.o(.text) refers to defsig_general.o(.text) for __default_signal_display
    defsig_cppl_inner.o(.text) refers to defsig_general.o(.text) for __default_signal_display
    defsig_segv_inner.o(.text) refers to defsig_general.o(.text) for __default_signal_display
    defsig_other.o(.text) refers to defsig_general.o(.text) for __default_signal_display


==============================================================================

Removing Unused input sections from the image.

    Removing main.o(.rev16_text), (4 bytes).
    Removing main.o(.revsh_text), (4 bytes).
    Removing main.o(.rrx_text), (6 bytes).
    Removing delay.o(.rev16_text), (4 bytes).
    Removing delay.o(.revsh_text), (4 bytes).
    Removing delay.o(.rrx_text), (6 bytes).
    Removing ds1307.o(.rev16_text), (4 bytes).
    Removing ds1307.o(.revsh_text), (4 bytes).
    Removing ds1307.o(.rrx_text), (6 bytes).
    Removing i2c_ds1307.o(.rev16_text), (4 bytes).
    Removing i2c_ds1307.o(.revsh_text), (4 bytes).
    Removing i2c_ds1307.o(.rrx_text), (6 bytes).
    Removing i2c.o(.rev16_text), (4 bytes).
    Removing i2c.o(.revsh_text), (4 bytes).
    Removing i2c.o(.rrx_text), (6 bytes).
    Removing i2c_lcd.o(.rev16_text), (4 bytes).
    Removing i2c_lcd.o(.revsh_text), (4 bytes).
    Removing i2c_lcd.o(.rrx_text), (6 bytes).
    Removing misc.o(.rev16_text), (4 bytes).
    Removing misc.o(.revsh_text), (4 bytes).
    Removing misc.o(.rrx_text), (6 bytes).
    Removing misc.o(.text), (220 bytes).
    Removing stm32f10x_gpio.o(.rev16_text), (4 bytes).
    Removing stm32f10x_gpio.o(.revsh_text), (4 bytes).
    Removing stm32f10x_gpio.o(.rrx_text), (6 bytes).
    Removing stm32f10x_i2c.o(.rev16_text), (4 bytes).
    Removing stm32f10x_i2c.o(.revsh_text), (4 bytes).
    Removing stm32f10x_i2c.o(.rrx_text), (6 bytes).
    Removing stm32f10x_rcc.o(.rev16_text), (4 bytes).
    Removing stm32f10x_rcc.o(.revsh_text), (4 bytes).
    Removing stm32f10x_rcc.o(.rrx_text), (6 bytes).
    Removing system_stm32f10x.o(.rev16_text), (4 bytes).
    Removing system_stm32f10x.o(.revsh_text), (4 bytes).
    Removing system_stm32f10x.o(.rrx_text), (6 bytes).

34 unused section(s) (total 374 bytes) removed from the image.

==============================================================================

Image Symbol Table

    Local Symbols

    Symbol Name                              Value     Ov Type        Size  Object(Section)

    ../clib/angel/boardlib.s                 0x00000000   Number         0  boardinit3.o ABSOLUTE
    ../clib/angel/boardlib.s                 0x00000000   Number         0  boardinit2.o ABSOLUTE
    ../clib/angel/boardlib.s                 0x00000000   Number         0  boardinit1.o ABSOLUTE
    ../clib/angel/boardlib.s                 0x00000000   Number         0  boardshut.o ABSOLUTE
    ../clib/angel/handlers.s                 0x00000000   Number         0  __scatter_zi.o ABSOLUTE
    ../clib/angel/handlers.s                 0x00000000   Number         0  __scatter_copy.o ABSOLUTE
    ../clib/angel/kernel.s                   0x00000000   Number         0  __rtentry.o ABSOLUTE
    ../clib/angel/kernel.s                   0x00000000   Number         0  __rtentry2.o ABSOLUTE
    ../clib/angel/kernel.s                   0x00000000   Number         0  __rtentry4.o ABSOLUTE
    ../clib/angel/kernel.s                   0x00000000   Number         0  rtexit.o ABSOLUTE
    ../clib/angel/kernel.s                   0x00000000   Number         0  rtexit2.o ABSOLUTE
    ../clib/angel/rt.s                       0x00000000   Number         0  rt_raise.o ABSOLUTE
    ../clib/angel/rt.s                       0x00000000   Number         0  rt_ctype_table.o ABSOLUTE
    ../clib/angel/rt.s                       0x00000000   Number         0  rt_locale.o ABSOLUTE
    ../clib/angel/rt.s                       0x00000000   Number         0  rt_locale_intlibspace.o ABSOLUTE
    ../clib/angel/scatter.s                  0x00000000   Number         0  __scatter.o ABSOLUTE
    ../clib/angel/startup.s                  0x00000000   Number         0  __main.o ABSOLUTE
    ../clib/angel/sys.s                      0x00000000   Number         0  sys_stackheap_outer.o ABSOLUTE
    ../clib/angel/sys.s                      0x00000000   Number         0  libspace.o ABSOLUTE
    ../clib/angel/sys.s                      0x00000000   Number         0  use_no_semi.o ABSOLUTE
    ../clib/angel/sys.s                      0x00000000   Number         0  indicate_semi.o ABSOLUTE
    ../clib/angel/sysapp.c                   0x00000000   Number         0  sys_exit.o ABSOLUTE
    ../clib/angel/sysapp.c                   0x00000000   Number         0  sys_command.o ABSOLUTE
    ../clib/angel/sysapp.c                   0x00000000   Number         0  sys_wrch.o ABSOLUTE
    ../clib/armsys.c                         0x00000000   Number         0  _get_argv_nomalloc.o ABSOLUTE
    ../clib/armsys.c                         0x00000000   Number         0  argv_veneer.o ABSOLUTE
    ../clib/armsys.c                         0x00000000   Number         0  no_argv.o ABSOLUTE
    ../clib/armsys.c                         0x00000000   Number         0  argv_veneer.o ABSOLUTE
    ../clib/heapalloc.c                      0x00000000   Number         0  hrguard.o ABSOLUTE
    ../clib/heapaux.c                        0x00000000   Number         0  heapauxi.o ABSOLUTE
    ../clib/libinit.s                        0x00000000   Number         0  libinit.o ABSOLUTE
    ../clib/libinit.s                        0x00000000   Number         0  libshutdown2.o ABSOLUTE
    ../clib/libinit.s                        0x00000000   Number         0  libinit2.o ABSOLUTE
    ../clib/libinit.s                        0x00000000   Number         0  libshutdown.o ABSOLUTE
    ../clib/locale.c                         0x00000000   Number         0  _wcrtomb.o ABSOLUTE
    ../clib/locale.s                         0x00000000   Number         0  lc_ctype_c.o ABSOLUTE
    ../clib/memcpset.s                       0x00000000   Number         0  strcmpv7m.o ABSOLUTE
    ../clib/misc.s                           0x00000000   Number         0  printf_stubs.o ABSOLUTE
    ../clib/printf.c                         0x00000000   Number         0  __printf_ss_wp.o ABSOLUTE
    ../clib/printf.c                         0x00000000   Number         0  __printf_flags_wp.o ABSOLUTE
    ../clib/printf.c                         0x00000000   Number         0  __printf_wp.o ABSOLUTE
    ../clib/printf.c                         0x00000000   Number         0  __printf_flags_ss.o ABSOLUTE
    ../clib/printf.c                         0x00000000   Number         0  __printf_ss.o ABSOLUTE
    ../clib/printf.c                         0x00000000   Number         0  _printf_truncate.o ABSOLUTE
    ../clib/printf.c                         0x00000000   Number         0  _printf_pad.o ABSOLUTE
    ../clib/printf.c                         0x00000000   Number         0  __printf.o ABSOLUTE
    ../clib/printf.c                         0x00000000   Number         0  _printf_oct_ll.o ABSOLUTE
    ../clib/printf.c                         0x00000000   Number         0  _printf_oct_int.o ABSOLUTE
    ../clib/printf.c                         0x00000000   Number         0  _printf_wctomb.o ABSOLUTE
    ../clib/printf.c                         0x00000000   Number         0  _printf_oct_int_ll.o ABSOLUTE
    ../clib/printf.c                         0x00000000   Number         0  _printf_hex_ll.o ABSOLUTE
    ../clib/printf.c                         0x00000000   Number         0  _printf_hex_int.o ABSOLUTE
    ../clib/printf.c                         0x00000000   Number         0  __printf_flags_ss_wp.o ABSOLUTE
    ../clib/printf.c                         0x00000000   Number         0  _sputc.o ABSOLUTE
    ../clib/printf.c                         0x00000000   Number         0  noretval__2sprintf.o ABSOLUTE
    ../clib/printf.c                         0x00000000   Number         0  _printf_wchar.o ABSOLUTE
    ../clib/printf.c                         0x00000000   Number         0  __2sprintf.o ABSOLUTE
    ../clib/printf.c                         0x00000000   Number         0  __printf_nopercent.o ABSOLUTE
    ../clib/printf.c                         0x00000000   Number         0  _printf_dec.o ABSOLUTE
    ../clib/printf.c                         0x00000000   Number         0  __printf_flags.o ABSOLUTE
    ../clib/printf.c                         0x00000000   Number         0  _printf_hex_int_ll.o ABSOLUTE
    ../clib/printf.c                         0x00000000   Number         0  _printf_char.o ABSOLUTE
    ../clib/printf.c                         0x00000000   Number         0  _printf_hex_ptr.o ABSOLUTE
    ../clib/printf.c                         0x00000000   Number         0  _printf_hex_int_ptr.o ABSOLUTE
    ../clib/printf.c                         0x00000000   Number         0  _printf_str.o ABSOLUTE
    ../clib/printf.c                         0x00000000   Number         0  _printf_hex_ll_ptr.o ABSOLUTE
    ../clib/printf.c                         0x00000000   Number         0  _printf_hex_int_ll_ptr.o ABSOLUTE
    ../clib/printf.c                         0x00000000   Number         0  _printf_intcommon.o ABSOLUTE
    ../clib/printf.c                         0x00000000   Number         0  _printf_char_common.o ABSOLUTE
    ../clib/printf_percent.s                 0x00000000   Number         0  _printf_c.o ABSOLUTE
    ../clib/printf_percent.s                 0x00000000   Number         0  _printf_d.o ABSOLUTE
    ../clib/printf_percent.s                 0x00000000   Number         0  _printf_x.o ABSOLUTE
    ../clib/printf_percent.s                 0x00000000   Number         0  _printf_lc.o ABSOLUTE
    ../clib/printf_percent.s                 0x00000000   Number         0  _printf_l.o ABSOLUTE
    ../clib/printf_percent.s                 0x00000000   Number         0  _printf_o.o ABSOLUTE
    ../clib/printf_percent.s                 0x00000000   Number         0  _printf_percent_end.o ABSOLUTE
    ../clib/printf_percent.s                 0x00000000   Number         0  _printf_u.o ABSOLUTE
    ../clib/printf_percent.s                 0x00000000   Number         0  _printf_i.o ABSOLUTE
    ../clib/printf_percent.s                 0x00000000   Number         0  _printf_percent.o ABSOLUTE
    ../clib/signal.c                         0x00000000   Number         0  defsig_cppl_inner.o ABSOLUTE
    ../clib/signal.c                         0x00000000   Number         0  defsig_pvfn_inner.o ABSOLUTE
    ../clib/signal.c                         0x00000000   Number         0  defsig_stak_inner.o ABSOLUTE
    ../clib/signal.c                         0x00000000   Number         0  defsig_rtred_inner.o ABSOLUTE
    ../clib/signal.c                         0x00000000   Number         0  defsig_fpe_inner.o ABSOLUTE
    ../clib/signal.c                         0x00000000   Number         0  defsig_abrt_inner.o ABSOLUTE
    ../clib/signal.c                         0x00000000   Number         0  defsig_general.o ABSOLUTE
    ../clib/signal.c                         0x00000000   Number         0  __raise.o ABSOLUTE
    ../clib/signal.c                         0x00000000   Number         0  defsig_rtmem_inner.o ABSOLUTE
    ../clib/signal.c                         0x00000000   Number         0  defsig_exit.o ABSOLUTE
    ../clib/signal.c                         0x00000000   Number         0  defsig_rtmem_formal.o ABSOLUTE
    ../clib/signal.c                         0x00000000   Number         0  defsig_other.o ABSOLUTE
    ../clib/signal.c                         0x00000000   Number         0  defsig_rtmem_outer.o ABSOLUTE
    ../clib/signal.c                         0x00000000   Number         0  defsig_segv_inner.o ABSOLUTE
    ../clib/signal.s                         0x00000000   Number         0  defsig.o ABSOLUTE
    ../clib/stdlib.c                         0x00000000   Number         0  exit.o ABSOLUTE
    ../fplib/fpinit.s                        0x00000000   Number         0  fpinit.o ABSOLUTE
    C:\Users\bhung\AppData\Local\Arm\Packs\Keil\STM32F1xx_DFP\2.4.1\Device\StdPeriph_Driver\src\misc.c 0x00000000   Number         0  misc.o ABSOLUTE
    C:\Users\bhung\AppData\Local\Arm\Packs\Keil\STM32F1xx_DFP\2.4.1\Device\StdPeriph_Driver\src\stm32f10x_gpio.c 0x00000000   Number         0  stm32f10x_gpio.o ABSOLUTE
    C:\Users\bhung\AppData\Local\Arm\Packs\Keil\STM32F1xx_DFP\2.4.1\Device\StdPeriph_Driver\src\stm32f10x_i2c.c 0x00000000   Number         0  stm32f10x_i2c.o ABSOLUTE
    C:\Users\bhung\AppData\Local\Arm\Packs\Keil\STM32F1xx_DFP\2.4.1\Device\StdPeriph_Driver\src\stm32f10x_rcc.c 0x00000000   Number         0  stm32f10x_rcc.o ABSOLUTE
    C:\\Users\\bhung\\AppData\\Local\\Arm\\Packs\\Keil\\STM32F1xx_DFP\\2.4.1\\Device\\StdPeriph_Driver\\src\\misc.c 0x00000000   Number         0  misc.o ABSOLUTE
    C:\\Users\\bhung\\AppData\\Local\\Arm\\Packs\\Keil\\STM32F1xx_DFP\\2.4.1\\Device\\StdPeriph_Driver\\src\\stm32f10x_gpio.c 0x00000000   Number         0  stm32f10x_gpio.o ABSOLUTE
    C:\\Users\\bhung\\AppData\\Local\\Arm\\Packs\\Keil\\STM32F1xx_DFP\\2.4.1\\Device\\StdPeriph_Driver\\src\\stm32f10x_i2c.c 0x00000000   Number         0  stm32f10x_i2c.o ABSOLUTE
    C:\\Users\\bhung\\AppData\\Local\\Arm\\Packs\\Keil\\STM32F1xx_DFP\\2.4.1\\Device\\StdPeriph_Driver\\src\\stm32f10x_rcc.c 0x00000000   Number         0  stm32f10x_rcc.o ABSOLUTE
    RTE\Device\STM32F103C8\startup_stm32f10x_md.s 0x00000000   Number         0  startup_stm32f10x_md.o ABSOLUTE
    RTE\Device\STM32F103C8\system_stm32f10x.c 0x00000000   Number         0  system_stm32f10x.o ABSOLUTE
    RTE\\Device\\STM32F103C8\\system_stm32f10x.c 0x00000000   Number         0  system_stm32f10x.o ABSOLUTE
    dc.s                                     0x00000000   Number         0  dc.o ABSOLUTE
    delay.c                                  0x00000000   Number         0  delay.o ABSOLUTE
    delay.c                                  0x00000000   Number         0  delay.o ABSOLUTE
    ds1307.c                                 0x00000000   Number         0  ds1307.o ABSOLUTE
    ds1307.c                                 0x00000000   Number         0  ds1307.o ABSOLUTE
    i2c.c                                    0x00000000   Number         0  i2c.o ABSOLUTE
    i2c.c                                    0x00000000   Number         0  i2c.o ABSOLUTE
    i2c_ds1307.c                             0x00000000   Number         0  i2c_ds1307.o ABSOLUTE
    i2c_ds1307.c                             0x00000000   Number         0  i2c_ds1307.o ABSOLUTE
    i2c_lcd.c                                0x00000000   Number         0  i2c_lcd.o ABSOLUTE
    i2c_lcd.c                                0x00000000   Number         0  i2c_lcd.o ABSOLUTE
    main.c                                   0x00000000   Number         0  main.o ABSOLUTE
    main.c                                   0x00000000   Number         0  main.o ABSOLUTE
    RESET                                    0x08000000   Section      236  startup_stm32f10x_md.o(RESET)
    !!!main                                  0x080000ec   Section        8  __main.o(!!!main)
    !!!scatter                               0x080000f4   Section       52  __scatter.o(!!!scatter)
    !!handler_copy                           0x08000128   Section       26  __scatter_copy.o(!!handler_copy)
    !!handler_zi                             0x08000144   Section       28  __scatter_zi.o(!!handler_zi)
    .ARM.Collect$$_printf_percent$$00000000  0x08000160   Section        0  _printf_percent.o(.ARM.Collect$$_printf_percent$$00000000)
    .ARM.Collect$$_printf_percent$$00000008  0x08000160   Section        6  _printf_i.o(.ARM.Collect$$_printf_percent$$00000008)
    .ARM.Collect$$_printf_percent$$00000009  0x08000166   Section        6  _printf_d.o(.ARM.Collect$$_printf_percent$$00000009)
    .ARM.Collect$$_printf_percent$$0000000A  0x0800016c   Section        6  _printf_u.o(.ARM.Collect$$_printf_percent$$0000000A)
    .ARM.Collect$$_printf_percent$$0000000B  0x08000172   Section        6  _printf_o.o(.ARM.Collect$$_printf_percent$$0000000B)
    .ARM.Collect$$_printf_percent$$0000000C  0x08000178   Section        6  _printf_x.o(.ARM.Collect$$_printf_percent$$0000000C)
    .ARM.Collect$$_printf_percent$$00000012  0x0800017e   Section       10  _printf_l.o(.ARM.Collect$$_printf_percent$$00000012)
    .ARM.Collect$$_printf_percent$$00000013  0x08000188   Section        6  _printf_c.o(.ARM.Collect$$_printf_percent$$00000013)
    .ARM.Collect$$_printf_percent$$00000015  0x0800018e   Section        6  _printf_lc.o(.ARM.Collect$$_printf_percent$$00000015)
    .ARM.Collect$$_printf_percent$$00000017  0x08000194   Section        4  _printf_percent_end.o(.ARM.Collect$$_printf_percent$$00000017)
    .ARM.Collect$$libinit$$00000000          0x08000198   Section        2  libinit.o(.ARM.Collect$$libinit$$00000000)
    .ARM.Collect$$libinit$$00000002          0x0800019a   Section        0  libinit2.o(.ARM.Collect$$libinit$$00000002)
    .ARM.Collect$$libinit$$00000004          0x0800019a   Section        0  libinit2.o(.ARM.Collect$$libinit$$00000004)
    .ARM.Collect$$libinit$$0000000A          0x0800019a   Section        0  libinit2.o(.ARM.Collect$$libinit$$0000000A)
    .ARM.Collect$$libinit$$0000000C          0x0800019a   Section        0  libinit2.o(.ARM.Collect$$libinit$$0000000C)
    .ARM.Collect$$libinit$$0000000E          0x0800019a   Section        0  libinit2.o(.ARM.Collect$$libinit$$0000000E)
    .ARM.Collect$$libinit$$0000000F          0x0800019a   Section        6  libinit2.o(.ARM.Collect$$libinit$$0000000F)
    .ARM.Collect$$libinit$$00000011          0x080001a0   Section        0  libinit2.o(.ARM.Collect$$libinit$$00000011)
    .ARM.Collect$$libinit$$00000012          0x080001a0   Section       12  libinit2.o(.ARM.Collect$$libinit$$00000012)
    .ARM.Collect$$libinit$$00000013          0x080001ac   Section        0  libinit2.o(.ARM.Collect$$libinit$$00000013)
    .ARM.Collect$$libinit$$00000015          0x080001ac   Section        0  libinit2.o(.ARM.Collect$$libinit$$00000015)
    .ARM.Collect$$libinit$$00000017          0x080001ac   Section        0  libinit2.o(.ARM.Collect$$libinit$$00000017)
    .ARM.Collect$$libinit$$00000019          0x080001ac   Section        0  libinit2.o(.ARM.Collect$$libinit$$00000019)
    .ARM.Collect$$libinit$$0000001B          0x080001ac   Section        0  libinit2.o(.ARM.Collect$$libinit$$0000001B)
    .ARM.Collect$$libinit$$0000001D          0x080001ac   Section        0  libinit2.o(.ARM.Collect$$libinit$$0000001D)
    .ARM.Collect$$libinit$$0000001F          0x080001ac   Section        0  libinit2.o(.ARM.Collect$$libinit$$0000001F)
    .ARM.Collect$$libinit$$00000021          0x080001ac   Section        0  libinit2.o(.ARM.Collect$$libinit$$00000021)
    .ARM.Collect$$libinit$$00000023          0x080001ac   Section        0  libinit2.o(.ARM.Collect$$libinit$$00000023)
    .ARM.Collect$$libinit$$00000025          0x080001ac   Section        0  libinit2.o(.ARM.Collect$$libinit$$00000025)
    .ARM.Collect$$libinit$$0000002C          0x080001ac   Section        0  libinit2.o(.ARM.Collect$$libinit$$0000002C)
    .ARM.Collect$$libinit$$0000002E          0x080001ac   Section        0  libinit2.o(.ARM.Collect$$libinit$$0000002E)
    .ARM.Collect$$libinit$$00000030          0x080001ac   Section        0  libinit2.o(.ARM.Collect$$libinit$$00000030)
    .ARM.Collect$$libinit$$00000032          0x080001ac   Section        0  libinit2.o(.ARM.Collect$$libinit$$00000032)
    .ARM.Collect$$libinit$$00000033          0x080001ac   Section        2  libinit2.o(.ARM.Collect$$libinit$$00000033)
    .ARM.Collect$$libshutdown$$00000000      0x080001ae   Section        2  libshutdown.o(.ARM.Collect$$libshutdown$$00000000)
    .ARM.Collect$$libshutdown$$00000002      0x080001b0   Section        0  libshutdown2.o(.ARM.Collect$$libshutdown$$00000002)
    .ARM.Collect$$libshutdown$$00000004      0x080001b0   Section        0  libshutdown2.o(.ARM.Collect$$libshutdown$$00000004)
    .ARM.Collect$$libshutdown$$00000006      0x080001b0   Section        0  libshutdown2.o(.ARM.Collect$$libshutdown$$00000006)
    .ARM.Collect$$libshutdown$$00000009      0x080001b0   Section        0  libshutdown2.o(.ARM.Collect$$libshutdown$$00000009)
    .ARM.Collect$$libshutdown$$0000000C      0x080001b0   Section        0  libshutdown2.o(.ARM.Collect$$libshutdown$$0000000C)
    .ARM.Collect$$libshutdown$$0000000E      0x080001b0   Section        0  libshutdown2.o(.ARM.Collect$$libshutdown$$0000000E)
    .ARM.Collect$$libshutdown$$00000011      0x080001b0   Section        0  libshutdown2.o(.ARM.Collect$$libshutdown$$00000011)
    .ARM.Collect$$libshutdown$$00000012      0x080001b0   Section        2  libshutdown2.o(.ARM.Collect$$libshutdown$$00000012)
    .ARM.Collect$$rtentry$$00000000          0x080001b2   Section        0  __rtentry.o(.ARM.Collect$$rtentry$$00000000)
    .ARM.Collect$$rtentry$$00000002          0x080001b2   Section        0  __rtentry2.o(.ARM.Collect$$rtentry$$00000002)
    .ARM.Collect$$rtentry$$00000004          0x080001b2   Section        6  __rtentry4.o(.ARM.Collect$$rtentry$$00000004)
    .ARM.Collect$$rtentry$$00000009          0x080001b8   Section        0  __rtentry2.o(.ARM.Collect$$rtentry$$00000009)
    .ARM.Collect$$rtentry$$0000000A          0x080001b8   Section        4  __rtentry2.o(.ARM.Collect$$rtentry$$0000000A)
    .ARM.Collect$$rtentry$$0000000C          0x080001bc   Section        0  __rtentry2.o(.ARM.Collect$$rtentry$$0000000C)
    .ARM.Collect$$rtentry$$0000000D          0x080001bc   Section        8  __rtentry2.o(.ARM.Collect$$rtentry$$0000000D)
    .ARM.Collect$$rtexit$$00000000           0x080001c4   Section        2  rtexit.o(.ARM.Collect$$rtexit$$00000000)
    .ARM.Collect$$rtexit$$00000002           0x080001c6   Section        0  rtexit2.o(.ARM.Collect$$rtexit$$00000002)
    .ARM.Collect$$rtexit$$00000003           0x080001c6   Section        4  rtexit2.o(.ARM.Collect$$rtexit$$00000003)
    .ARM.Collect$$rtexit$$00000004           0x080001ca   Section        6  rtexit2.o(.ARM.Collect$$rtexit$$00000004)
    .text                                    0x080001d0   Section        0  main.o(.text)
    .text                                    0x0800031c   Section        0  delay.o(.text)
    .text                                    0x08000378   Section        0  ds1307.o(.text)
    .text                                    0x080006b4   Section        0  i2c_ds1307.o(.text)
    .text                                    0x080009a0   Section        0  i2c.o(.text)
    .text                                    0x08000bf4   Section        0  i2c_lcd.o(.text)
    I2C_LCD_FlushVal                         0x08000bf5   Thumb Code    52  i2c_lcd.o(.text)
    I2C_LCD_Write_4bit                       0x08000c29   Thumb Code   106  i2c_lcd.o(.text)
    I2C_LCD_WriteCmd                         0x08000cfb   Thumb Code    42  i2c_lcd.o(.text)
    .text                                    0x08000e20   Section        0  stm32f10x_gpio.o(.text)
    .text                                    0x0800117c   Section        0  stm32f10x_i2c.o(.text)
    .text                                    0x08001580   Section        0  stm32f10x_rcc.o(.text)
    .text                                    0x08001924   Section       64  startup_stm32f10x_md.o(.text)
    .text                                    0x08001964   Section        0  system_stm32f10x.o(.text)
    SetSysClockTo72                          0x08001965   Thumb Code   214  system_stm32f10x.o(.text)
    SetSysClock                              0x08001a3b   Thumb Code     8  system_stm32f10x.o(.text)
    .text                                    0x08001b44   Section        0  noretval__2sprintf.o(.text)
    .text                                    0x08001b6c   Section        0  _printf_pad.o(.text)
    .text                                    0x08001bba   Section        0  _printf_truncate.o(.text)
    .text                                    0x08001bde   Section        0  _printf_str.o(.text)
    .text                                    0x08001c30   Section        0  _printf_dec.o(.text)
    .text                                    0x08001ca8   Section        0  _printf_wctomb.o(.text)
    .text                                    0x08001d64   Section        0  _printf_oct_int.o(.text)
    .text                                    0x08001db4   Section        0  _printf_hex_int.o(.text)
    .text                                    0x08001e0c   Section        0  __printf_flags_ss_wp.o(.text)
    .text                                    0x08001f94   Section        0  heapauxi.o(.text)
    .text                                    0x08001f9a   Section        0  _printf_intcommon.o(.text)
    .text                                    0x0800204c   Section        0  _printf_char_common.o(.text)
    _printf_input_char                       0x0800204d   Thumb Code    10  _printf_char_common.o(.text)
    .text                                    0x0800207c   Section        0  _sputc.o(.text)
    .text                                    0x08002086   Section        0  _printf_char.o(.text)
    .text                                    0x080020b2   Section        0  _printf_wchar.o(.text)
    .text                                    0x080020de   Section        0  _wcrtomb.o(.text)
    .text                                    0x08002120   Section       16  rt_ctype_table.o(.text)
    .text                                    0x08002130   Section       74  sys_stackheap_outer.o(.text)
    .text                                    0x0800217c   Section        8  rt_locale_intlibspace.o(.text)
    .text                                    0x08002184   Section        0  exit.o(.text)
    .text                                    0x08002198   Section        8  libspace.o(.text)
    .text                                    0x080021a0   Section      128  strcmpv7m.o(.text)
    .text                                    0x08002220   Section        0  sys_exit.o(.text)
    .text                                    0x0800222c   Section        2  use_no_semi.o(.text)
    .text                                    0x0800222e   Section        0  indicate_semi.o(.text)
    i._is_digit                              0x0800222e   Section        0  __printf_wp.o(i._is_digit)
    locale$$code                             0x0800223c   Section       44  lc_ctype_c.o(locale$$code)
    .constdata                               0x08002268   Section        8  _printf_wctomb.o(.constdata)
    initial_mbstate                          0x08002268   Data           8  _printf_wctomb.o(.constdata)
    .constdata                               0x08002270   Section       40  _printf_hex_int.o(.constdata)
    uc_hextab                                0x08002270   Data          20  _printf_hex_int.o(.constdata)
    lc_hextab                                0x08002284   Data          20  _printf_hex_int.o(.constdata)
    .constdata                               0x08002298   Section       17  __printf_flags_ss_wp.o(.constdata)
    maptable                                 0x08002298   Data          17  __printf_flags_ss_wp.o(.constdata)
    locale$$data                             0x080022cc   Section      272  lc_ctype_c.o(locale$$data)
    __lcctype_c_name                         0x080022d0   Data           2  lc_ctype_c.o(locale$$data)
    __lcctype_c_start                        0x080022d8   Data           0  lc_ctype_c.o(locale$$data)
    __lcctype_c_end                          0x080023dc   Data           0  lc_ctype_c.o(locale$$data)
    .data                                    0x20000000   Section       11  main.o(.data)
    .data                                    0x2000000b   Section        9  i2c_lcd.o(.data)
    u8LCD_Buff                               0x2000000b   Data           8  i2c_lcd.o(.data)
    u8LcdTmp                                 0x20000013   Data           1  i2c_lcd.o(.data)
    .data                                    0x20000014   Section       20  stm32f10x_rcc.o(.data)
    APBAHBPrescTable                         0x20000014   Data          16  stm32f10x_rcc.o(.data)
    ADCPrescTable                            0x20000024   Data           4  stm32f10x_rcc.o(.data)
    .data                                    0x20000028   Section       20  system_stm32f10x.o(.data)
    .bss                                     0x2000003c   Section       96  libspace.o(.bss)
    HEAP                                     0x200000a0   Section      512  startup_stm32f10x_md.o(HEAP)
    Heap_Mem                                 0x200000a0   Data         512  startup_stm32f10x_md.o(HEAP)
    STACK                                    0x200002a0   Section     1024  startup_stm32f10x_md.o(STACK)
    Stack_Mem                                0x200002a0   Data        1024  startup_stm32f10x_md.o(STACK)
    __initial_sp                             0x200006a0   Data           0  startup_stm32f10x_md.o(STACK)

    Global Symbols

    Symbol Name                              Value     Ov Type        Size  Object(Section)

    BuildAttributes$$THM_ISAv4$P$D$K$B$S$PE$A:L22UL41UL21$X:L11$S22US41US21$IEEE1$IW$USESV6$~STKCKD$USESV7$~SHL$OSPACE$ROPI$EBA8$UX$STANDARDLIB$REQ8$PRES8$EABIv2 0x00000000   Number         0  anon$$obj.o ABSOLUTE
    __ARM_use_no_argv                        0x00000000   Number         0  main.o ABSOLUTE
    _printf_flags                            0x00000000   Number         0  printf_stubs.o ABSOLUTE
    _printf_return_value                     0x00000000   Number         0  printf_stubs.o ABSOLUTE
    _printf_sizespec                         0x00000000   Number         0  printf_stubs.o ABSOLUTE
    _printf_widthprec                        0x00000000   Number         0  printf_stubs.o ABSOLUTE
    __ARM_exceptions_init                     - Undefined Weak Reference
    __alloca_initialize                       - Undefined Weak Reference
    __arm_fini_                               - Undefined Weak Reference
    __arm_preinit_                            - Undefined Weak Reference
    __cpp_initialize__aeabi_                  - Undefined Weak Reference
    __cxa_finalize                            - Undefined Weak Reference
    __sigvec_lookup                           - Undefined Weak Reference
    _atexit_init                              - Undefined Weak Reference
    _call_atexit_fns                          - Undefined Weak Reference
    _clock_init                               - Undefined Weak Reference
    _fp_trap_init                             - Undefined Weak Reference
    _fp_trap_shutdown                         - Undefined Weak Reference
    _get_lc_collate                           - Undefined Weak Reference
    _get_lc_monetary                          - Undefined Weak Reference
    _get_lc_numeric                           - Undefined Weak Reference
    _get_lc_time                              - Undefined Weak Reference
    _getenv_init                              - Undefined Weak Reference
    _handle_redirection                       - Undefined Weak Reference
    _init_alloc                               - Undefined Weak Reference
    _init_user_alloc                          - Undefined Weak Reference
    _initio                                   - Undefined Weak Reference
    _printf_mbtowc                            - Undefined Weak Reference
    _printf_wc                                - Undefined Weak Reference
    _rand_init                                - Undefined Weak Reference
    _signal_finish                            - Undefined Weak Reference
    _signal_init                              - Undefined Weak Reference
    _terminate_alloc                          - Undefined Weak Reference
    _terminate_user_alloc                     - Undefined Weak Reference
    _terminateio                              - Undefined Weak Reference
    __Vectors_Size                           0x000000ec   Number         0  startup_stm32f10x_md.o ABSOLUTE
    __Vectors                                0x08000000   Data           4  startup_stm32f10x_md.o(RESET)
    __Vectors_End                            0x080000ec   Data           0  startup_stm32f10x_md.o(RESET)
    __main                                   0x080000ed   Thumb Code     8  __main.o(!!!main)
    __scatterload                            0x080000f5   Thumb Code     0  __scatter.o(!!!scatter)
    __scatterload_rt2                        0x080000f5   Thumb Code    44  __scatter.o(!!!scatter)
    __scatterload_rt2_thumb_only             0x080000f5   Thumb Code     0  __scatter.o(!!!scatter)
    __scatterload_null                       0x08000103   Thumb Code     0  __scatter.o(!!!scatter)
    __scatterload_copy                       0x08000129   Thumb Code    26  __scatter_copy.o(!!handler_copy)
    __scatterload_zeroinit                   0x08000145   Thumb Code    28  __scatter_zi.o(!!handler_zi)
    _printf_i                                0x08000161   Thumb Code     0  _printf_i.o(.ARM.Collect$$_printf_percent$$00000008)
    _printf_percent                          0x08000161   Thumb Code     0  _printf_percent.o(.ARM.Collect$$_printf_percent$$00000000)
    _printf_d                                0x08000167   Thumb Code     0  _printf_d.o(.ARM.Collect$$_printf_percent$$00000009)
    _printf_u                                0x0800016d   Thumb Code     0  _printf_u.o(.ARM.Collect$$_printf_percent$$0000000A)
    _printf_o                                0x08000173   Thumb Code     0  _printf_o.o(.ARM.Collect$$_printf_percent$$0000000B)
    _printf_x                                0x08000179   Thumb Code     0  _printf_x.o(.ARM.Collect$$_printf_percent$$0000000C)
    _printf_l                                0x0800017f   Thumb Code     0  _printf_l.o(.ARM.Collect$$_printf_percent$$00000012)
    _printf_c                                0x08000189   Thumb Code     0  _printf_c.o(.ARM.Collect$$_printf_percent$$00000013)
    _printf_lc                               0x0800018f   Thumb Code     0  _printf_lc.o(.ARM.Collect$$_printf_percent$$00000015)
    _printf_percent_end                      0x08000195   Thumb Code     0  _printf_percent_end.o(.ARM.Collect$$_printf_percent$$00000017)
    __rt_lib_init                            0x08000199   Thumb Code     0  libinit.o(.ARM.Collect$$libinit$$00000000)
    __rt_lib_init_fp_1                       0x0800019b   Thumb Code     0  libinit2.o(.ARM.Collect$$libinit$$00000002)
    __rt_lib_init_heap_1                     0x0800019b   Thumb Code     0  libinit2.o(.ARM.Collect$$libinit$$0000000A)
    __rt_lib_init_lc_common                  0x0800019b   Thumb Code     0  libinit2.o(.ARM.Collect$$libinit$$0000000F)
    __rt_lib_init_preinit_1                  0x0800019b   Thumb Code     0  libinit2.o(.ARM.Collect$$libinit$$00000004)
    __rt_lib_init_rand_1                     0x0800019b   Thumb Code     0  libinit2.o(.ARM.Collect$$libinit$$0000000E)
    __rt_lib_init_user_alloc_1               0x0800019b   Thumb Code     0  libinit2.o(.ARM.Collect$$libinit$$0000000C)
    __rt_lib_init_lc_collate_1               0x080001a1   Thumb Code     0  libinit2.o(.ARM.Collect$$libinit$$00000011)
    __rt_lib_init_lc_ctype_2                 0x080001a1   Thumb Code     0  libinit2.o(.ARM.Collect$$libinit$$00000012)
    __rt_lib_init_alloca_1                   0x080001ad   Thumb Code     0  libinit2.o(.ARM.Collect$$libinit$$0000002E)
    __rt_lib_init_argv_1                     0x080001ad   Thumb Code     0  libinit2.o(.ARM.Collect$$libinit$$0000002C)
    __rt_lib_init_atexit_1                   0x080001ad   Thumb Code     0  libinit2.o(.ARM.Collect$$libinit$$0000001B)
    __rt_lib_init_clock_1                    0x080001ad   Thumb Code     0  libinit2.o(.ARM.Collect$$libinit$$00000021)
    __rt_lib_init_cpp_1                      0x080001ad   Thumb Code     0  libinit2.o(.ARM.Collect$$libinit$$00000032)
    __rt_lib_init_exceptions_1               0x080001ad   Thumb Code     0  libinit2.o(.ARM.Collect$$libinit$$00000030)
    __rt_lib_init_fp_trap_1                  0x080001ad   Thumb Code     0  libinit2.o(.ARM.Collect$$libinit$$0000001F)
    __rt_lib_init_getenv_1                   0x080001ad   Thumb Code     0  libinit2.o(.ARM.Collect$$libinit$$00000023)
    __rt_lib_init_lc_ctype_1                 0x080001ad   Thumb Code     0  libinit2.o(.ARM.Collect$$libinit$$00000013)
    __rt_lib_init_lc_monetary_1              0x080001ad   Thumb Code     0  libinit2.o(.ARM.Collect$$libinit$$00000015)
    __rt_lib_init_lc_numeric_1               0x080001ad   Thumb Code     0  libinit2.o(.ARM.Collect$$libinit$$00000017)
    __rt_lib_init_lc_time_1                  0x080001ad   Thumb Code     0  libinit2.o(.ARM.Collect$$libinit$$00000019)
    __rt_lib_init_return                     0x080001ad   Thumb Code     0  libinit2.o(.ARM.Collect$$libinit$$00000033)
    __rt_lib_init_signal_1                   0x080001ad   Thumb Code     0  libinit2.o(.ARM.Collect$$libinit$$0000001D)
    __rt_lib_init_stdio_1                    0x080001ad   Thumb Code     0  libinit2.o(.ARM.Collect$$libinit$$00000025)
    __rt_lib_shutdown                        0x080001af   Thumb Code     0  libshutdown.o(.ARM.Collect$$libshutdown$$00000000)
    __rt_lib_shutdown_cpp_1                  0x080001b1   Thumb Code     0  libshutdown2.o(.ARM.Collect$$libshutdown$$00000004)
    __rt_lib_shutdown_fini_1                 0x080001b1   Thumb Code     0  libshutdown2.o(.ARM.Collect$$libshutdown$$00000002)
    __rt_lib_shutdown_fp_trap_1              0x080001b1   Thumb Code     0  libshutdown2.o(.ARM.Collect$$libshutdown$$00000009)
    __rt_lib_shutdown_heap_1                 0x080001b1   Thumb Code     0  libshutdown2.o(.ARM.Collect$$libshutdown$$00000011)
    __rt_lib_shutdown_return                 0x080001b1   Thumb Code     0  libshutdown2.o(.ARM.Collect$$libshutdown$$00000012)
    __rt_lib_shutdown_signal_1               0x080001b1   Thumb Code     0  libshutdown2.o(.ARM.Collect$$libshutdown$$0000000C)
    __rt_lib_shutdown_stdio_1                0x080001b1   Thumb Code     0  libshutdown2.o(.ARM.Collect$$libshutdown$$00000006)
    __rt_lib_shutdown_user_alloc_1           0x080001b1   Thumb Code     0  libshutdown2.o(.ARM.Collect$$libshutdown$$0000000E)
    __rt_entry                               0x080001b3   Thumb Code     0  __rtentry.o(.ARM.Collect$$rtentry$$00000000)
    __rt_entry_presh_1                       0x080001b3   Thumb Code     0  __rtentry2.o(.ARM.Collect$$rtentry$$00000002)
    __rt_entry_sh                            0x080001b3   Thumb Code     0  __rtentry4.o(.ARM.Collect$$rtentry$$00000004)
    __rt_entry_li                            0x080001b9   Thumb Code     0  __rtentry2.o(.ARM.Collect$$rtentry$$0000000A)
    __rt_entry_postsh_1                      0x080001b9   Thumb Code     0  __rtentry2.o(.ARM.Collect$$rtentry$$00000009)
    __rt_entry_main                          0x080001bd   Thumb Code     0  __rtentry2.o(.ARM.Collect$$rtentry$$0000000D)
    __rt_entry_postli_1                      0x080001bd   Thumb Code     0  __rtentry2.o(.ARM.Collect$$rtentry$$0000000C)
    __rt_exit                                0x080001c5   Thumb Code     0  rtexit.o(.ARM.Collect$$rtexit$$00000000)
    __rt_exit_ls                             0x080001c7   Thumb Code     0  rtexit2.o(.ARM.Collect$$rtexit$$00000003)
    __rt_exit_prels_1                        0x080001c7   Thumb Code     0  rtexit2.o(.ARM.Collect$$rtexit$$00000002)
    __rt_exit_exit                           0x080001cb   Thumb Code     0  rtexit2.o(.ARM.Collect$$rtexit$$00000004)
    main                                     0x080001d1   Thumb Code   274  main.o(.text)
    delay_ms                                 0x0800031d   Thumb Code    44  delay.o(.text)
    delay_us                                 0x08000349   Thumb Code    42  delay.o(.text)
    ds1307_init                              0x08000379   Thumb Code     8  ds1307.o(.text)
    bcd2bin                                  0x08000381   Thumb Code    20  ds1307.o(.text)
    ds1307_get_seconds                       0x08000395   Thumb Code    22  ds1307.o(.text)
    check_min_max                            0x080003ab   Thumb Code    22  ds1307.o(.text)
    bin2bcd                                  0x080003c1   Thumb Code    28  ds1307.o(.text)
    ds1307_set_seconds                       0x080003dd   Thumb Code    34  ds1307.o(.text)
    ds1307_get_minutes                       0x080003ff   Thumb Code    22  ds1307.o(.text)
    ds1307_set_minutes                       0x08000415   Thumb Code    34  ds1307.o(.text)
    ds1307_get_hour_mode                     0x08000437   Thumb Code    22  ds1307.o(.text)
    ds1307_get_am_pm                         0x0800044d   Thumb Code    22  ds1307.o(.text)
    ds1307_get_hours_12                      0x08000463   Thumb Code    26  ds1307.o(.text)
    ds1307_set_hours_12                      0x0800047d   Thumb Code    72  ds1307.o(.text)
    ds1307_get_hours_24                      0x080004c5   Thumb Code    26  ds1307.o(.text)
    ds1307_set_hours_24                      0x080004df   Thumb Code    34  ds1307.o(.text)
    ds1307_get_day                           0x08000501   Thumb Code    22  ds1307.o(.text)
    ds1307_set_day                           0x08000517   Thumb Code    34  ds1307.o(.text)
    ds1307_get_date                          0x08000539   Thumb Code    22  ds1307.o(.text)
    ds1307_set_date                          0x0800054f   Thumb Code    34  ds1307.o(.text)
    ds1307_get_month                         0x08000571   Thumb Code    22  ds1307.o(.text)
    ds1307_set_month                         0x08000587   Thumb Code    34  ds1307.o(.text)
    ds1307_get_year                          0x080005a9   Thumb Code    22  ds1307.o(.text)
    ds1307_set_year                          0x080005bf   Thumb Code    34  ds1307.o(.text)
    ds1307_get_time_12                       0x080005e1   Thumb Code    40  ds1307.o(.text)
    ds1307_set_time_12                       0x08000609   Thumb Code    36  ds1307.o(.text)
    ds1307_get_time_24                       0x0800062d   Thumb Code    28  ds1307.o(.text)
    ds1307_set_time_24                       0x08000649   Thumb Code    28  ds1307.o(.text)
    ds1307_get_calendar_date                 0x08000665   Thumb Code    40  ds1307.o(.text)
    ds1307_set_calendar_date                 0x0800068d   Thumb Code    40  ds1307.o(.text)
    i2c_ds1307_init                          0x080006b5   Thumb Code   104  i2c_ds1307.o(.text)
    i2c_ds1307_stop                          0x0800071d   Thumb Code    12  i2c_ds1307.o(.text)
    i2c_transmit                             0x08000729   Thumb Code    28  i2c_ds1307.o(.text)
    i2c_address_direction                    0x08000745   Thumb Code    56  i2c_ds1307.o(.text)
    i2c_ds1307_start                         0x0800077d   Thumb Code    44  i2c_ds1307.o(.text)
    i2c_write_no_reg                         0x080007a9   Thumb Code    32  i2c_ds1307.o(.text)
    i2c_write_with_reg                       0x080007c9   Thumb Code    40  i2c_ds1307.o(.text)
    i2c_write_multi_no_reg                   0x080007f1   Thumb Code    48  i2c_ds1307.o(.text)
    i2c_write_multi_with_reg                 0x08000821   Thumb Code    56  i2c_ds1307.o(.text)
    i2c_receive_nack                         0x08000859   Thumb Code    34  i2c_ds1307.o(.text)
    i2c_read_no_reg                          0x0800087b   Thumb Code    32  i2c_ds1307.o(.text)
    i2c_read_with_reg                        0x0800089b   Thumb Code    58  i2c_ds1307.o(.text)
    i2c_receive_ack                          0x080008d5   Thumb Code    34  i2c_ds1307.o(.text)
    i2c_read_multi_no_reg                    0x080008f7   Thumb Code    62  i2c_ds1307.o(.text)
    i2c_read_multi_with_reg                  0x08000935   Thumb Code    88  i2c_ds1307.o(.text)
    i2c_init                                 0x080009a1   Thumb Code    52  i2c.o(.text)
    i2c_start                                0x080009d5   Thumb Code    60  i2c.o(.text)
    i2c_stop                                 0x08000a11   Thumb Code    46  i2c.o(.text)
    i2c_write                                0x08000a3f   Thumb Code   146  i2c.o(.text)
    i2c_read                                 0x08000ad1   Thumb Code   140  i2c.o(.text)
    My_I2C_Init                              0x08000b5d   Thumb Code     8  i2c.o(.text)
    I2C_Write                                0x08000b65   Thumb Code    68  i2c.o(.text)
    I2C_Read                                 0x08000ba9   Thumb Code    70  i2c.o(.text)
    LCD_WaitBusy                             0x08000c93   Thumb Code   104  i2c_lcd.o(.text)
    I2C_LCD_Init                             0x08000d25   Thumb Code   128  i2c_lcd.o(.text)
    LCD_Write_Chr                            0x08000da5   Thumb Code    42  i2c_lcd.o(.text)
    I2C_LCD_Puts                             0x08000dcf   Thumb Code    28  i2c_lcd.o(.text)
    I2C_LCD_Clear                            0x08000deb   Thumb Code    10  i2c_lcd.o(.text)
    I2C_LCD_NewLine                          0x08000df5   Thumb Code    10  i2c_lcd.o(.text)
    I2C_LCD_BackLight                        0x08000dff   Thumb Code    26  i2c_lcd.o(.text)
    GPIO_DeInit                              0x08000e21   Thumb Code   172  stm32f10x_gpio.o(.text)
    GPIO_AFIODeInit                          0x08000ecd   Thumb Code    20  stm32f10x_gpio.o(.text)
    GPIO_Init                                0x08000ee1   Thumb Code   278  stm32f10x_gpio.o(.text)
    GPIO_StructInit                          0x08000ff7   Thumb Code    16  stm32f10x_gpio.o(.text)
    GPIO_ReadInputDataBit                    0x08001007   Thumb Code    18  stm32f10x_gpio.o(.text)
    GPIO_ReadInputData                       0x08001019   Thumb Code     8  stm32f10x_gpio.o(.text)
    GPIO_ReadOutputDataBit                   0x08001021   Thumb Code    18  stm32f10x_gpio.o(.text)
    GPIO_ReadOutputData                      0x08001033   Thumb Code     8  stm32f10x_gpio.o(.text)
    GPIO_SetBits                             0x0800103b   Thumb Code     4  stm32f10x_gpio.o(.text)
    GPIO_ResetBits                           0x0800103f   Thumb Code     4  stm32f10x_gpio.o(.text)
    GPIO_WriteBit                            0x08001043   Thumb Code    10  stm32f10x_gpio.o(.text)
    GPIO_Write                               0x0800104d   Thumb Code     4  stm32f10x_gpio.o(.text)
    GPIO_PinLockConfig                       0x08001051   Thumb Code    18  stm32f10x_gpio.o(.text)
    GPIO_EventOutputConfig                   0x08001063   Thumb Code    26  stm32f10x_gpio.o(.text)
    GPIO_EventOutputCmd                      0x0800107d   Thumb Code     6  stm32f10x_gpio.o(.text)
    GPIO_PinRemapConfig                      0x08001083   Thumb Code   138  stm32f10x_gpio.o(.text)
    GPIO_EXTILineConfig                      0x0800110d   Thumb Code    66  stm32f10x_gpio.o(.text)
    GPIO_ETH_MediaInterfaceConfig            0x0800114f   Thumb Code     8  stm32f10x_gpio.o(.text)
    I2C_DeInit                               0x0800117d   Thumb Code    50  stm32f10x_i2c.o(.text)
    I2C_Init                                 0x080011af   Thumb Code   222  stm32f10x_i2c.o(.text)
    I2C_StructInit                           0x0800128d   Thumb Code    30  stm32f10x_i2c.o(.text)
    I2C_Cmd                                  0x080012ab   Thumb Code    24  stm32f10x_i2c.o(.text)
    I2C_DMACmd                               0x080012c3   Thumb Code    24  stm32f10x_i2c.o(.text)
    I2C_DMALastTransferCmd                   0x080012db   Thumb Code    24  stm32f10x_i2c.o(.text)
    I2C_GenerateSTART                        0x080012f3   Thumb Code    24  stm32f10x_i2c.o(.text)
    I2C_GenerateSTOP                         0x0800130b   Thumb Code    24  stm32f10x_i2c.o(.text)
    I2C_AcknowledgeConfig                    0x08001323   Thumb Code    24  stm32f10x_i2c.o(.text)
    I2C_OwnAddress2Config                    0x0800133b   Thumb Code    22  stm32f10x_i2c.o(.text)
    I2C_DualAddressCmd                       0x08001351   Thumb Code    24  stm32f10x_i2c.o(.text)
    I2C_GeneralCallCmd                       0x08001369   Thumb Code    24  stm32f10x_i2c.o(.text)
    I2C_ITConfig                             0x08001381   Thumb Code    18  stm32f10x_i2c.o(.text)
    I2C_SendData                             0x08001393   Thumb Code     4  stm32f10x_i2c.o(.text)
    I2C_ReceiveData                          0x08001397   Thumb Code     8  stm32f10x_i2c.o(.text)
    I2C_Send7bitAddress                      0x0800139f   Thumb Code    18  stm32f10x_i2c.o(.text)
    I2C_ReadRegister                         0x080013b1   Thumb Code    22  stm32f10x_i2c.o(.text)
    I2C_SoftwareResetCmd                     0x080013c7   Thumb Code    22  stm32f10x_i2c.o(.text)
    I2C_NACKPositionConfig                   0x080013dd   Thumb Code    28  stm32f10x_i2c.o(.text)
    I2C_SMBusAlertConfig                     0x080013f9   Thumb Code    28  stm32f10x_i2c.o(.text)
    I2C_TransmitPEC                          0x08001415   Thumb Code    24  stm32f10x_i2c.o(.text)
    I2C_PECPositionConfig                    0x0800142d   Thumb Code    28  stm32f10x_i2c.o(.text)
    I2C_CalculatePEC                         0x08001449   Thumb Code    24  stm32f10x_i2c.o(.text)
    I2C_GetPEC                               0x08001461   Thumb Code     8  stm32f10x_i2c.o(.text)
    I2C_ARPCmd                               0x08001469   Thumb Code    24  stm32f10x_i2c.o(.text)
    I2C_StretchClockCmd                      0x08001481   Thumb Code    24  stm32f10x_i2c.o(.text)
    I2C_FastModeDutyCycleConfig              0x08001499   Thumb Code    28  stm32f10x_i2c.o(.text)
    I2C_CheckEvent                           0x080014b5   Thumb Code    42  stm32f10x_i2c.o(.text)
    I2C_GetLastEvent                         0x080014df   Thumb Code    26  stm32f10x_i2c.o(.text)
    I2C_GetFlagStatus                        0x080014f9   Thumb Code    58  stm32f10x_i2c.o(.text)
    I2C_ClearFlag                            0x08001533   Thumb Code    12  stm32f10x_i2c.o(.text)
    I2C_GetITStatus                          0x0800153f   Thumb Code    54  stm32f10x_i2c.o(.text)
    I2C_ClearITPendingBit                    0x08001575   Thumb Code    12  stm32f10x_i2c.o(.text)
    RCC_DeInit                               0x08001581   Thumb Code    64  stm32f10x_rcc.o(.text)
    RCC_HSEConfig                            0x080015c1   Thumb Code    70  stm32f10x_rcc.o(.text)
    RCC_GetFlagStatus                        0x08001607   Thumb Code    56  stm32f10x_rcc.o(.text)
    RCC_WaitForHSEStartUp                    0x0800163f   Thumb Code    56  stm32f10x_rcc.o(.text)
    RCC_AdjustHSICalibrationValue            0x08001677   Thumb Code    20  stm32f10x_rcc.o(.text)
    RCC_HSICmd                               0x0800168b   Thumb Code     6  stm32f10x_rcc.o(.text)
    RCC_PLLConfig                            0x08001691   Thumb Code    24  stm32f10x_rcc.o(.text)
    RCC_PLLCmd                               0x080016a9   Thumb Code     6  stm32f10x_rcc.o(.text)
    RCC_SYSCLKConfig                         0x080016af   Thumb Code    18  stm32f10x_rcc.o(.text)
    RCC_GetSYSCLKSource                      0x080016c1   Thumb Code    10  stm32f10x_rcc.o(.text)
    RCC_HCLKConfig                           0x080016cb   Thumb Code    18  stm32f10x_rcc.o(.text)
    RCC_PCLK1Config                          0x080016dd   Thumb Code    18  stm32f10x_rcc.o(.text)
    RCC_PCLK2Config                          0x080016ef   Thumb Code    20  stm32f10x_rcc.o(.text)
    RCC_ITConfig                             0x08001703   Thumb Code    26  stm32f10x_rcc.o(.text)
    RCC_USBCLKConfig                         0x0800171d   Thumb Code     8  stm32f10x_rcc.o(.text)
    RCC_ADCCLKConfig                         0x08001725   Thumb Code    18  stm32f10x_rcc.o(.text)
    RCC_LSEConfig                            0x08001737   Thumb Code    50  stm32f10x_rcc.o(.text)
    RCC_LSICmd                               0x08001769   Thumb Code     6  stm32f10x_rcc.o(.text)
    RCC_RTCCLKConfig                         0x0800176f   Thumb Code    12  stm32f10x_rcc.o(.text)
    RCC_RTCCLKCmd                            0x0800177b   Thumb Code     8  stm32f10x_rcc.o(.text)
    RCC_GetClocksFreq                        0x08001783   Thumb Code   192  stm32f10x_rcc.o(.text)
    RCC_AHBPeriphClockCmd                    0x08001843   Thumb Code    26  stm32f10x_rcc.o(.text)
    RCC_APB2PeriphClockCmd                   0x0800185d   Thumb Code    26  stm32f10x_rcc.o(.text)
    RCC_APB1PeriphClockCmd                   0x08001877   Thumb Code    26  stm32f10x_rcc.o(.text)
    RCC_APB2PeriphResetCmd                   0x08001891   Thumb Code    26  stm32f10x_rcc.o(.text)
    RCC_APB1PeriphResetCmd                   0x080018ab   Thumb Code    26  stm32f10x_rcc.o(.text)
    RCC_BackupResetCmd                       0x080018c5   Thumb Code     8  stm32f10x_rcc.o(.text)
    RCC_ClockSecuritySystemCmd               0x080018cd   Thumb Code     6  stm32f10x_rcc.o(.text)
    RCC_MCOConfig                            0x080018d3   Thumb Code     6  stm32f10x_rcc.o(.text)
    RCC_ClearFlag                            0x080018d9   Thumb Code    14  stm32f10x_rcc.o(.text)
    RCC_GetITStatus                          0x080018e7   Thumb Code    20  stm32f10x_rcc.o(.text)
    RCC_ClearITPendingBit                    0x080018fb   Thumb Code     6  stm32f10x_rcc.o(.text)
    Reset_Handler                            0x08001925   Thumb Code     8  startup_stm32f10x_md.o(.text)
    NMI_Handler                              0x0800192d   Thumb Code     2  startup_stm32f10x_md.o(.text)
    HardFault_Handler                        0x0800192f   Thumb Code     2  startup_stm32f10x_md.o(.text)
    MemManage_Handler                        0x08001931   Thumb Code     2  startup_stm32f10x_md.o(.text)
    BusFault_Handler                         0x08001933   Thumb Code     2  startup_stm32f10x_md.o(.text)
    UsageFault_Handler                       0x08001935   Thumb Code     2  startup_stm32f10x_md.o(.text)
    SVC_Handler                              0x08001937   Thumb Code     2  startup_stm32f10x_md.o(.text)
    DebugMon_Handler                         0x08001939   Thumb Code     2  startup_stm32f10x_md.o(.text)
    PendSV_Handler                           0x0800193b   Thumb Code     2  startup_stm32f10x_md.o(.text)
    SysTick_Handler                          0x0800193d   Thumb Code     2  startup_stm32f10x_md.o(.text)
    ADC1_2_IRQHandler                        0x0800193f   Thumb Code     0  startup_stm32f10x_md.o(.text)
    CAN1_RX1_IRQHandler                      0x0800193f   Thumb Code     0  startup_stm32f10x_md.o(.text)
    CAN1_SCE_IRQHandler                      0x0800193f   Thumb Code     0  startup_stm32f10x_md.o(.text)
    DMA1_Channel1_IRQHandler                 0x0800193f   Thumb Code     0  startup_stm32f10x_md.o(.text)
    DMA1_Channel2_IRQHandler                 0x0800193f   Thumb Code     0  startup_stm32f10x_md.o(.text)
    DMA1_Channel3_IRQHandler                 0x0800193f   Thumb Code     0  startup_stm32f10x_md.o(.text)
    DMA1_Channel4_IRQHandler                 0x0800193f   Thumb Code     0  startup_stm32f10x_md.o(.text)
    DMA1_Channel5_IRQHandler                 0x0800193f   Thumb Code     0  startup_stm32f10x_md.o(.text)
    DMA1_Channel6_IRQHandler                 0x0800193f   Thumb Code     0  startup_stm32f10x_md.o(.text)
    DMA1_Channel7_IRQHandler                 0x0800193f   Thumb Code     0  startup_stm32f10x_md.o(.text)
    EXTI0_IRQHandler                         0x0800193f   Thumb Code     0  startup_stm32f10x_md.o(.text)
    EXTI15_10_IRQHandler                     0x0800193f   Thumb Code     0  startup_stm32f10x_md.o(.text)
    EXTI1_IRQHandler                         0x0800193f   Thumb Code     0  startup_stm32f10x_md.o(.text)
    EXTI2_IRQHandler                         0x0800193f   Thumb Code     0  startup_stm32f10x_md.o(.text)
    EXTI3_IRQHandler                         0x0800193f   Thumb Code     0  startup_stm32f10x_md.o(.text)
    EXTI4_IRQHandler                         0x0800193f   Thumb Code     0  startup_stm32f10x_md.o(.text)
    EXTI9_5_IRQHandler                       0x0800193f   Thumb Code     0  startup_stm32f10x_md.o(.text)
    FLASH_IRQHandler                         0x0800193f   Thumb Code     0  startup_stm32f10x_md.o(.text)
    I2C1_ER_IRQHandler                       0x0800193f   Thumb Code     0  startup_stm32f10x_md.o(.text)
    I2C1_EV_IRQHandler                       0x0800193f   Thumb Code     0  startup_stm32f10x_md.o(.text)
    I2C2_ER_IRQHandler                       0x0800193f   Thumb Code     0  startup_stm32f10x_md.o(.text)
    I2C2_EV_IRQHandler                       0x0800193f   Thumb Code     0  startup_stm32f10x_md.o(.text)
    PVD_IRQHandler                           0x0800193f   Thumb Code     0  startup_stm32f10x_md.o(.text)
    RCC_IRQHandler                           0x0800193f   Thumb Code     0  startup_stm32f10x_md.o(.text)
    RTCAlarm_IRQHandler                      0x0800193f   Thumb Code     0  startup_stm32f10x_md.o(.text)
    RTC_IRQHandler                           0x0800193f   Thumb Code     0  startup_stm32f10x_md.o(.text)
    SPI1_IRQHandler                          0x0800193f   Thumb Code     0  startup_stm32f10x_md.o(.text)
    SPI2_IRQHandler                          0x0800193f   Thumb Code     0  startup_stm32f10x_md.o(.text)
    TAMPER_IRQHandler                        0x0800193f   Thumb Code     0  startup_stm32f10x_md.o(.text)
    TIM1_BRK_IRQHandler                      0x0800193f   Thumb Code     0  startup_stm32f10x_md.o(.text)
    TIM1_CC_IRQHandler                       0x0800193f   Thumb Code     0  startup_stm32f10x_md.o(.text)
    TIM1_TRG_COM_IRQHandler                  0x0800193f   Thumb Code     0  startup_stm32f10x_md.o(.text)
    TIM1_UP_IRQHandler                       0x0800193f   Thumb Code     0  startup_stm32f10x_md.o(.text)
    TIM2_IRQHandler                          0x0800193f   Thumb Code     0  startup_stm32f10x_md.o(.text)
    TIM3_IRQHandler                          0x0800193f   Thumb Code     0  startup_stm32f10x_md.o(.text)
    TIM4_IRQHandler                          0x0800193f   Thumb Code     0  startup_stm32f10x_md.o(.text)
    USART1_IRQHandler                        0x0800193f   Thumb Code     0  startup_stm32f10x_md.o(.text)
    USART2_IRQHandler                        0x0800193f   Thumb Code     0  startup_stm32f10x_md.o(.text)
    USART3_IRQHandler                        0x0800193f   Thumb Code     0  startup_stm32f10x_md.o(.text)
    USBWakeUp_IRQHandler                     0x0800193f   Thumb Code     0  startup_stm32f10x_md.o(.text)
    USB_HP_CAN1_TX_IRQHandler                0x0800193f   Thumb Code     0  startup_stm32f10x_md.o(.text)
    USB_LP_CAN1_RX0_IRQHandler               0x0800193f   Thumb Code     0  startup_stm32f10x_md.o(.text)
    WWDG_IRQHandler                          0x0800193f   Thumb Code     0  startup_stm32f10x_md.o(.text)
    __user_initial_stackheap                 0x08001941   Thumb Code     0  startup_stm32f10x_md.o(.text)
    SystemInit                               0x08001a43   Thumb Code    78  system_stm32f10x.o(.text)
    SystemCoreClockUpdate                    0x08001a91   Thumb Code   142  system_stm32f10x.o(.text)
    __2sprintf                               0x08001b45   Thumb Code    34  noretval__2sprintf.o(.text)
    _printf_pre_padding                      0x08001b6d   Thumb Code    44  _printf_pad.o(.text)
    _printf_post_padding                     0x08001b99   Thumb Code    34  _printf_pad.o(.text)
    _printf_truncate_signed                  0x08001bbb   Thumb Code    18  _printf_truncate.o(.text)
    _printf_truncate_unsigned                0x08001bcd   Thumb Code    18  _printf_truncate.o(.text)
    _printf_str                              0x08001bdf   Thumb Code    82  _printf_str.o(.text)
    _printf_int_dec                          0x08001c31   Thumb Code   104  _printf_dec.o(.text)
    _printf_wctomb                           0x08001ca9   Thumb Code   182  _printf_wctomb.o(.text)
    _printf_int_oct                          0x08001d65   Thumb Code    72  _printf_oct_int.o(.text)
    _printf_longlong_oct                     0x08001d65   Thumb Code     0  _printf_oct_int.o(.text)
    _printf_int_hex                          0x08001db5   Thumb Code    84  _printf_hex_int.o(.text)
    _printf_longlong_hex                     0x08001db5   Thumb Code     0  _printf_hex_int.o(.text)
    __printf                                 0x08001e0d   Thumb Code   388  __printf_flags_ss_wp.o(.text)
    __use_two_region_memory                  0x08001f95   Thumb Code     2  heapauxi.o(.text)
    __rt_heap_escrow$2region                 0x08001f97   Thumb Code     2  heapauxi.o(.text)
    __rt_heap_expand$2region                 0x08001f99   Thumb Code     2  heapauxi.o(.text)
    _printf_int_common                       0x08001f9b   Thumb Code   178  _printf_intcommon.o(.text)
    _printf_char_common                      0x08002057   Thumb Code    32  _printf_char_common.o(.text)
    _sputc                                   0x0800207d   Thumb Code    10  _sputc.o(.text)
    _printf_cs_common                        0x08002087   Thumb Code    20  _printf_char.o(.text)
    _printf_char                             0x0800209b   Thumb Code    16  _printf_char.o(.text)
    _printf_string                           0x080020ab   Thumb Code     8  _printf_char.o(.text)
    _printf_lcs_common                       0x080020b3   Thumb Code    20  _printf_wchar.o(.text)
    _printf_wchar                            0x080020c7   Thumb Code    16  _printf_wchar.o(.text)
    _printf_wstring                          0x080020d7   Thumb Code     8  _printf_wchar.o(.text)
    _wcrtomb                                 0x080020df   Thumb Code    64  _wcrtomb.o(.text)
    __rt_ctype_table                         0x08002121   Thumb Code    16  rt_ctype_table.o(.text)
    __user_setup_stackheap                   0x08002131   Thumb Code    74  sys_stackheap_outer.o(.text)
    __rt_locale                              0x0800217d   Thumb Code     8  rt_locale_intlibspace.o(.text)
    exit                                     0x08002185   Thumb Code    18  exit.o(.text)
    __user_libspace                          0x08002199   Thumb Code     8  libspace.o(.text)
    __user_perproc_libspace                  0x08002199   Thumb Code     0  libspace.o(.text)
    __user_perthread_libspace                0x08002199   Thumb Code     0  libspace.o(.text)
    strcmp                                   0x080021a1   Thumb Code   128  strcmpv7m.o(.text)
    _sys_exit                                0x08002221   Thumb Code     8  sys_exit.o(.text)
    __I$use$semihosting                      0x0800222d   Thumb Code     0  use_no_semi.o(.text)
    __use_no_semihosting_swi                 0x0800222d   Thumb Code     2  use_no_semi.o(.text)
    __semihosting_library_function           0x0800222f   Thumb Code     0  indicate_semi.o(.text)
    _is_digit                                0x0800222f   Thumb Code    14  __printf_wp.o(i._is_digit)
    _get_lc_ctype                            0x0800223d   Thumb Code    44  lc_ctype_c.o(locale$$code)
    Region$$Table$$Base                      0x080022ac   Number         0  anon$$obj.o(Region$$Table)
    Region$$Table$$Limit                     0x080022cc   Number         0  anon$$obj.o(Region$$Table)
    __ctype                                  0x080022d9   Data           0  lc_ctype_c.o(locale$$data)
    D                                        0x20000000   Data           1  main.o(.data)
    d                                        0x20000001   Data           1  main.o(.data)
    M                                        0x20000002   Data           1  main.o(.data)
    y                                        0x20000003   Data           1  main.o(.data)
    h                                        0x20000004   Data           1  main.o(.data)
    m                                        0x20000005   Data           1  main.o(.data)
    s                                        0x20000006   Data           1  main.o(.data)
    buf                                      0x20000007   Data           4  main.o(.data)
    SystemCoreClock                          0x20000028   Data           4  system_stm32f10x.o(.data)
    AHBPrescTable                            0x2000002c   Data          16  system_stm32f10x.o(.data)
    __libspace_start                         0x2000003c   Data          96  libspace.o(.bss)
    __temporary_stack_top$libspace           0x2000009c   Data           0  libspace.o(.bss)



==============================================================================

Memory Map of the image

  Image Entry point : 0x080000ed

  Load Region LR_IROM1 (Base: 0x08000000, Size: 0x00002418, Max: 0x00010000, ABSOLUTE)

    Execution Region ER_IROM1 (Exec base: 0x08000000, Load base: 0x08000000, Size: 0x000023dc, Max: 0x00010000, ABSOLUTE)

    Exec Addr    Load Addr    Size         Type   Attr      Idx    E Section Name        Object

    0x08000000   0x08000000   0x000000ec   Data   RO          316    RESET               startup_stm32f10x_md.o
    0x080000ec   0x080000ec   0x00000008   Code   RO          427  * !!!main             c_w.l(__main.o)
    0x080000f4   0x080000f4   0x00000034   Code   RO          614    !!!scatter          c_w.l(__scatter.o)
    0x08000128   0x08000128   0x0000001a   Code   RO          616    !!handler_copy      c_w.l(__scatter_copy.o)
    0x08000142   0x08000142   0x00000002   PAD
    0x08000144   0x08000144   0x0000001c   Code   RO          618    !!handler_zi        c_w.l(__scatter_zi.o)
    0x08000160   0x08000160   0x00000000   Code   RO          423    .ARM.Collect$$_printf_percent$$00000000  c_w.l(_printf_percent.o)
    0x08000160   0x08000160   0x00000006   Code   RO          420    .ARM.Collect$$_printf_percent$$00000008  c_w.l(_printf_i.o)
    0x08000166   0x08000166   0x00000006   Code   RO          421    .ARM.Collect$$_printf_percent$$00000009  c_w.l(_printf_d.o)
    0x0800016c   0x0800016c   0x00000006   Code   RO          422    .ARM.Collect$$_printf_percent$$0000000A  c_w.l(_printf_u.o)
    0x08000172   0x08000172   0x00000006   Code   RO          419    .ARM.Collect$$_printf_percent$$0000000B  c_w.l(_printf_o.o)
    0x08000178   0x08000178   0x00000006   Code   RO          418    .ARM.Collect$$_printf_percent$$0000000C  c_w.l(_printf_x.o)
    0x0800017e   0x0800017e   0x0000000a   Code   RO          441    .ARM.Collect$$_printf_percent$$00000012  c_w.l(_printf_l.o)
    0x08000188   0x08000188   0x00000006   Code   RO          417    .ARM.Collect$$_printf_percent$$00000013  c_w.l(_printf_c.o)
    0x0800018e   0x0800018e   0x00000006   Code   RO          424    .ARM.Collect$$_printf_percent$$00000015  c_w.l(_printf_lc.o)
    0x08000194   0x08000194   0x00000004   Code   RO          440    .ARM.Collect$$_printf_percent$$00000017  c_w.l(_printf_percent_end.o)
    0x08000198   0x08000198   0x00000002   Code   RO          480    .ARM.Collect$$libinit$$00000000  c_w.l(libinit.o)
    0x0800019a   0x0800019a   0x00000000   Code   RO          489    .ARM.Collect$$libinit$$00000002  c_w.l(libinit2.o)
    0x0800019a   0x0800019a   0x00000000   Code   RO          491    .ARM.Collect$$libinit$$00000004  c_w.l(libinit2.o)
    0x0800019a   0x0800019a   0x00000000   Code   RO          494    .ARM.Collect$$libinit$$0000000A  c_w.l(libinit2.o)
    0x0800019a   0x0800019a   0x00000000   Code   RO          496    .ARM.Collect$$libinit$$0000000C  c_w.l(libinit2.o)
    0x0800019a   0x0800019a   0x00000000   Code   RO          498    .ARM.Collect$$libinit$$0000000E  c_w.l(libinit2.o)
    0x0800019a   0x0800019a   0x00000006   Code   RO          499    .ARM.Collect$$libinit$$0000000F  c_w.l(libinit2.o)
    0x080001a0   0x080001a0   0x00000000   Code   RO          501    .ARM.Collect$$libinit$$00000011  c_w.l(libinit2.o)
    0x080001a0   0x080001a0   0x0000000c   Code   RO          502    .ARM.Collect$$libinit$$00000012  c_w.l(libinit2.o)
    0x080001ac   0x080001ac   0x00000000   Code   RO          503    .ARM.Collect$$libinit$$00000013  c_w.l(libinit2.o)
    0x080001ac   0x080001ac   0x00000000   Code   RO          505    .ARM.Collect$$libinit$$00000015  c_w.l(libinit2.o)
    0x080001ac   0x080001ac   0x00000000   Code   RO          507    .ARM.Collect$$libinit$$00000017  c_w.l(libinit2.o)
    0x080001ac   0x080001ac   0x00000000   Code   RO          509    .ARM.Collect$$libinit$$00000019  c_w.l(libinit2.o)
    0x080001ac   0x080001ac   0x00000000   Code   RO          511    .ARM.Collect$$libinit$$0000001B  c_w.l(libinit2.o)
    0x080001ac   0x080001ac   0x00000000   Code   RO          513    .ARM.Collect$$libinit$$0000001D  c_w.l(libinit2.o)
    0x080001ac   0x080001ac   0x00000000   Code   RO          515    .ARM.Collect$$libinit$$0000001F  c_w.l(libinit2.o)
    0x080001ac   0x080001ac   0x00000000   Code   RO          517    .ARM.Collect$$libinit$$00000021  c_w.l(libinit2.o)
    0x080001ac   0x080001ac   0x00000000   Code   RO          519    .ARM.Collect$$libinit$$00000023  c_w.l(libinit2.o)
    0x080001ac   0x080001ac   0x00000000   Code   RO          521    .ARM.Collect$$libinit$$00000025  c_w.l(libinit2.o)
    0x080001ac   0x080001ac   0x00000000   Code   RO          525    .ARM.Collect$$libinit$$0000002C  c_w.l(libinit2.o)
    0x080001ac   0x080001ac   0x00000000   Code   RO          527    .ARM.Collect$$libinit$$0000002E  c_w.l(libinit2.o)
    0x080001ac   0x080001ac   0x00000000   Code   RO          529    .ARM.Collect$$libinit$$00000030  c_w.l(libinit2.o)
    0x080001ac   0x080001ac   0x00000000   Code   RO          531    .ARM.Collect$$libinit$$00000032  c_w.l(libinit2.o)
    0x080001ac   0x080001ac   0x00000002   Code   RO          532    .ARM.Collect$$libinit$$00000033  c_w.l(libinit2.o)
    0x080001ae   0x080001ae   0x00000002   Code   RO          552    .ARM.Collect$$libshutdown$$00000000  c_w.l(libshutdown.o)
    0x080001b0   0x080001b0   0x00000000   Code   RO          565    .ARM.Collect$$libshutdown$$00000002  c_w.l(libshutdown2.o)
    0x080001b0   0x080001b0   0x00000000   Code   RO          567    .ARM.Collect$$libshutdown$$00000004  c_w.l(libshutdown2.o)
    0x080001b0   0x080001b0   0x00000000   Code   RO          569    .ARM.Collect$$libshutdown$$00000006  c_w.l(libshutdown2.o)
    0x080001b0   0x080001b0   0x00000000   Code   RO          572    .ARM.Collect$$libshutdown$$00000009  c_w.l(libshutdown2.o)
    0x080001b0   0x080001b0   0x00000000   Code   RO          575    .ARM.Collect$$libshutdown$$0000000C  c_w.l(libshutdown2.o)
    0x080001b0   0x080001b0   0x00000000   Code   RO          577    .ARM.Collect$$libshutdown$$0000000E  c_w.l(libshutdown2.o)
    0x080001b0   0x080001b0   0x00000000   Code   RO          580    .ARM.Collect$$libshutdown$$00000011  c_w.l(libshutdown2.o)
    0x080001b0   0x080001b0   0x00000002   Code   RO          581    .ARM.Collect$$libshutdown$$00000012  c_w.l(libshutdown2.o)
    0x080001b2   0x080001b2   0x00000000   Code   RO          429    .ARM.Collect$$rtentry$$00000000  c_w.l(__rtentry.o)
    0x080001b2   0x080001b2   0x00000000   Code   RO          445    .ARM.Collect$$rtentry$$00000002  c_w.l(__rtentry2.o)
    0x080001b2   0x080001b2   0x00000006   Code   RO          457    .ARM.Collect$$rtentry$$00000004  c_w.l(__rtentry4.o)
    0x080001b8   0x080001b8   0x00000000   Code   RO          447    .ARM.Collect$$rtentry$$00000009  c_w.l(__rtentry2.o)
    0x080001b8   0x080001b8   0x00000004   Code   RO          448    .ARM.Collect$$rtentry$$0000000A  c_w.l(__rtentry2.o)
    0x080001bc   0x080001bc   0x00000000   Code   RO          450    .ARM.Collect$$rtentry$$0000000C  c_w.l(__rtentry2.o)
    0x080001bc   0x080001bc   0x00000008   Code   RO          451    .ARM.Collect$$rtentry$$0000000D  c_w.l(__rtentry2.o)
    0x080001c4   0x080001c4   0x00000002   Code   RO          484    .ARM.Collect$$rtexit$$00000000  c_w.l(rtexit.o)
    0x080001c6   0x080001c6   0x00000000   Code   RO          534    .ARM.Collect$$rtexit$$00000002  c_w.l(rtexit2.o)
    0x080001c6   0x080001c6   0x00000004   Code   RO          535    .ARM.Collect$$rtexit$$00000003  c_w.l(rtexit2.o)
    0x080001ca   0x080001ca   0x00000006   Code   RO          536    .ARM.Collect$$rtexit$$00000004  c_w.l(rtexit2.o)
    0x080001d0   0x080001d0   0x0000014c   Code   RO            4    .text               main.o
    0x0800031c   0x0800031c   0x0000005c   Code   RO           94    .text               delay.o
    0x08000378   0x08000378   0x0000033c   Code   RO          118    .text               ds1307.o
    0x080006b4   0x080006b4   0x000002ec   Code   RO          142    .text               i2c_ds1307.o
    0x080009a0   0x080009a0   0x00000254   Code   RO          166    .text               i2c.o
    0x08000bf4   0x08000bf4   0x0000022c   Code   RO          193    .text               i2c_lcd.o
    0x08000e20   0x08000e20   0x0000035c   Code   RO          243    .text               stm32f10x_gpio.o
    0x0800117c   0x0800117c   0x00000404   Code   RO          267    .text               stm32f10x_i2c.o
    0x08001580   0x08001580   0x000003a4   Code   RO          291    .text               stm32f10x_rcc.o
    0x08001924   0x08001924   0x00000040   Code   RO          317    .text               startup_stm32f10x_md.o
    0x08001964   0x08001964   0x000001e0   Code   RO          324    .text               system_stm32f10x.o
    0x08001b44   0x08001b44   0x00000028   Code   RO          355    .text               c_w.l(noretval__2sprintf.o)
    0x08001b6c   0x08001b6c   0x0000004e   Code   RO          359    .text               c_w.l(_printf_pad.o)
    0x08001bba   0x08001bba   0x00000024   Code   RO          361    .text               c_w.l(_printf_truncate.o)
    0x08001bde   0x08001bde   0x00000052   Code   RO          363    .text               c_w.l(_printf_str.o)
    0x08001c30   0x08001c30   0x00000078   Code   RO          365    .text               c_w.l(_printf_dec.o)
    0x08001ca8   0x08001ca8   0x000000bc   Code   RO          367    .text               c_w.l(_printf_wctomb.o)
    0x08001d64   0x08001d64   0x00000050   Code   RO          372    .text               c_w.l(_printf_oct_int.o)
    0x08001db4   0x08001db4   0x00000058   Code   RO          379    .text               c_w.l(_printf_hex_int.o)
    0x08001e0c   0x08001e0c   0x00000188   Code   RO          414    .text               c_w.l(__printf_flags_ss_wp.o)
    0x08001f94   0x08001f94   0x00000006   Code   RO          425    .text               c_w.l(heapauxi.o)
    0x08001f9a   0x08001f9a   0x000000b2   Code   RO          430    .text               c_w.l(_printf_intcommon.o)
    0x0800204c   0x0800204c   0x00000030   Code   RO          432    .text               c_w.l(_printf_char_common.o)
    0x0800207c   0x0800207c   0x0000000a   Code   RO          434    .text               c_w.l(_sputc.o)
    0x08002086   0x08002086   0x0000002c   Code   RO          436    .text               c_w.l(_printf_char.o)
    0x080020b2   0x080020b2   0x0000002c   Code   RO          438    .text               c_w.l(_printf_wchar.o)
    0x080020de   0x080020de   0x00000040   Code   RO          442    .text               c_w.l(_wcrtomb.o)
    0x0800211e   0x0800211e   0x00000002   PAD
    0x08002120   0x08002120   0x00000010   Code   RO          459    .text               c_w.l(rt_ctype_table.o)
    0x08002130   0x08002130   0x0000004a   Code   RO          463    .text               c_w.l(sys_stackheap_outer.o)
    0x0800217a   0x0800217a   0x00000002   PAD
    0x0800217c   0x0800217c   0x00000008   Code   RO          468    .text               c_w.l(rt_locale_intlibspace.o)
    0x08002184   0x08002184   0x00000012   Code   RO          473    .text               c_w.l(exit.o)
    0x08002196   0x08002196   0x00000002   PAD
    0x08002198   0x08002198   0x00000008   Code   RO          481    .text               c_w.l(libspace.o)
    0x080021a0   0x080021a0   0x00000080   Code   RO          486    .text               c_w.l(strcmpv7m.o)
    0x08002220   0x08002220   0x0000000c   Code   RO          544    .text               c_w.l(sys_exit.o)
    0x0800222c   0x0800222c   0x00000002   Code   RO          555    .text               c_w.l(use_no_semi.o)
    0x0800222e   0x0800222e   0x00000000   Code   RO          557    .text               c_w.l(indicate_semi.o)
    0x0800222e   0x0800222e   0x0000000e   Code   RO          407    i._is_digit         c_w.l(__printf_wp.o)
    0x0800223c   0x0800223c   0x0000002c   Code   RO          471    locale$$code        c_w.l(lc_ctype_c.o)
    0x08002268   0x08002268   0x00000008   Data   RO          368    .constdata          c_w.l(_printf_wctomb.o)
    0x08002270   0x08002270   0x00000028   Data   RO          380    .constdata          c_w.l(_printf_hex_int.o)
    0x08002298   0x08002298   0x00000011   Data   RO          415    .constdata          c_w.l(__printf_flags_ss_wp.o)
    0x080022a9   0x080022a9   0x00000003   PAD
    0x080022ac   0x080022ac   0x00000020   Data   RO          612    Region$$Table       anon$$obj.o
    0x080022cc   0x080022cc   0x00000110   Data   RO          470    locale$$data        c_w.l(lc_ctype_c.o)


    Execution Region RW_IRAM1 (Exec base: 0x20000000, Load base: 0x080023dc, Size: 0x000006a0, Max: 0x00005000, ABSOLUTE)

    Exec Addr    Load Addr    Size         Type   Attr      Idx    E Section Name        Object

    0x20000000   0x080023dc   0x0000000b   Data   RW            5    .data               main.o
    0x2000000b   0x080023e7   0x00000009   Data   RW          194    .data               i2c_lcd.o
    0x20000014   0x080023f0   0x00000014   Data   RW          292    .data               stm32f10x_rcc.o
    0x20000028   0x08002404   0x00000014   Data   RW          325    .data               system_stm32f10x.o
    0x2000003c        -       0x00000060   Zero   RW          482    .bss                c_w.l(libspace.o)
    0x2000009c   0x08002418   0x00000004   PAD
    0x200000a0        -       0x00000200   Zero   RW          315    HEAP                startup_stm32f10x_md.o
    0x200002a0        -       0x00000400   Zero   RW          314    STACK               startup_stm32f10x_md.o


==============================================================================

Image component sizes


      Code (inc. data)   RO Data    RW Data    ZI Data      Debug   Object Name

        92          6          0          0          0       1260   delay.o
       828          0          0          0          0       6600   ds1307.o
       596          6          0          0          0       2808   i2c.o
       748         20          0          0          0       4391   i2c_ds1307.o
       556          8          0          9          0       2679   i2c_lcd.o
       332         58          0         11          0     235119   main.o
        64         26        236          0       1536        828   startup_stm32f10x_md.o
       860         38          0          0          0       5953   stm32f10x_gpio.o
      1028         16          0          0          0       9447   stm32f10x_i2c.o
       932         36          0         20          0       9140   stm32f10x_rcc.o
       480         38          0         20          0       1935   system_stm32f10x.o

    ----------------------------------------------------------------------
      6516        252        268         60       1536     280160   Object Totals
         0          0         32          0          0          0   (incl. Generated)
         0          0          0          0          0          0   (incl. Padding)

    ----------------------------------------------------------------------

      Code (inc. data)   RO Data    RW Data    ZI Data      Debug   Library Member Name

         8          0          0          0          0         68   __main.o
       392          4         17          0          0         92   __printf_flags_ss_wp.o
        14          0          0          0          0         68   __printf_wp.o
         0          0          0          0          0          0   __rtentry.o
        12          0          0          0          0          0   __rtentry2.o
         6          0          0          0          0          0   __rtentry4.o
        52          8          0          0          0          0   __scatter.o
        26          0          0          0          0          0   __scatter_copy.o
        28          0          0          0          0          0   __scatter_zi.o
         6          0          0          0          0          0   _printf_c.o
        44          0          0          0          0        108   _printf_char.o
        48          6          0          0          0         96   _printf_char_common.o
         6          0          0          0          0          0   _printf_d.o
       120         16          0          0          0         92   _printf_dec.o
        88          4         40          0          0         88   _printf_hex_int.o
         6          0          0          0          0          0   _printf_i.o
       178          0          0          0          0         88   _printf_intcommon.o
        10          0          0          0          0          0   _printf_l.o
         6          0          0          0          0          0   _printf_lc.o
         6          0          0          0          0          0   _printf_o.o
        80          8          0          0          0         88   _printf_oct_int.o
        78          0          0          0          0        108   _printf_pad.o
         0          0          0          0          0          0   _printf_percent.o
         4          0          0          0          0          0   _printf_percent_end.o
        82          0          0          0          0         80   _printf_str.o
        36          0          0          0          0         84   _printf_truncate.o
         6          0          0          0          0          0   _printf_u.o
        44          0          0          0          0        108   _printf_wchar.o
       188          6          8          0          0         92   _printf_wctomb.o
         6          0          0          0          0          0   _printf_x.o
        10          0          0          0          0         68   _sputc.o
        64          0          0          0          0         92   _wcrtomb.o
        18          0          0          0          0         80   exit.o
         6          0          0          0          0        152   heapauxi.o
         0          0          0          0          0          0   indicate_semi.o
        44         10        272          0          0         76   lc_ctype_c.o
         2          0          0          0          0          0   libinit.o
        20          0          0          0          0          0   libinit2.o
         2          0          0          0          0          0   libshutdown.o
         2          0          0          0          0          0   libshutdown2.o
         8          4          0          0         96         68   libspace.o
        40          6          0          0          0         84   noretval__2sprintf.o
        16          4          0          0          0         76   rt_ctype_table.o
         8          4          0          0          0         68   rt_locale_intlibspace.o
         2          0          0          0          0          0   rtexit.o
        10          0          0          0          0          0   rtexit2.o
       128          0          0          0          0         68   strcmpv7m.o
        12          4          0          0          0         68   sys_exit.o
        74          0          0          0          0         80   sys_stackheap_outer.o
         2          0          0          0          0         68   use_no_semi.o

    ----------------------------------------------------------------------
      2056         84        340          0        100       2308   Library Totals
         8          0          3          0          4          0   (incl. Padding)

    ----------------------------------------------------------------------

      Code (inc. data)   RO Data    RW Data    ZI Data      Debug   Library Name

      2048         84        337          0         96       2308   c_w.l

    ----------------------------------------------------------------------
      2056         84        340          0        100       2308   Library Totals

    ----------------------------------------------------------------------

==============================================================================


      Code (inc. data)   RO Data    RW Data    ZI Data      Debug   

      8572        336        608         60       1636     280540   Grand Totals
      8572        336        608         60       1636     280540   ELF Image Totals
      8572        336        608         60          0          0   ROM Totals

==============================================================================

    Total RO  Size (Code + RO Data)                 9180 (   8.96kB)
    Total RW  Size (RW Data + ZI Data)              1696 (   1.66kB)
    Total ROM Size (Code + RO Data + RW Data)       9240 (   9.02kB)

==============================================================================

